2026-07-04 04:13:25.218 | INFO     | vocode.trainers.scratch_reproduction_runner:_announce_run:96 - Experiment vocode_checkpoint01_training_reproduction run_id=vocos_full_bf16bs32_20260704_0625 architecture=vocos seed=1234 evidence_category=project_trained_reproduction stage=train
2026-07-04 04:13:25.218 | INFO     | vocode.trainers.scratch_reproduction_runner:_announce_run:101 - Hypothesis: Project-trained vocos reproduces the published architecture under the VOCODE LJSpeech protocol with documented l40s bf16 bs32 compute deviations validated by bounded loss-safety gates.
2026-07-04 04:13:29.536 | INFO     | core.trainer:_sanity_check_validation:757 - Running 2 sanity validation batches
2026-07-04 04:13:33.443 | INFO     | loops.fit_loop:run:65 - Epoch 0/319
2026-07-04 04:14:50.094 | INFO     | loops.fit_loop:run:65 - Epoch 1/319
2026-07-04 04:15:43.613 | INFO     | loops.fit_loop:run:65 - Epoch 2/319
2026-07-04 04:16:40.644 | INFO     | loops.fit_loop:run:65 - Epoch 3/319
2026-07-04 04:17:34.647 | INFO     | loops.fit_loop:run:65 - Epoch 4/319
2026-07-04 04:18:28.968 | INFO     | loops.fit_loop:run:65 - Epoch 5/319
2026-07-04 04:19:23.475 | INFO     | loops.fit_loop:run:65 - Epoch 6/319
2026-07-04 04:20:17.560 | INFO     | loops.fit_loop:run:65 - Epoch 7/319
2026-07-04 04:21:11.999 | INFO     | loops.fit_loop:run:65 - Epoch 8/319
2026-07-04 04:22:06.148 | INFO     | loops.fit_loop:run:65 - Epoch 9/319
2026-07-04 04:23:00.346 | INFO     | loops.fit_loop:run:65 - Epoch 10/319
2026-07-04 04:23:55.025 | INFO     | loops.fit_loop:run:65 - Epoch 11/319
2026-07-04 04:24:49.634 | INFO     | loops.fit_loop:run:65 - Epoch 12/319
2026-07-04 04:25:35.982 | INFO     | callbacks.model_checkpoint:_save_checkpoint:200 - Checkpoint saved: last.ckpt duration_ms=1312.89 size_mb=642.22
2026-07-04 04:25:37.251 | INFO     | callbacks.model_checkpoint:_save_checkpoint:200 - Checkpoint saved: checkpoint-epoch12-step05000.ckpt duration_ms=1265.97 size_mb=642.22
2026-07-04 04:25:46.873 | INFO     | loops.fit_loop:run:65 - Epoch 13/319
2026-07-04 04:26:40.688 | INFO     | loops.fit_loop:run:65 - Epoch 14/319
2026-07-04 04:27:34.915 | INFO     | loops.fit_loop:run:65 - Epoch 15/319
2026-07-04 04:28:29.641 | INFO     | loops.fit_loop:run:65 - Epoch 16/319
2026-07-04 04:29:23.728 | INFO     | loops.fit_loop:run:65 - Epoch 17/319
2026-07-04 04:30:18.385 | INFO     | loops.fit_loop:run:65 - Epoch 18/319
2026-07-04 04:31:12.577 | INFO     | loops.fit_loop:run:65 - Epoch 19/319
2026-07-04 04:32:06.829 | INFO     | loops.fit_loop:run:65 - Epoch 20/319
2026-07-04 04:33:01.490 | INFO     | loops.fit_loop:run:65 - Epoch 21/319
2026-07-04 04:33:55.728 | INFO     | loops.fit_loop:run:65 - Epoch 22/319
2026-07-04 04:34:49.949 | INFO     | loops.fit_loop:run:65 - Epoch 23/319
2026-07-04 04:35:44.669 | INFO     | loops.fit_loop:run:65 - Epoch 24/319
2026-07-04 04:36:38.902 | INFO     | loops.fit_loop:run:65 - Epoch 25/319
2026-07-04 04:37:15.498 | INFO     | callbacks.model_checkpoint:_save_checkpoint:200 - Checkpoint saved: last.ckpt duration_ms=1323.92 size_mb=642.22
2026-07-04 04:37:16.790 | INFO     | callbacks.model_checkpoint:_save_checkpoint:200 - Checkpoint saved: checkpoint-epoch25-step10000.ckpt duration_ms=1288.73 size_mb=642.22
2026-07-04 04:37:36.143 | INFO     | loops.fit_loop:run:65 - Epoch 26/319
2026-07-04 04:38:30.217 | INFO     | loops.fit_loop:run:65 - Epoch 27/319
2026-07-04 04:39:24.198 | INFO     | loops.fit_loop:run:65 - Epoch 28/319
2026-07-04 04:40:18.688 | INFO     | loops.fit_loop:run:65 - Epoch 29/319
2026-07-04 04:41:12.706 | INFO     | loops.fit_loop:run:65 - Epoch 30/319
2026-07-04 04:42:07.153 | INFO     | loops.fit_loop:run:65 - Epoch 31/319
2026-07-04 04:43:01.120 | INFO     | loops.fit_loop:run:65 - Epoch 32/319
2026-07-04 04:43:54.827 | INFO     | loops.fit_loop:run:65 - Epoch 33/319
2026-07-04 04:44:48.960 | INFO     | loops.fit_loop:run:65 - Epoch 34/319
2026-07-04 04:45:42.694 | INFO     | loops.fit_loop:run:65 - Epoch 35/319
2026-07-04 04:46:36.791 | INFO     | loops.fit_loop:run:65 - Epoch 36/319
2026-07-04 04:47:30.466 | INFO     | loops.fit_loop:run:65 - Epoch 37/319
2026-07-04 04:48:24.848 | INFO     | loops.fit_loop:run:65 - Epoch 38/319
2026-07-04 04:48:51.923 | INFO     | callbacks.model_checkpoint:_save_checkpoint:200 - Checkpoint saved: last.ckpt duration_ms=1440.57 size_mb=642.22
2026-07-04 04:48:53.330 | INFO     | callbacks.model_checkpoint:_save_checkpoint:200 - Checkpoint saved: checkpoint-epoch38-step15000.ckpt duration_ms=1403.29 size_mb=642.22
2026-07-04 04:49:22.382 | INFO     | loops.fit_loop:run:65 - Epoch 39/319
2026-07-04 04:50:16.546 | INFO     | loops.fit_loop:run:65 - Epoch 40/319
2026-07-04 04:51:10.715 | INFO     | loops.fit_loop:run:65 - Epoch 41/319
2026-07-04 04:52:05.244 | INFO     | loops.fit_loop:run:65 - Epoch 42/319
2026-07-04 04:52:59.291 | INFO     | loops.fit_loop:run:65 - Epoch 43/319
2026-07-04 04:53:53.868 | INFO     | loops.fit_loop:run:65 - Epoch 44/319
2026-07-04 04:54:47.852 | INFO     | loops.fit_loop:run:65 - Epoch 45/319
2026-07-04 04:55:41.667 | INFO     | loops.fit_loop:run:65 - Epoch 46/319
2026-07-04 04:56:35.798 | INFO     | loops.fit_loop:run:65 - Epoch 47/319
2026-07-04 04:57:29.897 | INFO     | loops.fit_loop:run:65 - Epoch 48/319
2026-07-04 04:58:24.352 | INFO     | loops.fit_loop:run:65 - Epoch 49/319
2026-07-04 04:59:18.340 | INFO     | loops.fit_loop:run:65 - Epoch 50/319
2026-07-04 05:00:12.430 | INFO     | loops.fit_loop:run:65 - Epoch 51/319
2026-07-04 05:00:29.522 | INFO     | callbacks.model_checkpoint:_save_checkpoint:200 - Checkpoint saved: last.ckpt duration_ms=1268.12 size_mb=642.22
2026-07-04 05:00:30.965 | INFO     | callbacks.model_checkpoint:_save_checkpoint:200 - Checkpoint saved: checkpoint-epoch51-step20000.ckpt duration_ms=1440.00 size_mb=642.22
2026-07-04 05:01:09.668 | INFO     | loops.fit_loop:run:65 - Epoch 52/319
2026-07-04 05:02:03.620 | INFO     | loops.fit_loop:run:65 - Epoch 53/319
2026-07-04 05:02:58.015 | INFO     | loops.fit_loop:run:65 - Epoch 54/319
2026-07-04 05:03:52.013 | INFO     | loops.fit_loop:run:65 - Epoch 55/319
2026-07-04 05:04:46.180 | INFO     | loops.fit_loop:run:65 - Epoch 56/319
2026-07-04 05:05:40.794 | INFO     | loops.fit_loop:run:65 - Epoch 57/319
2026-07-04 05:06:34.790 | INFO     | loops.fit_loop:run:65 - Epoch 58/319
2026-07-04 05:07:29.218 | INFO     | loops.fit_loop:run:65 - Epoch 59/319
2026-07-04 05:08:23.169 | INFO     | loops.fit_loop:run:65 - Epoch 60/319
2026-07-04 05:09:17.138 | INFO     | loops.fit_loop:run:65 - Epoch 61/319
2026-07-04 05:10:11.544 | INFO     | loops.fit_loop:run:65 - Epoch 62/319
2026-07-04 05:11:05.503 | INFO     | loops.fit_loop:run:65 - Epoch 63/319
2026-07-04 05:12:00.764 | INFO     | loops.fit_loop:run:65 - Epoch 64/319
2026-07-04 05:12:09.902 | INFO     | callbacks.model_checkpoint:_save_checkpoint:200 - Checkpoint saved: last.ckpt duration_ms=1351.95 size_mb=642.22
2026-07-04 05:12:11.233 | INFO     | callbacks.model_checkpoint:_save_checkpoint:200 - Checkpoint saved: checkpoint-epoch64-step25000.ckpt duration_ms=1327.19 size_mb=642.22
2026-07-04 05:13:01.409 | INFO     | loops.fit_loop:run:65 - Epoch 65/319
2026-07-04 05:13:55.272 | INFO     | loops.fit_loop:run:65 - Epoch 66/319
2026-07-04 05:14:50.246 | INFO     | loops.fit_loop:run:65 - Epoch 67/319
2026-07-04 05:15:44.367 | INFO     | loops.fit_loop:run:65 - Epoch 68/319
2026-07-04 05:16:38.715 | INFO     | loops.fit_loop:run:65 - Epoch 69/319
2026-07-04 05:17:33.125 | INFO     | loops.fit_loop:run:65 - Epoch 70/319
2026-07-04 05:18:27.060 | INFO     | loops.fit_loop:run:65 - Epoch 71/319
2026-07-04 05:19:21.469 | INFO     | loops.fit_loop:run:65 - Epoch 72/319
2026-07-04 05:20:15.468 | INFO     | loops.fit_loop:run:65 - Epoch 73/319
2026-07-04 05:21:09.415 | INFO     | loops.fit_loop:run:65 - Epoch 74/319
2026-07-04 05:22:03.806 | INFO     | loops.fit_loop:run:65 - Epoch 75/319
2026-07-04 05:22:57.936 | INFO     | loops.fit_loop:run:65 - Epoch 76/319
2026-07-04 05:23:49.776 | INFO     | callbacks.model_checkpoint:_save_checkpoint:200 - Checkpoint saved: last.ckpt duration_ms=1297.32 size_mb=642.22
2026-07-04 05:23:53.877 | INFO     | loops.fit_loop:run:65 - Epoch 77/319
2026-07-04 05:24:47.918 | INFO     | loops.fit_loop:run:65 - Epoch 78/319
2026-07-04 05:25:41.957 | INFO     | loops.fit_loop:run:65 - Epoch 79/319
2026-07-04 05:26:36.353 | INFO     | loops.fit_loop:run:65 - Epoch 80/319
2026-07-04 05:27:30.243 | INFO     | loops.fit_loop:run:65 - Epoch 81/319
2026-07-04 05:28:24.198 | INFO     | loops.fit_loop:run:65 - Epoch 82/319
2026-07-04 05:29:18.879 | INFO     | loops.fit_loop:run:65 - Epoch 83/319
2026-07-04 05:30:13.072 | INFO     | loops.fit_loop:run:65 - Epoch 84/319
2026-07-04 05:31:07.767 | INFO     | loops.fit_loop:run:65 - Epoch 85/319
2026-07-04 05:32:02.058 | INFO     | loops.fit_loop:run:65 - Epoch 86/319
2026-07-04 05:32:56.356 | INFO     | loops.fit_loop:run:65 - Epoch 87/319
2026-07-04 05:33:51.015 | INFO     | loops.fit_loop:run:65 - Epoch 88/319
2026-07-04 05:34:45.181 | INFO     | loops.fit_loop:run:65 - Epoch 89/319
2026-07-04 05:35:27.204 | INFO     | callbacks.model_checkpoint:_save_checkpoint:200 - Checkpoint saved: last.ckpt duration_ms=1266.06 size_mb=642.22
2026-07-04 05:35:28.429 | INFO     | callbacks.model_checkpoint:_save_checkpoint:200 - Checkpoint saved: checkpoint-epoch89-step35000.ckpt duration_ms=1221.80 size_mb=642.22
2026-07-04 05:35:42.353 | INFO     | loops.fit_loop:run:65 - Epoch 90/319
2026-07-04 05:36:36.192 | INFO     | loops.fit_loop:run:65 - Epoch 91/319
2026-07-04 05:37:30.187 | INFO     | loops.fit_loop:run:65 - Epoch 92/319
2026-07-04 05:38:24.542 | INFO     | loops.fit_loop:run:65 - Epoch 93/319
2026-07-04 05:39:18.501 | INFO     | loops.fit_loop:run:65 - Epoch 94/319
2026-07-04 05:40:12.880 | INFO     | loops.fit_loop:run:65 - Epoch 95/319
2026-07-04 05:41:06.741 | INFO     | loops.fit_loop:run:65 - Epoch 96/319
2026-07-04 05:42:00.763 | INFO     | loops.fit_loop:run:65 - Epoch 97/319
2026-07-04 05:42:55.198 | INFO     | loops.fit_loop:run:65 - Epoch 98/319
2026-07-04 05:43:49.171 | INFO     | loops.fit_loop:run:65 - Epoch 99/319
2026-07-04 05:44:43.584 | INFO     | loops.fit_loop:run:65 - Epoch 100/319
2026-07-04 05:45:37.538 | INFO     | loops.fit_loop:run:65 - Epoch 101/319
2026-07-04 05:46:31.543 | INFO     | loops.fit_loop:run:65 - Epoch 102/319
2026-07-04 05:47:03.973 | INFO     | callbacks.model_checkpoint:_save_checkpoint:200 - Checkpoint saved: last.ckpt duration_ms=1415.13 size_mb=642.22
2026-07-04 05:47:05.391 | INFO     | callbacks.model_checkpoint:_save_checkpoint:200 - Checkpoint saved: checkpoint-epoch102-step40000.ckpt duration_ms=1413.99 size_mb=642.22
2026-07-04 05:47:28.834 | INFO     | loops.fit_loop:run:65 - Epoch 103/319
2026-07-04 05:48:22.828 | INFO     | loops.fit_loop:run:65 - Epoch 104/319
2026-07-04 05:49:16.774 | INFO     | loops.fit_loop:run:65 - Epoch 105/319
2026-07-04 05:50:11.327 | INFO     | loops.fit_loop:run:65 - Epoch 106/319
2026-07-04 05:51:05.324 | INFO     | loops.fit_loop:run:65 - Epoch 107/319
2026-07-04 05:51:59.867 | INFO     | loops.fit_loop:run:65 - Epoch 108/319
2026-07-04 05:52:53.760 | INFO     | loops.fit_loop:run:65 - Epoch 109/319
2026-07-04 05:53:47.731 | INFO     | loops.fit_loop:run:65 - Epoch 110/319
2026-07-04 05:54:42.076 | INFO     | loops.fit_loop:run:65 - Epoch 111/319
2026-07-04 05:55:35.978 | INFO     | loops.fit_loop:run:65 - Epoch 112/319
2026-07-04 05:56:30.393 | INFO     | loops.fit_loop:run:65 - Epoch 113/319
2026-07-04 05:57:24.457 | INFO     | loops.fit_loop:run:65 - Epoch 114/319
2026-07-04 05:58:18.495 | INFO     | loops.fit_loop:run:65 - Epoch 115/319
2026-07-04 05:58:41.279 | INFO     | callbacks.model_checkpoint:_save_checkpoint:200 - Checkpoint saved: last.ckpt duration_ms=1374.42 size_mb=642.22
2026-07-04 05:59:14.383 | INFO     | loops.fit_loop:run:65 - Epoch 116/319
2026-07-04 06:00:08.427 | INFO     | loops.fit_loop:run:65 - Epoch 117/319
2026-07-04 06:01:02.997 | INFO     | loops.fit_loop:run:65 - Epoch 118/319
2026-07-04 06:01:56.971 | INFO     | loops.fit_loop:run:65 - Epoch 119/319
2026-07-04 06:02:50.923 | INFO     | loops.fit_loop:run:65 - Epoch 120/319
2026-07-04 06:03:45.378 | INFO     | loops.fit_loop:run:65 - Epoch 121/319
2026-07-04 06:04:39.272 | INFO     | loops.fit_loop:run:65 - Epoch 122/319
2026-07-04 06:05:33.269 | INFO     | loops.fit_loop:run:65 - Epoch 123/319
2026-07-04 06:06:27.634 | INFO     | loops.fit_loop:run:65 - Epoch 124/319
2026-07-04 06:07:21.586 | INFO     | loops.fit_loop:run:65 - Epoch 125/319
2026-07-04 06:08:16.117 | INFO     | loops.fit_loop:run:65 - Epoch 126/319
2026-07-04 06:09:10.299 | INFO     | loops.fit_loop:run:65 - Epoch 127/319
2026-07-04 06:10:04.405 | INFO     | loops.fit_loop:run:65 - Epoch 128/319
2026-07-04 06:10:17.520 | INFO     | callbacks.model_checkpoint:_save_checkpoint:200 - Checkpoint saved: last.ckpt duration_ms=1429.18 size_mb=642.22
2026-07-04 06:10:18.949 | INFO     | callbacks.model_checkpoint:_save_checkpoint:200 - Checkpoint saved: checkpoint-epoch128-step50000.ckpt duration_ms=1425.29 size_mb=642.22
2026-07-04 06:11:01.869 | INFO     | loops.fit_loop:run:65 - Epoch 129/319
2026-07-04 06:11:55.776 | INFO     | loops.fit_loop:run:65 - Epoch 130/319
2026-07-04 06:12:50.106 | INFO     | loops.fit_loop:run:65 - Epoch 131/319
2026-07-04 06:13:44.068 | INFO     | loops.fit_loop:run:65 - Epoch 132/319
2026-07-04 06:14:37.908 | INFO     | loops.fit_loop:run:65 - Epoch 133/319
2026-07-04 06:15:32.297 | INFO     | loops.fit_loop:run:65 - Epoch 134/319
2026-07-04 06:16:26.243 | INFO     | loops.fit_loop:run:65 - Epoch 135/319
2026-07-04 06:17:20.623 | INFO     | loops.fit_loop:run:65 - Epoch 136/319
2026-07-04 06:18:14.622 | INFO     | loops.fit_loop:run:65 - Epoch 137/319
2026-07-04 06:19:08.595 | INFO     | loops.fit_loop:run:65 - Epoch 138/319
2026-07-04 06:20:03.346 | INFO     | loops.fit_loop:run:65 - Epoch 139/319
2026-07-04 06:20:57.620 | INFO     | loops.fit_loop:run:65 - Epoch 140/319
2026-07-04 06:21:51.762 | INFO     | loops.fit_loop:run:65 - Epoch 141/319
2026-07-04 06:21:55.205 | INFO     | callbacks.model_checkpoint:_save_checkpoint:200 - Checkpoint saved: last.ckpt duration_ms=1400.09 size_mb=642.22
2026-07-04 06:22:47.673 | INFO     | loops.fit_loop:run:65 - Epoch 142/319
2026-07-04 06:23:41.587 | INFO     | loops.fit_loop:run:65 - Epoch 143/319
2026-07-04 06:24:35.943 | INFO     | loops.fit_loop:run:65 - Epoch 144/319
2026-07-04 06:25:29.962 | INFO     | loops.fit_loop:run:65 - Epoch 145/319
2026-07-04 06:26:24.033 | INFO     | loops.fit_loop:run:65 - Epoch 146/319
2026-07-04 06:27:18.637 | INFO     | loops.fit_loop:run:65 - Epoch 147/319
2026-07-04 06:28:12.699 | INFO     | loops.fit_loop:run:65 - Epoch 148/319
2026-07-04 06:29:07.494 | INFO     | loops.fit_loop:run:65 - Epoch 149/319
2026-07-04 06:30:01.414 | INFO     | loops.fit_loop:run:65 - Epoch 150/319
2026-07-04 06:30:55.228 | INFO     | loops.fit_loop:run:65 - Epoch 151/319
2026-07-04 06:31:49.505 | INFO     | loops.fit_loop:run:65 - Epoch 152/319
2026-07-04 06:32:43.557 | INFO     | loops.fit_loop:run:65 - Epoch 153/319
2026-07-04 06:33:31.464 | INFO     | callbacks.model_checkpoint:_save_checkpoint:200 - Checkpoint saved: last.ckpt duration_ms=1239.22 size_mb=642.22
2026-07-04 06:33:39.838 | INFO     | loops.fit_loop:run:65 - Epoch 154/319
2026-07-04 06:34:34.230 | INFO     | loops.fit_loop:run:65 - Epoch 155/319
2026-07-04 06:35:28.546 | INFO     | loops.fit_loop:run:65 - Epoch 156/319
2026-07-04 06:36:23.226 | INFO     | loops.fit_loop:run:65 - Epoch 157/319
2026-07-04 06:37:17.462 | INFO     | loops.fit_loop:run:65 - Epoch 158/319
2026-07-04 06:38:12.217 | INFO     | loops.fit_loop:run:65 - Epoch 159/319
2026-07-04 06:39:06.275 | INFO     | loops.fit_loop:run:65 - Epoch 160/319
2026-07-04 06:40:00.232 | INFO     | loops.fit_loop:run:65 - Epoch 161/319
2026-07-04 06:40:54.776 | INFO     | loops.fit_loop:run:65 - Epoch 162/319
2026-07-04 06:41:48.911 | INFO     | loops.fit_loop:run:65 - Epoch 163/319
2026-07-04 06:42:42.879 | INFO     | loops.fit_loop:run:65 - Epoch 164/319
2026-07-04 06:43:37.257 | INFO     | loops.fit_loop:run:65 - Epoch 165/319
2026-07-04 06:44:31.204 | INFO     | loops.fit_loop:run:65 - Epoch 166/319
2026-07-04 06:45:09.068 | INFO     | callbacks.model_checkpoint:_save_checkpoint:200 - Checkpoint saved: last.ckpt duration_ms=1263.93 size_mb=642.22
2026-07-04 06:45:10.333 | INFO     | callbacks.model_checkpoint:_save_checkpoint:200 - Checkpoint saved: checkpoint-epoch166-step65000.ckpt duration_ms=1261.53 size_mb=642.22
2026-07-04 06:45:28.375 | INFO     | loops.fit_loop:run:65 - Epoch 167/319
2026-07-04 06:46:22.569 | INFO     | loops.fit_loop:run:65 - Epoch 168/319
2026-07-04 06:47:16.627 | INFO     | loops.fit_loop:run:65 - Epoch 169/319
2026-07-04 06:48:11.263 | INFO     | loops.fit_loop:run:65 - Epoch 170/319
2026-07-04 06:49:05.160 | INFO     | loops.fit_loop:run:65 - Epoch 171/319
2026-07-04 06:49:59.500 | INFO     | loops.fit_loop:run:65 - Epoch 172/319
2026-07-04 06:50:53.540 | INFO     | loops.fit_loop:run:65 - Epoch 173/319
2026-07-04 06:51:47.836 | INFO     | loops.fit_loop:run:65 - Epoch 174/319
2026-07-04 06:52:42.315 | INFO     | loops.fit_loop:run:65 - Epoch 175/319
2026-07-04 06:53:36.313 | INFO     | loops.fit_loop:run:65 - Epoch 176/319
2026-07-04 06:54:30.803 | INFO     | loops.fit_loop:run:65 - Epoch 177/319
2026-07-04 06:55:25.034 | INFO     | loops.fit_loop:run:65 - Epoch 178/319
2026-07-04 06:56:19.018 | INFO     | loops.fit_loop:run:65 - Epoch 179/319
2026-07-04 06:56:47.192 | INFO     | callbacks.model_checkpoint:_save_checkpoint:200 - Checkpoint saved: last.ckpt duration_ms=1343.94 size_mb=642.22
2026-07-04 06:57:14.868 | INFO     | loops.fit_loop:run:65 - Epoch 180/319
2026-07-04 06:58:08.978 | INFO     | loops.fit_loop:run:65 - Epoch 181/319
2026-07-04 06:59:03.137 | INFO     | loops.fit_loop:run:65 - Epoch 182/319
2026-07-04 06:59:57.683 | INFO     | loops.fit_loop:run:65 - Epoch 183/319
2026-07-04 07:00:51.667 | INFO     | loops.fit_loop:run:65 - Epoch 184/319
2026-07-04 07:01:46.248 | INFO     | loops.fit_loop:run:65 - Epoch 185/319
2026-07-04 07:02:40.322 | INFO     | loops.fit_loop:run:65 - Epoch 186/319
2026-07-04 07:03:34.546 | INFO     | loops.fit_loop:run:65 - Epoch 187/319
2026-07-04 07:04:29.508 | INFO     | loops.fit_loop:run:65 - Epoch 188/319
2026-07-04 07:05:23.509 | INFO     | loops.fit_loop:run:65 - Epoch 189/319
2026-07-04 07:06:17.727 | INFO     | loops.fit_loop:run:65 - Epoch 190/319
2026-07-04 07:07:11.636 | INFO     | loops.fit_loop:run:65 - Epoch 191/319
2026-07-04 07:08:05.721 | INFO     | loops.fit_loop:run:65 - Epoch 192/319
2026-07-04 07:08:24.337 | INFO     | callbacks.model_checkpoint:_save_checkpoint:200 - Checkpoint saved: last.ckpt duration_ms=1349.20 size_mb=642.22
2026-07-04 07:09:01.671 | INFO     | loops.fit_loop:run:65 - Epoch 193/319
2026-07-04 07:09:55.707 | INFO     | loops.fit_loop:run:65 - Epoch 194/319
2026-07-04 07:10:50.272 | INFO     | loops.fit_loop:run:65 - Epoch 195/319
2026-07-04 07:11:44.252 | INFO     | loops.fit_loop:run:65 - Epoch 196/319
2026-07-04 07:12:38.284 | INFO     | loops.fit_loop:run:65 - Epoch 197/319
2026-07-04 07:13:32.956 | INFO     | loops.fit_loop:run:65 - Epoch 198/319
2026-07-04 07:14:27.109 | INFO     | loops.fit_loop:run:65 - Epoch 199/319
2026-07-04 07:15:21.777 | INFO     | loops.fit_loop:run:65 - Epoch 200/319
2026-07-04 07:16:15.679 | INFO     | loops.fit_loop:run:65 - Epoch 201/319
2026-07-04 07:17:09.719 | INFO     | loops.fit_loop:run:65 - Epoch 202/319
2026-07-04 07:18:04.186 | INFO     | loops.fit_loop:run:65 - Epoch 203/319
2026-07-04 07:18:58.274 | INFO     | loops.fit_loop:run:65 - Epoch 204/319
2026-07-04 07:19:52.334 | INFO     | loops.fit_loop:run:65 - Epoch 205/319
2026-07-04 07:20:01.104 | INFO     | callbacks.model_checkpoint:_save_checkpoint:200 - Checkpoint saved: last.ckpt duration_ms=1251.66 size_mb=642.22
2026-07-04 07:20:02.409 | INFO     | callbacks.model_checkpoint:_save_checkpoint:200 - Checkpoint saved: checkpoint-epoch205-step80000.ckpt duration_ms=1301.61 size_mb=642.22
2026-07-04 07:20:49.589 | INFO     | loops.fit_loop:run:65 - Epoch 206/319
2026-07-04 07:21:43.695 | INFO     | loops.fit_loop:run:65 - Epoch 207/319
2026-07-04 07:22:38.284 | INFO     | loops.fit_loop:run:65 - Epoch 208/319
2026-07-04 07:23:32.314 | INFO     | loops.fit_loop:run:65 - Epoch 209/319
2026-07-04 07:24:26.317 | INFO     | loops.fit_loop:run:65 - Epoch 210/319
2026-07-04 07:25:20.745 | INFO     | loops.fit_loop:run:65 - Epoch 211/319
2026-07-04 07:26:14.671 | INFO     | loops.fit_loop:run:65 - Epoch 212/319
2026-07-04 07:27:09.038 | INFO     | loops.fit_loop:run:65 - Epoch 213/319
2026-07-04 07:28:03.143 | INFO     | loops.fit_loop:run:65 - Epoch 214/319
2026-07-04 07:28:57.296 | INFO     | loops.fit_loop:run:65 - Epoch 215/319
2026-07-04 07:29:51.780 | INFO     | loops.fit_loop:run:65 - Epoch 216/319
2026-07-04 07:30:45.837 | INFO     | loops.fit_loop:run:65 - Epoch 217/319
2026-07-04 07:31:38.828 | INFO     | callbacks.model_checkpoint:_save_checkpoint:200 - Checkpoint saved: last.ckpt duration_ms=1205.00 size_mb=642.22
2026-07-04 07:31:41.554 | INFO     | loops.fit_loop:run:65 - Epoch 218/319
2026-07-04 07:32:35.607 | INFO     | loops.fit_loop:run:65 - Epoch 219/319
2026-07-04 07:33:29.550 | INFO     | loops.fit_loop:run:65 - Epoch 220/319
2026-07-04 07:34:23.998 | INFO     | loops.fit_loop:run:65 - Epoch 221/319
2026-07-04 07:35:18.013 | INFO     | loops.fit_loop:run:65 - Epoch 222/319
2026-07-04 07:36:11.972 | INFO     | loops.fit_loop:run:65 - Epoch 223/319
2026-07-04 07:37:06.401 | INFO     | loops.fit_loop:run:65 - Epoch 224/319
2026-07-04 07:38:00.358 | INFO     | loops.fit_loop:run:65 - Epoch 225/319
2026-07-04 07:38:54.790 | INFO     | loops.fit_loop:run:65 - Epoch 226/319
2026-07-04 07:39:48.860 | INFO     | loops.fit_loop:run:65 - Epoch 227/319
2026-07-04 07:40:42.931 | INFO     | loops.fit_loop:run:65 - Epoch 228/319
2026-07-04 07:41:37.348 | INFO     | loops.fit_loop:run:65 - Epoch 229/319
2026-07-04 07:42:31.367 | INFO     | loops.fit_loop:run:65 - Epoch 230/319
2026-07-04 07:43:14.719 | INFO     | callbacks.model_checkpoint:_save_checkpoint:200 - Checkpoint saved: last.ckpt duration_ms=1377.24 size_mb=642.22
2026-07-04 07:43:16.133 | INFO     | callbacks.model_checkpoint:_save_checkpoint:200 - Checkpoint saved: checkpoint-epoch230-step90000.ckpt duration_ms=1410.40 size_mb=642.22
2026-07-04 07:43:28.535 | INFO     | loops.fit_loop:run:65 - Epoch 231/319
2026-07-04 07:44:22.565 | INFO     | loops.fit_loop:run:65 - Epoch 232/319
2026-07-04 07:45:16.617 | INFO     | loops.fit_loop:run:65 - Epoch 233/319
2026-07-04 07:46:10.953 | INFO     | loops.fit_loop:run:65 - Epoch 234/319
2026-07-04 07:47:04.848 | INFO     | loops.fit_loop:run:65 - Epoch 235/319
2026-07-04 07:47:59.304 | INFO     | loops.fit_loop:run:65 - Epoch 236/319
2026-07-04 07:48:53.302 | INFO     | loops.fit_loop:run:65 - Epoch 237/319
2026-07-04 07:49:47.415 | INFO     | loops.fit_loop:run:65 - Epoch 238/319
2026-07-04 07:50:41.900 | INFO     | loops.fit_loop:run:65 - Epoch 239/319
2026-07-04 07:51:35.818 | INFO     | loops.fit_loop:run:65 - Epoch 240/319
2026-07-04 07:52:29.715 | INFO     | loops.fit_loop:run:65 - Epoch 241/319
2026-07-04 07:53:24.065 | INFO     | loops.fit_loop:run:65 - Epoch 242/319
2026-07-04 07:54:17.990 | INFO     | loops.fit_loop:run:65 - Epoch 243/319
2026-07-04 07:54:51.613 | INFO     | callbacks.model_checkpoint:_save_checkpoint:200 - Checkpoint saved: last.ckpt duration_ms=1281.02 size_mb=642.22
2026-07-04 07:54:52.875 | INFO     | callbacks.model_checkpoint:_save_checkpoint:200 - Checkpoint saved: checkpoint-epoch243-step95000.ckpt duration_ms=1257.23 size_mb=642.22
2026-07-04 07:55:14.964 | INFO     | loops.fit_loop:run:65 - Epoch 244/319
2026-07-04 07:56:08.905 | INFO     | loops.fit_loop:run:65 - Epoch 245/319
2026-07-04 07:57:02.843 | INFO     | loops.fit_loop:run:65 - Epoch 246/319
2026-07-04 07:57:57.491 | INFO     | loops.fit_loop:run:65 - Epoch 247/319
2026-07-04 07:58:51.636 | INFO     | loops.fit_loop:run:65 - Epoch 248/319
2026-07-04 07:59:46.284 | INFO     | loops.fit_loop:run:65 - Epoch 249/319
2026-07-04 08:00:40.395 | INFO     | loops.fit_loop:run:65 - Epoch 250/319
2026-07-04 08:01:34.287 | INFO     | loops.fit_loop:run:65 - Epoch 251/319
2026-07-04 08:02:28.806 | INFO     | loops.fit_loop:run:65 - Epoch 252/319
2026-07-04 08:03:22.778 | INFO     | loops.fit_loop:run:65 - Epoch 253/319
2026-07-04 08:04:17.201 | INFO     | loops.fit_loop:run:65 - Epoch 254/319
2026-07-04 08:05:11.184 | INFO     | loops.fit_loop:run:65 - Epoch 255/319
2026-07-04 08:06:05.208 | INFO     | loops.fit_loop:run:65 - Epoch 256/319
2026-07-04 08:06:29.189 | INFO     | callbacks.model_checkpoint:_save_checkpoint:200 - Checkpoint saved: last.ckpt duration_ms=1209.61 size_mb=642.22
2026-07-04 08:07:00.914 | INFO     | loops.fit_loop:run:65 - Epoch 257/319
2026-07-04 08:07:54.967 | INFO     | loops.fit_loop:run:65 - Epoch 258/319
2026-07-04 08:08:49.474 | INFO     | loops.fit_loop:run:65 - Epoch 259/319
2026-07-04 08:09:43.491 | INFO     | loops.fit_loop:run:65 - Epoch 260/319
2026-07-04 08:10:37.497 | INFO     | loops.fit_loop:run:65 - Epoch 261/319
2026-07-04 08:11:31.872 | INFO     | loops.fit_loop:run:65 - Epoch 262/319
2026-07-04 08:12:25.745 | INFO     | loops.fit_loop:run:65 - Epoch 263/319
2026-07-04 08:13:19.677 | INFO     | loops.fit_loop:run:65 - Epoch 264/319
2026-07-04 08:14:13.976 | INFO     | loops.fit_loop:run:65 - Epoch 265/319
2026-07-04 08:15:08.012 | INFO     | loops.fit_loop:run:65 - Epoch 266/319
2026-07-04 08:16:02.665 | INFO     | loops.fit_loop:run:65 - Epoch 267/319
2026-07-04 08:16:56.862 | INFO     | loops.fit_loop:run:65 - Epoch 268/319
2026-07-04 08:17:51.028 | INFO     | loops.fit_loop:run:65 - Epoch 269/319
2026-07-04 08:18:05.485 | INFO     | callbacks.model_checkpoint:_save_checkpoint:200 - Checkpoint saved: last.ckpt duration_ms=1363.93 size_mb=642.22
2026-07-04 08:18:46.994 | INFO     | loops.fit_loop:run:65 - Epoch 270/319
2026-07-04 08:19:41.052 | INFO     | loops.fit_loop:run:65 - Epoch 271/319
2026-07-04 08:20:35.643 | INFO     | loops.fit_loop:run:65 - Epoch 272/319
2026-07-04 08:21:29.667 | INFO     | loops.fit_loop:run:65 - Epoch 273/319
2026-07-04 08:22:23.595 | INFO     | loops.fit_loop:run:65 - Epoch 274/319
2026-07-04 08:23:17.980 | INFO     | loops.fit_loop:run:65 - Epoch 275/319
2026-07-04 08:24:11.945 | INFO     | loops.fit_loop:run:65 - Epoch 276/319
2026-07-04 08:25:06.500 | INFO     | loops.fit_loop:run:65 - Epoch 277/319
2026-07-04 08:26:00.686 | INFO     | loops.fit_loop:run:65 - Epoch 278/319
2026-07-04 08:26:54.898 | INFO     | loops.fit_loop:run:65 - Epoch 279/319
2026-07-04 08:27:49.170 | INFO     | loops.fit_loop:run:65 - Epoch 280/319
2026-07-04 08:28:43.257 | INFO     | loops.fit_loop:run:65 - Epoch 281/319
2026-07-04 08:29:37.181 | INFO     | loops.fit_loop:run:65 - Epoch 282/319
2026-07-04 08:29:41.887 | INFO     | callbacks.model_checkpoint:_save_checkpoint:200 - Checkpoint saved: last.ckpt duration_ms=1314.38 size_mb=642.22
2026-07-04 08:29:43.180 | INFO     | callbacks.model_checkpoint:_save_checkpoint:200 - Checkpoint saved: checkpoint-epoch282-step110000.ckpt duration_ms=1289.21 size_mb=642.22
2026-07-04 08:30:34.171 | INFO     | loops.fit_loop:run:65 - Epoch 283/319
2026-07-04 08:31:28.171 | INFO     | loops.fit_loop:run:65 - Epoch 284/319
2026-07-04 08:32:22.633 | INFO     | loops.fit_loop:run:65 - Epoch 285/319
2026-07-04 08:33:16.369 | INFO     | loops.fit_loop:run:65 - Epoch 286/319
2026-07-04 08:34:10.313 | INFO     | loops.fit_loop:run:65 - Epoch 287/319
2026-07-04 08:35:04.903 | INFO     | loops.fit_loop:run:65 - Epoch 288/319
2026-07-04 08:35:58.934 | INFO     | loops.fit_loop:run:65 - Epoch 289/319
2026-07-04 08:36:53.474 | INFO     | loops.fit_loop:run:65 - Epoch 290/319
2026-07-04 08:37:47.395 | INFO     | loops.fit_loop:run:65 - Epoch 291/319
2026-07-04 08:38:41.287 | INFO     | loops.fit_loop:run:65 - Epoch 292/319
2026-07-04 08:39:35.710 | INFO     | loops.fit_loop:run:65 - Epoch 293/319
2026-07-04 08:40:29.763 | INFO     | loops.fit_loop:run:65 - Epoch 294/319
2026-07-04 08:41:18.534 | INFO     | callbacks.model_checkpoint:_save_checkpoint:200 - Checkpoint saved: last.ckpt duration_ms=1294.39 size_mb=642.22
2026-07-04 08:41:25.378 | INFO     | loops.fit_loop:run:65 - Epoch 295/319
2026-07-04 08:42:19.285 | INFO     | loops.fit_loop:run:65 - Epoch 296/319
2026-07-04 08:43:13.448 | INFO     | loops.fit_loop:run:65 - Epoch 297/319
2026-07-04 08:44:08.075 | INFO     | loops.fit_loop:run:65 - Epoch 298/319
2026-07-04 08:45:02.213 | INFO     | loops.fit_loop:run:65 - Epoch 299/319
2026-07-04 08:45:56.774 | INFO     | loops.fit_loop:run:65 - Epoch 300/319
2026-07-04 08:46:50.866 | INFO     | loops.fit_loop:run:65 - Epoch 301/319
2026-07-04 08:47:44.913 | INFO     | loops.fit_loop:run:65 - Epoch 302/319
2026-07-04 08:48:39.343 | INFO     | loops.fit_loop:run:65 - Epoch 303/319
2026-07-04 08:49:33.350 | INFO     | loops.fit_loop:run:65 - Epoch 304/319
2026-07-04 08:50:27.323 | INFO     | loops.fit_loop:run:65 - Epoch 305/319
2026-07-04 08:51:21.862 | INFO     | loops.fit_loop:run:65 - Epoch 306/319
2026-07-04 08:52:15.839 | INFO     | loops.fit_loop:run:65 - Epoch 307/319
2026-07-04 08:52:55.119 | INFO     | callbacks.model_checkpoint:_save_checkpoint:200 - Checkpoint saved: last.ckpt duration_ms=1271.97 size_mb=642.22
2026-07-04 08:52:56.368 | INFO     | callbacks.model_checkpoint:_save_checkpoint:200 - Checkpoint saved: checkpoint-epoch307-step120000.ckpt duration_ms=1244.59 size_mb=642.22
2026-07-04 08:53:13.073 | INFO     | loops.fit_loop:run:65 - Epoch 308/319
2026-07-04 08:54:07.086 | INFO     | loops.fit_loop:run:65 - Epoch 309/319
2026-07-04 08:55:01.141 | INFO     | loops.fit_loop:run:65 - Epoch 310/319
2026-07-04 08:55:55.781 | INFO     | loops.fit_loop:run:65 - Epoch 311/319
2026-07-04 08:56:50.011 | INFO     | loops.fit_loop:run:65 - Epoch 312/319
2026-07-04 08:57:44.603 | INFO     | loops.fit_loop:run:65 - Epoch 313/319
2026-07-04 08:58:38.647 | INFO     | loops.fit_loop:run:65 - Epoch 314/319
2026-07-04 08:59:32.688 | INFO     | loops.fit_loop:run:65 - Epoch 315/319
2026-07-04 09:00:27.298 | INFO     | loops.fit_loop:run:65 - Epoch 316/319
2026-07-04 09:01:21.387 | INFO     | loops.fit_loop:run:65 - Epoch 317/319
2026-07-04 09:02:15.922 | INFO     | loops.fit_loop:run:65 - Epoch 318/319
2026-07-04 09:03:10.004 | INFO     | loops.fit_loop:run:65 - Epoch 319/319
2026-07-04 09:04:04.038 | INFO     | vocode.trainers.reproduction_training_runner:_run_training:160 - Project-trained reproduction checkpoint written for vocos seed=1234; checkpoint metadata recorded
2026-07-04 09:04:04.339 | INFO     | vocode.trainers.scratch_reproduction_runner:_finalize_experiment_log:132 - Experiment vocode_checkpoint01_training_reproduction finished. Rows written: 1. Elapsed: 17439.1s
