2026-07-07 01:27:10.129 | INFO     | vocode.trainers.scratch_reproduction_runner:_announce_run:96 - Experiment vocode_checkpoint01_training_reproduction run_id=lpcnet_full_fp32bs128_20260707_0326 architecture=lpcnet seed=1234 evidence_category=project_trained_reproduction stage=train
2026-07-07 01:27:10.129 | INFO     | vocode.trainers.scratch_reproduction_runner:_announce_run:101 - Hypothesis: Project-trained efficient vocoder reproduces the selected published architecture under the VOCODE LJSpeech training protocol.
2026-07-07 01:27:15.281 | INFO     | core.trainer:_sanity_check_validation:757 - Running 2 sanity validation batches
2026-07-07 01:27:22.838 | INFO     | loops.fit_loop:run:65 - Epoch 0/318
2026-07-07 01:30:03.146 | INFO     | loops.fit_loop:run:65 - Epoch 1/318
2026-07-07 01:30:26.860 | INFO     | loops.fit_loop:run:65 - Epoch 2/318
2026-07-07 01:30:50.439 | INFO     | loops.fit_loop:run:65 - Epoch 3/318
2026-07-07 01:31:14.108 | INFO     | loops.fit_loop:run:65 - Epoch 4/318
2026-07-07 01:31:38.656 | INFO     | loops.fit_loop:run:65 - Epoch 5/318
2026-07-07 01:32:02.104 | INFO     | loops.fit_loop:run:65 - Epoch 6/318
2026-07-07 01:32:25.607 | INFO     | loops.fit_loop:run:65 - Epoch 7/318
2026-07-07 01:32:49.260 | INFO     | loops.fit_loop:run:65 - Epoch 8/318
2026-07-07 01:33:13.137 | INFO     | loops.fit_loop:run:65 - Epoch 9/318
2026-07-07 01:33:37.296 | INFO     | loops.fit_loop:run:65 - Epoch 10/318
2026-07-07 01:34:02.686 | INFO     | loops.fit_loop:run:65 - Epoch 11/318
2026-07-07 01:34:27.676 | INFO     | loops.fit_loop:run:65 - Epoch 12/318
2026-07-07 01:34:53.882 | INFO     | loops.fit_loop:run:65 - Epoch 13/318
2026-07-07 01:35:17.962 | INFO     | loops.fit_loop:run:65 - Epoch 14/318
2026-07-07 01:35:41.443 | INFO     | loops.fit_loop:run:65 - Epoch 15/318
2026-07-07 01:36:05.007 | INFO     | loops.fit_loop:run:65 - Epoch 16/318
2026-07-07 01:36:28.700 | INFO     | loops.fit_loop:run:65 - Epoch 17/318
2026-07-07 01:36:52.534 | INFO     | loops.fit_loop:run:65 - Epoch 18/318
2026-07-07 01:37:16.341 | INFO     | loops.fit_loop:run:65 - Epoch 19/318
2026-07-07 01:37:39.946 | INFO     | loops.fit_loop:run:65 - Epoch 20/318
2026-07-07 01:38:03.589 | INFO     | loops.fit_loop:run:65 - Epoch 21/318
2026-07-07 01:38:27.219 | INFO     | loops.fit_loop:run:65 - Epoch 22/318
2026-07-07 01:38:50.733 | INFO     | loops.fit_loop:run:65 - Epoch 23/318
2026-07-07 01:39:14.136 | INFO     | loops.fit_loop:run:65 - Epoch 24/318
2026-07-07 01:39:37.705 | INFO     | loops.fit_loop:run:65 - Epoch 25/318
2026-07-07 01:40:01.104 | INFO     | loops.fit_loop:run:65 - Epoch 26/318
2026-07-07 01:40:24.558 | INFO     | loops.fit_loop:run:65 - Epoch 27/318
2026-07-07 01:40:48.081 | INFO     | loops.fit_loop:run:65 - Epoch 28/318
2026-07-07 01:41:11.764 | INFO     | loops.fit_loop:run:65 - Epoch 29/318
2026-07-07 01:41:35.220 | INFO     | loops.fit_loop:run:65 - Epoch 30/318
2026-07-07 01:41:58.594 | INFO     | loops.fit_loop:run:65 - Epoch 31/318
2026-07-07 01:42:22.217 | INFO     | loops.fit_loop:run:65 - Epoch 32/318
2026-07-07 01:42:45.888 | INFO     | loops.fit_loop:run:65 - Epoch 33/318
2026-07-07 01:43:09.404 | INFO     | loops.fit_loop:run:65 - Epoch 34/318
2026-07-07 01:43:33.009 | INFO     | loops.fit_loop:run:65 - Epoch 35/318
2026-07-07 01:43:56.858 | INFO     | loops.fit_loop:run:65 - Epoch 36/318
2026-07-07 01:44:20.466 | INFO     | loops.fit_loop:run:65 - Epoch 37/318
2026-07-07 01:44:43.967 | INFO     | loops.fit_loop:run:65 - Epoch 38/318
2026-07-07 01:45:07.394 | INFO     | loops.fit_loop:run:65 - Epoch 39/318
2026-07-07 01:45:30.964 | INFO     | loops.fit_loop:run:65 - Epoch 40/318
2026-07-07 01:45:54.425 | INFO     | loops.fit_loop:run:65 - Epoch 41/318
2026-07-07 01:46:17.849 | INFO     | loops.fit_loop:run:65 - Epoch 42/318
2026-07-07 01:46:41.278 | INFO     | loops.fit_loop:run:65 - Epoch 43/318
2026-07-07 01:47:04.824 | INFO     | loops.fit_loop:run:65 - Epoch 44/318
2026-07-07 01:47:28.748 | INFO     | loops.fit_loop:run:65 - Epoch 45/318
2026-07-07 01:47:52.294 | INFO     | loops.fit_loop:run:65 - Epoch 46/318
2026-07-07 01:48:15.966 | INFO     | loops.fit_loop:run:65 - Epoch 47/318
2026-07-07 01:48:39.867 | INFO     | loops.fit_loop:run:65 - Epoch 48/318
2026-07-07 01:49:03.808 | INFO     | loops.fit_loop:run:65 - Epoch 49/318
2026-07-07 01:49:27.221 | INFO     | loops.fit_loop:run:65 - Epoch 50/318
2026-07-07 01:49:50.648 | INFO     | loops.fit_loop:run:65 - Epoch 51/318
2026-07-07 01:51:53.177 | INFO     | callbacks.model_checkpoint:_save_checkpoint:200 - Checkpoint saved: last.ckpt duration_ms=41.57 size_mb=14.33
2026-07-07 01:51:53.219 | INFO     | callbacks.model_checkpoint:_save_checkpoint:200 - Checkpoint saved: checkpoint-epoch51-step05000.ckpt duration_ms=38.52 size_mb=14.33
2026-07-07 01:52:15.696 | INFO     | loops.fit_loop:run:65 - Epoch 52/318
2026-07-07 01:52:39.304 | INFO     | loops.fit_loop:run:65 - Epoch 53/318
2026-07-07 01:53:02.931 | INFO     | loops.fit_loop:run:65 - Epoch 54/318
2026-07-07 01:53:26.482 | INFO     | loops.fit_loop:run:65 - Epoch 55/318
2026-07-07 01:53:49.937 | INFO     | loops.fit_loop:run:65 - Epoch 56/318
2026-07-07 01:54:13.474 | INFO     | loops.fit_loop:run:65 - Epoch 57/318
2026-07-07 01:54:36.975 | INFO     | loops.fit_loop:run:65 - Epoch 58/318
2026-07-07 01:55:00.606 | INFO     | loops.fit_loop:run:65 - Epoch 59/318
2026-07-07 01:55:24.192 | INFO     | loops.fit_loop:run:65 - Epoch 60/318
2026-07-07 01:55:47.793 | INFO     | loops.fit_loop:run:65 - Epoch 61/318
2026-07-07 01:56:11.253 | INFO     | loops.fit_loop:run:65 - Epoch 62/318
2026-07-07 01:56:34.812 | INFO     | loops.fit_loop:run:65 - Epoch 63/318
2026-07-07 01:56:58.262 | INFO     | loops.fit_loop:run:65 - Epoch 64/318
2026-07-07 01:57:21.796 | INFO     | loops.fit_loop:run:65 - Epoch 65/318
2026-07-07 01:57:45.573 | INFO     | loops.fit_loop:run:65 - Epoch 66/318
2026-07-07 01:58:09.274 | INFO     | loops.fit_loop:run:65 - Epoch 67/318
2026-07-07 01:58:32.745 | INFO     | loops.fit_loop:run:65 - Epoch 68/318
2026-07-07 01:58:56.364 | INFO     | loops.fit_loop:run:65 - Epoch 69/318
2026-07-07 01:59:19.813 | INFO     | loops.fit_loop:run:65 - Epoch 70/318
2026-07-07 01:59:43.327 | INFO     | loops.fit_loop:run:65 - Epoch 71/318
2026-07-07 02:00:06.822 | INFO     | loops.fit_loop:run:65 - Epoch 72/318
2026-07-07 02:00:30.613 | INFO     | loops.fit_loop:run:65 - Epoch 73/318
2026-07-07 02:00:54.414 | INFO     | loops.fit_loop:run:65 - Epoch 74/318
2026-07-07 02:01:18.026 | INFO     | loops.fit_loop:run:65 - Epoch 75/318
2026-07-07 02:01:41.560 | INFO     | loops.fit_loop:run:65 - Epoch 76/318
2026-07-07 02:02:05.084 | INFO     | loops.fit_loop:run:65 - Epoch 77/318
2026-07-07 02:02:28.819 | INFO     | loops.fit_loop:run:65 - Epoch 78/318
2026-07-07 02:02:52.709 | INFO     | loops.fit_loop:run:65 - Epoch 79/318
2026-07-07 02:03:16.654 | INFO     | loops.fit_loop:run:65 - Epoch 80/318
2026-07-07 02:03:40.331 | INFO     | loops.fit_loop:run:65 - Epoch 81/318
2026-07-07 02:04:04.258 | INFO     | loops.fit_loop:run:65 - Epoch 82/318
2026-07-07 02:04:28.207 | INFO     | loops.fit_loop:run:65 - Epoch 83/318
2026-07-07 02:04:51.820 | INFO     | loops.fit_loop:run:65 - Epoch 84/318
2026-07-07 02:05:15.384 | INFO     | loops.fit_loop:run:65 - Epoch 85/318
2026-07-07 02:05:39.015 | INFO     | loops.fit_loop:run:65 - Epoch 86/318
2026-07-07 02:06:02.619 | INFO     | loops.fit_loop:run:65 - Epoch 87/318
2026-07-07 02:06:26.242 | INFO     | loops.fit_loop:run:65 - Epoch 88/318
2026-07-07 02:06:49.810 | INFO     | loops.fit_loop:run:65 - Epoch 89/318
2026-07-07 02:07:13.459 | INFO     | loops.fit_loop:run:65 - Epoch 90/318
2026-07-07 02:07:37.116 | INFO     | loops.fit_loop:run:65 - Epoch 91/318
2026-07-07 02:08:00.716 | INFO     | loops.fit_loop:run:65 - Epoch 92/318
2026-07-07 02:08:24.290 | INFO     | loops.fit_loop:run:65 - Epoch 93/318
2026-07-07 02:08:48.054 | INFO     | loops.fit_loop:run:65 - Epoch 94/318
2026-07-07 02:09:11.890 | INFO     | loops.fit_loop:run:65 - Epoch 95/318
2026-07-07 02:09:35.762 | INFO     | loops.fit_loop:run:65 - Epoch 96/318
2026-07-07 02:09:59.725 | INFO     | loops.fit_loop:run:65 - Epoch 97/318
2026-07-07 02:10:23.418 | INFO     | loops.fit_loop:run:65 - Epoch 98/318
2026-07-07 02:10:46.957 | INFO     | loops.fit_loop:run:65 - Epoch 99/318
2026-07-07 02:11:10.604 | INFO     | loops.fit_loop:run:65 - Epoch 100/318
2026-07-07 02:11:34.201 | INFO     | loops.fit_loop:run:65 - Epoch 101/318
2026-07-07 02:11:58.025 | INFO     | loops.fit_loop:run:65 - Epoch 102/318
2026-07-07 02:13:53.494 | INFO     | callbacks.model_checkpoint:_save_checkpoint:200 - Checkpoint saved: last.ckpt duration_ms=38.35 size_mb=14.33
2026-07-07 02:13:53.545 | INFO     | callbacks.model_checkpoint:_save_checkpoint:200 - Checkpoint saved: checkpoint-epoch102-step10000.ckpt duration_ms=46.00 size_mb=14.33
2026-07-07 02:14:15.695 | INFO     | loops.fit_loop:run:65 - Epoch 103/318
2026-07-07 02:14:39.152 | INFO     | loops.fit_loop:run:65 - Epoch 104/318
2026-07-07 02:15:02.745 | INFO     | loops.fit_loop:run:65 - Epoch 105/318
2026-07-07 02:15:26.155 | INFO     | loops.fit_loop:run:65 - Epoch 106/318
2026-07-07 02:15:49.912 | INFO     | loops.fit_loop:run:65 - Epoch 107/318
2026-07-07 02:16:13.439 | INFO     | loops.fit_loop:run:65 - Epoch 108/318
2026-07-07 02:16:36.951 | INFO     | loops.fit_loop:run:65 - Epoch 109/318
2026-07-07 02:17:00.580 | INFO     | loops.fit_loop:run:65 - Epoch 110/318
2026-07-07 02:17:24.189 | INFO     | loops.fit_loop:run:65 - Epoch 111/318
2026-07-07 02:17:48.031 | INFO     | loops.fit_loop:run:65 - Epoch 112/318
2026-07-07 02:18:11.682 | INFO     | loops.fit_loop:run:65 - Epoch 113/318
2026-07-07 02:18:35.569 | INFO     | loops.fit_loop:run:65 - Epoch 114/318
2026-07-07 02:18:59.124 | INFO     | loops.fit_loop:run:65 - Epoch 115/318
2026-07-07 02:19:22.620 | INFO     | loops.fit_loop:run:65 - Epoch 116/318
2026-07-07 02:19:46.517 | INFO     | loops.fit_loop:run:65 - Epoch 117/318
2026-07-07 02:20:10.164 | INFO     | loops.fit_loop:run:65 - Epoch 118/318
2026-07-07 02:20:34.214 | INFO     | loops.fit_loop:run:65 - Epoch 119/318
2026-07-07 02:20:57.880 | INFO     | loops.fit_loop:run:65 - Epoch 120/318
2026-07-07 02:21:21.797 | INFO     | loops.fit_loop:run:65 - Epoch 121/318
2026-07-07 02:21:45.443 | INFO     | loops.fit_loop:run:65 - Epoch 122/318
2026-07-07 02:22:09.178 | INFO     | loops.fit_loop:run:65 - Epoch 123/318
2026-07-07 02:22:32.683 | INFO     | loops.fit_loop:run:65 - Epoch 124/318
2026-07-07 02:22:56.296 | INFO     | loops.fit_loop:run:65 - Epoch 125/318
2026-07-07 02:23:19.935 | INFO     | loops.fit_loop:run:65 - Epoch 126/318
2026-07-07 02:23:43.451 | INFO     | loops.fit_loop:run:65 - Epoch 127/318
2026-07-07 02:24:06.996 | INFO     | loops.fit_loop:run:65 - Epoch 128/318
2026-07-07 02:24:30.552 | INFO     | loops.fit_loop:run:65 - Epoch 129/318
2026-07-07 02:24:54.450 | INFO     | loops.fit_loop:run:65 - Epoch 130/318
2026-07-07 02:25:18.978 | INFO     | loops.fit_loop:run:65 - Epoch 131/318
2026-07-07 02:25:42.936 | INFO     | loops.fit_loop:run:65 - Epoch 132/318
2026-07-07 02:26:06.628 | INFO     | loops.fit_loop:run:65 - Epoch 133/318
2026-07-07 02:26:30.138 | INFO     | loops.fit_loop:run:65 - Epoch 134/318
2026-07-07 02:26:53.573 | INFO     | loops.fit_loop:run:65 - Epoch 135/318
2026-07-07 02:27:17.044 | INFO     | loops.fit_loop:run:65 - Epoch 136/318
2026-07-07 02:27:40.615 | INFO     | loops.fit_loop:run:65 - Epoch 137/318
2026-07-07 02:28:04.199 | INFO     | loops.fit_loop:run:65 - Epoch 138/318
2026-07-07 02:28:27.780 | INFO     | loops.fit_loop:run:65 - Epoch 139/318
2026-07-07 02:28:51.377 | INFO     | loops.fit_loop:run:65 - Epoch 140/318
2026-07-07 02:29:14.928 | INFO     | loops.fit_loop:run:65 - Epoch 141/318
2026-07-07 02:29:38.466 | INFO     | loops.fit_loop:run:65 - Epoch 142/318
2026-07-07 02:30:02.047 | INFO     | loops.fit_loop:run:65 - Epoch 143/318
2026-07-07 02:30:25.723 | INFO     | loops.fit_loop:run:65 - Epoch 144/318
2026-07-07 02:30:49.280 | INFO     | loops.fit_loop:run:65 - Epoch 145/318
2026-07-07 02:31:12.824 | INFO     | loops.fit_loop:run:65 - Epoch 146/318
2026-07-07 02:31:36.246 | INFO     | loops.fit_loop:run:65 - Epoch 147/318
2026-07-07 02:31:59.746 | INFO     | loops.fit_loop:run:65 - Epoch 148/318
2026-07-07 02:32:23.292 | INFO     | loops.fit_loop:run:65 - Epoch 149/318
2026-07-07 02:32:46.796 | INFO     | loops.fit_loop:run:65 - Epoch 150/318
2026-07-07 02:33:10.303 | INFO     | loops.fit_loop:run:65 - Epoch 151/318
2026-07-07 02:33:33.983 | INFO     | loops.fit_loop:run:65 - Epoch 152/318
2026-07-07 02:33:57.607 | INFO     | loops.fit_loop:run:65 - Epoch 153/318
2026-07-07 02:35:53.754 | INFO     | callbacks.model_checkpoint:_save_checkpoint:200 - Checkpoint saved: last.ckpt duration_ms=54.27 size_mb=14.33
2026-07-07 02:36:15.412 | INFO     | loops.fit_loop:run:65 - Epoch 154/318
2026-07-07 02:36:39.207 | INFO     | loops.fit_loop:run:65 - Epoch 155/318
2026-07-07 02:37:02.833 | INFO     | loops.fit_loop:run:65 - Epoch 156/318
2026-07-07 02:37:26.736 | INFO     | loops.fit_loop:run:65 - Epoch 157/318
2026-07-07 02:37:50.523 | INFO     | loops.fit_loop:run:65 - Epoch 158/318
2026-07-07 02:38:14.058 | INFO     | loops.fit_loop:run:65 - Epoch 159/318
2026-07-07 02:38:37.627 | INFO     | loops.fit_loop:run:65 - Epoch 160/318
2026-07-07 02:39:01.566 | INFO     | loops.fit_loop:run:65 - Epoch 161/318
2026-07-07 02:39:25.187 | INFO     | loops.fit_loop:run:65 - Epoch 162/318
2026-07-07 02:39:48.794 | INFO     | loops.fit_loop:run:65 - Epoch 163/318
2026-07-07 02:40:12.254 | INFO     | loops.fit_loop:run:65 - Epoch 164/318
2026-07-07 02:40:35.846 | INFO     | loops.fit_loop:run:65 - Epoch 165/318
2026-07-07 02:40:59.332 | INFO     | loops.fit_loop:run:65 - Epoch 166/318
2026-07-07 02:41:22.910 | INFO     | loops.fit_loop:run:65 - Epoch 167/318
2026-07-07 02:41:46.487 | INFO     | loops.fit_loop:run:65 - Epoch 168/318
2026-07-07 02:42:10.076 | INFO     | loops.fit_loop:run:65 - Epoch 169/318
2026-07-07 02:42:33.735 | INFO     | loops.fit_loop:run:65 - Epoch 170/318
2026-07-07 02:42:57.373 | INFO     | loops.fit_loop:run:65 - Epoch 171/318
2026-07-07 02:43:20.921 | INFO     | loops.fit_loop:run:65 - Epoch 172/318
2026-07-07 02:43:44.429 | INFO     | loops.fit_loop:run:65 - Epoch 173/318
2026-07-07 02:44:08.019 | INFO     | loops.fit_loop:run:65 - Epoch 174/318
2026-07-07 02:44:31.585 | INFO     | loops.fit_loop:run:65 - Epoch 175/318
2026-07-07 02:44:55.164 | INFO     | loops.fit_loop:run:65 - Epoch 176/318
2026-07-07 02:45:18.801 | INFO     | loops.fit_loop:run:65 - Epoch 177/318
2026-07-07 02:45:42.324 | INFO     | loops.fit_loop:run:65 - Epoch 178/318
2026-07-07 02:46:05.749 | INFO     | loops.fit_loop:run:65 - Epoch 179/318
2026-07-07 02:46:29.279 | INFO     | loops.fit_loop:run:65 - Epoch 180/318
2026-07-07 02:46:52.911 | INFO     | loops.fit_loop:run:65 - Epoch 181/318
2026-07-07 02:47:16.462 | INFO     | loops.fit_loop:run:65 - Epoch 182/318
2026-07-07 02:47:40.214 | INFO     | loops.fit_loop:run:65 - Epoch 183/318
2026-07-07 02:48:03.994 | INFO     | loops.fit_loop:run:65 - Epoch 184/318
2026-07-07 02:48:27.665 | INFO     | loops.fit_loop:run:65 - Epoch 185/318
2026-07-07 02:48:51.424 | INFO     | loops.fit_loop:run:65 - Epoch 186/318
2026-07-07 02:49:15.018 | INFO     | loops.fit_loop:run:65 - Epoch 187/318
2026-07-07 02:49:38.542 | INFO     | loops.fit_loop:run:65 - Epoch 188/318
2026-07-07 02:50:02.011 | INFO     | loops.fit_loop:run:65 - Epoch 189/318
2026-07-07 02:50:25.495 | INFO     | loops.fit_loop:run:65 - Epoch 190/318
2026-07-07 02:50:49.027 | INFO     | loops.fit_loop:run:65 - Epoch 191/318
2026-07-07 02:51:12.466 | INFO     | loops.fit_loop:run:65 - Epoch 192/318
2026-07-07 02:51:35.953 | INFO     | loops.fit_loop:run:65 - Epoch 193/318
2026-07-07 02:51:59.495 | INFO     | loops.fit_loop:run:65 - Epoch 194/318
2026-07-07 02:52:23.067 | INFO     | loops.fit_loop:run:65 - Epoch 195/318
2026-07-07 02:52:46.571 | INFO     | loops.fit_loop:run:65 - Epoch 196/318
2026-07-07 02:53:10.056 | INFO     | loops.fit_loop:run:65 - Epoch 197/318
2026-07-07 02:53:33.540 | INFO     | loops.fit_loop:run:65 - Epoch 198/318
2026-07-07 02:53:57.051 | INFO     | loops.fit_loop:run:65 - Epoch 199/318
2026-07-07 02:54:20.521 | INFO     | loops.fit_loop:run:65 - Epoch 200/318
2026-07-07 02:54:44.065 | INFO     | loops.fit_loop:run:65 - Epoch 201/318
2026-07-07 02:55:07.677 | INFO     | loops.fit_loop:run:65 - Epoch 202/318
2026-07-07 02:55:31.196 | INFO     | loops.fit_loop:run:65 - Epoch 203/318
2026-07-07 02:55:54.719 | INFO     | loops.fit_loop:run:65 - Epoch 204/318
2026-07-07 02:57:46.696 | INFO     | callbacks.model_checkpoint:_save_checkpoint:200 - Checkpoint saved: last.ckpt duration_ms=39.97 size_mb=14.33
2026-07-07 02:57:46.779 | INFO     | callbacks.model_checkpoint:_save_checkpoint:200 - Checkpoint saved: checkpoint-epoch204-step20000.ckpt duration_ms=79.65 size_mb=14.33
2026-07-07 02:58:07.892 | INFO     | loops.fit_loop:run:65 - Epoch 205/318
2026-07-07 02:58:31.270 | INFO     | loops.fit_loop:run:65 - Epoch 206/318
2026-07-07 02:58:54.723 | INFO     | loops.fit_loop:run:65 - Epoch 207/318
2026-07-07 02:59:18.264 | INFO     | loops.fit_loop:run:65 - Epoch 208/318
2026-07-07 02:59:41.717 | INFO     | loops.fit_loop:run:65 - Epoch 209/318
2026-07-07 03:00:05.177 | INFO     | loops.fit_loop:run:65 - Epoch 210/318
2026-07-07 03:00:28.603 | INFO     | loops.fit_loop:run:65 - Epoch 211/318
2026-07-07 03:00:52.220 | INFO     | loops.fit_loop:run:65 - Epoch 212/318
2026-07-07 03:01:15.829 | INFO     | loops.fit_loop:run:65 - Epoch 213/318
2026-07-07 03:01:39.335 | INFO     | loops.fit_loop:run:65 - Epoch 214/318
2026-07-07 03:02:02.820 | INFO     | loops.fit_loop:run:65 - Epoch 215/318
2026-07-07 03:02:26.227 | INFO     | loops.fit_loop:run:65 - Epoch 216/318
2026-07-07 03:02:49.733 | INFO     | loops.fit_loop:run:65 - Epoch 217/318
2026-07-07 03:03:13.221 | INFO     | loops.fit_loop:run:65 - Epoch 218/318
2026-07-07 03:03:36.656 | INFO     | loops.fit_loop:run:65 - Epoch 219/318
2026-07-07 03:04:00.342 | INFO     | loops.fit_loop:run:65 - Epoch 220/318
2026-07-07 03:04:24.164 | INFO     | loops.fit_loop:run:65 - Epoch 221/318
2026-07-07 03:04:47.708 | INFO     | loops.fit_loop:run:65 - Epoch 222/318
2026-07-07 03:05:11.448 | INFO     | loops.fit_loop:run:65 - Epoch 223/318
2026-07-07 03:05:35.550 | INFO     | loops.fit_loop:run:65 - Epoch 224/318
2026-07-07 03:06:00.311 | INFO     | loops.fit_loop:run:65 - Epoch 225/318
2026-07-07 03:06:24.671 | INFO     | loops.fit_loop:run:65 - Epoch 226/318
2026-07-07 03:06:48.996 | INFO     | loops.fit_loop:run:65 - Epoch 227/318
2026-07-07 03:07:13.258 | INFO     | loops.fit_loop:run:65 - Epoch 228/318
2026-07-07 03:07:37.508 | INFO     | loops.fit_loop:run:65 - Epoch 229/318
2026-07-07 03:08:01.827 | INFO     | loops.fit_loop:run:65 - Epoch 230/318
2026-07-07 03:08:26.119 | INFO     | loops.fit_loop:run:65 - Epoch 231/318
2026-07-07 03:08:50.668 | INFO     | loops.fit_loop:run:65 - Epoch 232/318
2026-07-07 03:09:14.851 | INFO     | loops.fit_loop:run:65 - Epoch 233/318
2026-07-07 03:09:39.093 | INFO     | loops.fit_loop:run:65 - Epoch 234/318
2026-07-07 03:10:03.376 | INFO     | loops.fit_loop:run:65 - Epoch 235/318
2026-07-07 03:10:27.667 | INFO     | loops.fit_loop:run:65 - Epoch 236/318
2026-07-07 03:10:51.849 | INFO     | loops.fit_loop:run:65 - Epoch 237/318
2026-07-07 03:11:15.634 | INFO     | loops.fit_loop:run:65 - Epoch 238/318
2026-07-07 03:11:39.486 | INFO     | loops.fit_loop:run:65 - Epoch 239/318
2026-07-07 03:12:03.060 | INFO     | loops.fit_loop:run:65 - Epoch 240/318
2026-07-07 03:12:26.736 | INFO     | loops.fit_loop:run:65 - Epoch 241/318
2026-07-07 03:12:50.469 | INFO     | loops.fit_loop:run:65 - Epoch 242/318
2026-07-07 03:13:14.041 | INFO     | loops.fit_loop:run:65 - Epoch 243/318
2026-07-07 03:13:37.690 | INFO     | loops.fit_loop:run:65 - Epoch 244/318
2026-07-07 03:14:01.215 | INFO     | loops.fit_loop:run:65 - Epoch 245/318
2026-07-07 03:14:24.695 | INFO     | loops.fit_loop:run:65 - Epoch 246/318
2026-07-07 03:14:48.285 | INFO     | loops.fit_loop:run:65 - Epoch 247/318
2026-07-07 03:15:11.931 | INFO     | loops.fit_loop:run:65 - Epoch 248/318
2026-07-07 03:15:36.163 | INFO     | loops.fit_loop:run:65 - Epoch 249/318
2026-07-07 03:16:00.551 | INFO     | loops.fit_loop:run:65 - Epoch 250/318
2026-07-07 03:16:24.863 | INFO     | loops.fit_loop:run:65 - Epoch 251/318
2026-07-07 03:16:49.095 | INFO     | loops.fit_loop:run:65 - Epoch 252/318
2026-07-07 03:17:13.427 | INFO     | loops.fit_loop:run:65 - Epoch 253/318
2026-07-07 03:17:37.875 | INFO     | loops.fit_loop:run:65 - Epoch 254/318
2026-07-07 03:18:02.182 | INFO     | loops.fit_loop:run:65 - Epoch 255/318
2026-07-07 03:20:07.412 | INFO     | callbacks.model_checkpoint:_save_checkpoint:200 - Checkpoint saved: last.ckpt duration_ms=59.70 size_mb=14.33
2026-07-07 03:20:07.474 | INFO     | callbacks.model_checkpoint:_save_checkpoint:200 - Checkpoint saved: checkpoint-epoch255-step25000.ckpt duration_ms=58.45 size_mb=14.33
2026-07-07 03:20:28.540 | INFO     | loops.fit_loop:run:65 - Epoch 256/318
2026-07-07 03:20:52.736 | INFO     | loops.fit_loop:run:65 - Epoch 257/318
2026-07-07 03:21:16.739 | INFO     | loops.fit_loop:run:65 - Epoch 258/318
2026-07-07 03:21:40.726 | INFO     | loops.fit_loop:run:65 - Epoch 259/318
2026-07-07 03:22:04.485 | INFO     | loops.fit_loop:run:65 - Epoch 260/318
2026-07-07 03:22:28.143 | INFO     | loops.fit_loop:run:65 - Epoch 261/318
2026-07-07 03:22:51.930 | INFO     | loops.fit_loop:run:65 - Epoch 262/318
2026-07-07 03:23:15.629 | INFO     | loops.fit_loop:run:65 - Epoch 263/318
2026-07-07 03:23:39.082 | INFO     | loops.fit_loop:run:65 - Epoch 264/318
2026-07-07 03:24:02.603 | INFO     | loops.fit_loop:run:65 - Epoch 265/318
2026-07-07 03:24:26.239 | INFO     | loops.fit_loop:run:65 - Epoch 266/318
2026-07-07 03:24:49.744 | INFO     | loops.fit_loop:run:65 - Epoch 267/318
2026-07-07 03:25:13.256 | INFO     | loops.fit_loop:run:65 - Epoch 268/318
2026-07-07 03:25:36.784 | INFO     | loops.fit_loop:run:65 - Epoch 269/318
2026-07-07 03:26:00.320 | INFO     | loops.fit_loop:run:65 - Epoch 270/318
2026-07-07 03:26:24.059 | INFO     | loops.fit_loop:run:65 - Epoch 271/318
2026-07-07 03:26:47.623 | INFO     | loops.fit_loop:run:65 - Epoch 272/318
2026-07-07 03:27:11.472 | INFO     | loops.fit_loop:run:65 - Epoch 273/318
2026-07-07 03:27:35.209 | INFO     | loops.fit_loop:run:65 - Epoch 274/318
2026-07-07 03:27:58.961 | INFO     | loops.fit_loop:run:65 - Epoch 275/318
2026-07-07 03:28:22.588 | INFO     | loops.fit_loop:run:65 - Epoch 276/318
2026-07-07 03:28:46.305 | INFO     | loops.fit_loop:run:65 - Epoch 277/318
2026-07-07 03:29:10.080 | INFO     | loops.fit_loop:run:65 - Epoch 278/318
2026-07-07 03:29:33.675 | INFO     | loops.fit_loop:run:65 - Epoch 279/318
2026-07-07 03:29:57.281 | INFO     | loops.fit_loop:run:65 - Epoch 280/318
2026-07-07 03:30:20.932 | INFO     | loops.fit_loop:run:65 - Epoch 281/318
2026-07-07 03:30:44.549 | INFO     | loops.fit_loop:run:65 - Epoch 282/318
2026-07-07 03:31:08.085 | INFO     | loops.fit_loop:run:65 - Epoch 283/318
2026-07-07 03:31:31.683 | INFO     | loops.fit_loop:run:65 - Epoch 284/318
2026-07-07 03:31:55.152 | INFO     | loops.fit_loop:run:65 - Epoch 285/318
2026-07-07 03:32:18.697 | INFO     | loops.fit_loop:run:65 - Epoch 286/318
2026-07-07 03:32:42.199 | INFO     | loops.fit_loop:run:65 - Epoch 287/318
2026-07-07 03:33:05.661 | INFO     | loops.fit_loop:run:65 - Epoch 288/318
2026-07-07 03:33:29.064 | INFO     | loops.fit_loop:run:65 - Epoch 289/318
2026-07-07 03:33:52.567 | INFO     | loops.fit_loop:run:65 - Epoch 290/318
2026-07-07 03:34:16.081 | INFO     | loops.fit_loop:run:65 - Epoch 291/318
2026-07-07 03:34:39.631 | INFO     | loops.fit_loop:run:65 - Epoch 292/318
2026-07-07 03:35:03.210 | INFO     | loops.fit_loop:run:65 - Epoch 293/318
2026-07-07 03:35:26.832 | INFO     | loops.fit_loop:run:65 - Epoch 294/318
2026-07-07 03:35:50.399 | INFO     | loops.fit_loop:run:65 - Epoch 295/318
2026-07-07 03:36:13.958 | INFO     | loops.fit_loop:run:65 - Epoch 296/318
2026-07-07 03:36:37.593 | INFO     | loops.fit_loop:run:65 - Epoch 297/318
2026-07-07 03:37:01.166 | INFO     | loops.fit_loop:run:65 - Epoch 298/318
2026-07-07 03:37:24.820 | INFO     | loops.fit_loop:run:65 - Epoch 299/318
2026-07-07 03:37:48.259 | INFO     | loops.fit_loop:run:65 - Epoch 300/318
2026-07-07 03:38:11.711 | INFO     | loops.fit_loop:run:65 - Epoch 301/318
2026-07-07 03:38:35.387 | INFO     | loops.fit_loop:run:65 - Epoch 302/318
2026-07-07 03:38:58.923 | INFO     | loops.fit_loop:run:65 - Epoch 303/318
2026-07-07 03:39:22.908 | INFO     | loops.fit_loop:run:65 - Epoch 304/318
2026-07-07 03:39:46.329 | INFO     | loops.fit_loop:run:65 - Epoch 305/318
2026-07-07 03:40:09.885 | INFO     | loops.fit_loop:run:65 - Epoch 306/318
2026-07-07 03:42:03.128 | INFO     | callbacks.model_checkpoint:_save_checkpoint:200 - Checkpoint saved: last.ckpt duration_ms=40.11 size_mb=14.33
2026-07-07 03:42:03.168 | INFO     | callbacks.model_checkpoint:_save_checkpoint:200 - Checkpoint saved: checkpoint-epoch306-step30000.ckpt duration_ms=38.03 size_mb=14.33
2026-07-07 03:42:23.262 | INFO     | loops.fit_loop:run:65 - Epoch 307/318
2026-07-07 03:42:46.645 | INFO     | loops.fit_loop:run:65 - Epoch 308/318
2026-07-07 03:43:10.164 | INFO     | loops.fit_loop:run:65 - Epoch 309/318
2026-07-07 03:43:33.680 | INFO     | loops.fit_loop:run:65 - Epoch 310/318
2026-07-07 03:43:57.290 | INFO     | loops.fit_loop:run:65 - Epoch 311/318
2026-07-07 03:44:20.702 | INFO     | loops.fit_loop:run:65 - Epoch 312/318
2026-07-07 03:44:44.177 | INFO     | loops.fit_loop:run:65 - Epoch 313/318
2026-07-07 03:45:07.669 | INFO     | loops.fit_loop:run:65 - Epoch 314/318
2026-07-07 03:45:31.218 | INFO     | loops.fit_loop:run:65 - Epoch 315/318
2026-07-07 03:45:54.715 | INFO     | loops.fit_loop:run:65 - Epoch 316/318
2026-07-07 03:46:18.201 | INFO     | loops.fit_loop:run:65 - Epoch 317/318
2026-07-07 03:46:41.769 | INFO     | loops.fit_loop:run:65 - Epoch 318/318
2026-07-07 03:47:05.326 | INFO     | vocode.trainers.reproduction_training_runner:_run_training:164 - Project-trained reproduction checkpoint written for lpcnet seed=1234; checkpoint metadata recorded
2026-07-07 03:47:05.520 | INFO     | vocode.trainers.scratch_reproduction_runner:_finalize_experiment_log:132 - Experiment vocode_checkpoint01_training_reproduction finished. Rows written: 1. Elapsed: 8395.4s
