2026-07-04 05:30:12.506 | INFO     | vocode.trainers.scratch_reproduction_runner:_announce_run:96 - Experiment vocode_checkpoint01_training_reproduction run_id=bigvgan_full_bf16bs32_20260704_0735 architecture=bigvgan seed=1234 evidence_category=project_trained_reproduction stage=train
2026-07-04 05:30:12.506 | INFO     | vocode.trainers.scratch_reproduction_runner:_announce_run:101 - Hypothesis: Project-trained bigvgan reproduces the published architecture under the VOCODE LJSpeech protocol with documented l40s bf16 bs32 compute deviations validated by bounded loss-safety gates.
2026-07-04 05:30:20.647 | INFO     | core.trainer:_sanity_check_validation:757 - Running 2 sanity validation batches
2026-07-04 05:30:33.687 | INFO     | loops.fit_loop:run:65 - Epoch 0/319
2026-07-04 05:34:02.537 | INFO     | loops.fit_loop:run:65 - Epoch 1/319
2026-07-04 05:37:00.838 | INFO     | loops.fit_loop:run:65 - Epoch 2/319
2026-07-04 05:42:56.040 | INFO     | loops.fit_loop:run:65 - Epoch 3/319
2026-07-04 05:45:54.047 | INFO     | loops.fit_loop:run:65 - Epoch 4/319
2026-07-04 05:48:52.293 | INFO     | loops.fit_loop:run:65 - Epoch 5/319
2026-07-04 05:51:56.631 | INFO     | loops.fit_loop:run:65 - Epoch 6/319
2026-07-04 05:54:54.902 | INFO     | loops.fit_loop:run:65 - Epoch 7/319
2026-07-04 05:57:59.990 | INFO     | loops.fit_loop:run:65 - Epoch 8/319
2026-07-04 06:00:58.044 | INFO     | loops.fit_loop:run:65 - Epoch 9/319
2026-07-04 06:03:56.119 | INFO     | loops.fit_loop:run:65 - Epoch 10/319
2026-07-04 06:07:00.547 | INFO     | loops.fit_loop:run:65 - Epoch 11/319
2026-07-04 06:09:58.603 | INFO     | loops.fit_loop:run:65 - Epoch 12/319
2026-07-04 06:12:32.328 | INFO     | callbacks.model_checkpoint:_save_checkpoint:200 - Checkpoint saved: last.ckpt duration_ms=1230.19 size_mb=634.89
2026-07-04 06:12:33.496 | INFO     | callbacks.model_checkpoint:_save_checkpoint:200 - Checkpoint saved: checkpoint-epoch12-step05000.ckpt duration_ms=1164.77 size_mb=634.89
2026-07-04 06:13:05.366 | INFO     | loops.fit_loop:run:65 - Epoch 13/319
2026-07-04 06:16:03.567 | INFO     | loops.fit_loop:run:65 - Epoch 14/319
2026-07-04 06:19:01.992 | INFO     | loops.fit_loop:run:65 - Epoch 15/319
2026-07-04 06:22:06.708 | INFO     | loops.fit_loop:run:65 - Epoch 16/319
2026-07-04 06:25:05.253 | INFO     | loops.fit_loop:run:65 - Epoch 17/319
2026-07-04 06:28:10.153 | INFO     | loops.fit_loop:run:65 - Epoch 18/319
2026-07-04 06:31:09.312 | INFO     | loops.fit_loop:run:65 - Epoch 19/319
2026-07-04 06:34:07.911 | INFO     | loops.fit_loop:run:65 - Epoch 20/319
2026-07-04 06:37:12.375 | INFO     | loops.fit_loop:run:65 - Epoch 21/319
2026-07-04 06:40:10.489 | INFO     | loops.fit_loop:run:65 - Epoch 22/319
2026-07-04 06:43:08.638 | INFO     | loops.fit_loop:run:65 - Epoch 23/319
2026-07-04 06:46:13.078 | INFO     | loops.fit_loop:run:65 - Epoch 24/319
2026-07-04 06:49:11.401 | INFO     | loops.fit_loop:run:65 - Epoch 25/319
2026-07-04 06:51:13.312 | INFO     | callbacks.model_checkpoint:_save_checkpoint:200 - Checkpoint saved: last.ckpt duration_ms=1116.59 size_mb=634.89
2026-07-04 06:51:14.364 | INFO     | callbacks.model_checkpoint:_save_checkpoint:200 - Checkpoint saved: checkpoint-epoch25-step10000.ckpt duration_ms=1048.16 size_mb=634.89
2026-07-04 06:52:18.315 | INFO     | loops.fit_loop:run:65 - Epoch 26/319
2026-07-04 06:55:16.731 | INFO     | loops.fit_loop:run:65 - Epoch 27/319
2026-07-04 06:58:16.393 | INFO     | loops.fit_loop:run:65 - Epoch 28/319
2026-07-04 07:01:21.528 | INFO     | loops.fit_loop:run:65 - Epoch 29/319
2026-07-04 07:04:19.958 | INFO     | loops.fit_loop:run:65 - Epoch 30/319
2026-07-04 07:07:24.798 | INFO     | loops.fit_loop:run:65 - Epoch 31/319
2026-07-04 07:10:23.230 | INFO     | loops.fit_loop:run:65 - Epoch 32/319
2026-07-04 07:13:21.670 | INFO     | loops.fit_loop:run:65 - Epoch 33/319
2026-07-04 07:16:26.483 | INFO     | loops.fit_loop:run:65 - Epoch 34/319
2026-07-04 07:19:24.881 | INFO     | loops.fit_loop:run:65 - Epoch 35/319
2026-07-04 07:22:29.575 | INFO     | loops.fit_loop:run:65 - Epoch 36/319
2026-07-04 07:25:28.260 | INFO     | loops.fit_loop:run:65 - Epoch 37/319
2026-07-04 07:28:27.112 | INFO     | loops.fit_loop:run:65 - Epoch 38/319
2026-07-04 07:29:57.437 | INFO     | callbacks.model_checkpoint:_save_checkpoint:200 - Checkpoint saved: last.ckpt duration_ms=1284.48 size_mb=634.89
2026-07-04 07:29:58.735 | INFO     | callbacks.model_checkpoint:_save_checkpoint:200 - Checkpoint saved: checkpoint-epoch38-step15000.ckpt duration_ms=1293.77 size_mb=634.89
2026-07-04 07:31:34.819 | INFO     | loops.fit_loop:run:65 - Epoch 39/319
2026-07-04 07:34:33.233 | INFO     | loops.fit_loop:run:65 - Epoch 40/319
2026-07-04 07:37:31.968 | INFO     | loops.fit_loop:run:65 - Epoch 41/319
2026-07-04 07:40:37.415 | INFO     | loops.fit_loop:run:65 - Epoch 42/319
2026-07-04 07:43:36.821 | INFO     | loops.fit_loop:run:65 - Epoch 43/319
2026-07-04 07:46:42.528 | INFO     | loops.fit_loop:run:65 - Epoch 44/319
2026-07-04 07:49:41.477 | INFO     | loops.fit_loop:run:65 - Epoch 45/319
2026-07-04 07:52:40.391 | INFO     | loops.fit_loop:run:65 - Epoch 46/319
2026-07-04 07:55:45.415 | INFO     | loops.fit_loop:run:65 - Epoch 47/319
2026-07-04 07:58:44.297 | INFO     | loops.fit_loop:run:65 - Epoch 48/319
2026-07-04 08:01:49.650 | INFO     | loops.fit_loop:run:65 - Epoch 49/319
2026-07-04 08:04:49.106 | INFO     | loops.fit_loop:run:65 - Epoch 50/319
2026-07-04 08:07:47.608 | INFO     | loops.fit_loop:run:65 - Epoch 51/319
2026-07-04 08:08:45.765 | INFO     | callbacks.model_checkpoint:_save_checkpoint:200 - Checkpoint saved: last.ckpt duration_ms=1344.46 size_mb=634.89
2026-07-04 08:08:46.960 | INFO     | callbacks.model_checkpoint:_save_checkpoint:200 - Checkpoint saved: checkpoint-epoch51-step20000.ckpt duration_ms=1190.99 size_mb=634.89
2026-07-04 08:10:55.699 | INFO     | loops.fit_loop:run:65 - Epoch 52/319
2026-07-04 08:13:54.109 | INFO     | loops.fit_loop:run:65 - Epoch 53/319
2026-07-04 08:16:58.845 | INFO     | loops.fit_loop:run:65 - Epoch 54/319
2026-07-04 08:19:57.672 | INFO     | loops.fit_loop:run:65 - Epoch 55/319
2026-07-04 08:22:56.188 | INFO     | loops.fit_loop:run:65 - Epoch 56/319
2026-07-04 08:26:00.805 | INFO     | loops.fit_loop:run:65 - Epoch 57/319
2026-07-04 08:28:59.282 | INFO     | loops.fit_loop:run:65 - Epoch 58/319
2026-07-04 08:32:04.478 | INFO     | loops.fit_loop:run:65 - Epoch 59/319
2026-07-04 08:35:03.196 | INFO     | loops.fit_loop:run:65 - Epoch 60/319
2026-07-04 08:38:01.936 | INFO     | loops.fit_loop:run:65 - Epoch 61/319
2026-07-04 08:41:06.878 | INFO     | loops.fit_loop:run:65 - Epoch 62/319
2026-07-04 08:44:05.496 | INFO     | loops.fit_loop:run:65 - Epoch 63/319
2026-07-04 08:47:03.980 | INFO     | loops.fit_loop:run:65 - Epoch 64/319
2026-07-04 08:47:30.256 | INFO     | callbacks.model_checkpoint:_save_checkpoint:200 - Checkpoint saved: last.ckpt duration_ms=1598.58 size_mb=634.89
2026-07-04 08:47:31.605 | INFO     | callbacks.model_checkpoint:_save_checkpoint:200 - Checkpoint saved: checkpoint-epoch64-step25000.ckpt duration_ms=1345.44 size_mb=634.89
2026-07-04 08:50:12.738 | INFO     | loops.fit_loop:run:65 - Epoch 65/319
2026-07-04 08:53:11.870 | INFO     | loops.fit_loop:run:65 - Epoch 66/319
2026-07-04 08:56:18.531 | INFO     | loops.fit_loop:run:65 - Epoch 67/319
2026-07-04 08:59:18.841 | INFO     | loops.fit_loop:run:65 - Epoch 68/319
2026-07-04 09:02:17.808 | INFO     | loops.fit_loop:run:65 - Epoch 69/319
2026-07-04 09:05:23.014 | INFO     | loops.fit_loop:run:65 - Epoch 70/319
2026-07-04 09:08:22.148 | INFO     | loops.fit_loop:run:65 - Epoch 71/319
2026-07-04 09:11:27.346 | INFO     | loops.fit_loop:run:65 - Epoch 72/319
2026-07-04 09:14:25.859 | INFO     | loops.fit_loop:run:65 - Epoch 73/319
2026-07-04 09:17:24.385 | INFO     | loops.fit_loop:run:65 - Epoch 74/319
2026-07-04 09:20:28.995 | INFO     | loops.fit_loop:run:65 - Epoch 75/319
2026-07-04 09:23:27.819 | INFO     | loops.fit_loop:run:65 - Epoch 76/319
2026-07-04 09:26:20.689 | INFO     | callbacks.model_checkpoint:_save_checkpoint:200 - Checkpoint saved: last.ckpt duration_ms=1260.74 size_mb=634.89
2026-07-04 09:26:22.167 | INFO     | callbacks.model_checkpoint:_save_checkpoint:200 - Checkpoint saved: checkpoint-epoch76-step30000.ckpt duration_ms=1473.79 size_mb=634.89
2026-07-04 09:26:35.944 | INFO     | loops.fit_loop:run:65 - Epoch 77/319
2026-07-04 09:29:35.532 | INFO     | loops.fit_loop:run:65 - Epoch 78/319
2026-07-04 09:32:34.760 | INFO     | loops.fit_loop:run:65 - Epoch 79/319
2026-07-04 09:35:41.513 | INFO     | loops.fit_loop:run:65 - Epoch 80/319
2026-07-04 09:38:42.295 | INFO     | loops.fit_loop:run:65 - Epoch 81/319
2026-07-04 09:41:41.564 | INFO     | loops.fit_loop:run:65 - Epoch 82/319
2026-07-04 09:44:46.731 | INFO     | loops.fit_loop:run:65 - Epoch 83/319
2026-07-04 09:47:45.615 | INFO     | loops.fit_loop:run:65 - Epoch 84/319
2026-07-04 09:50:50.493 | INFO     | loops.fit_loop:run:65 - Epoch 85/319
2026-07-04 09:53:49.045 | INFO     | loops.fit_loop:run:65 - Epoch 86/319
2026-07-04 09:56:48.548 | INFO     | loops.fit_loop:run:65 - Epoch 87/319
2026-07-04 09:59:54.482 | INFO     | loops.fit_loop:run:65 - Epoch 88/319
2026-07-04 10:02:54.519 | INFO     | loops.fit_loop:run:65 - Epoch 89/319
2026-07-04 10:05:15.047 | INFO     | callbacks.model_checkpoint:_save_checkpoint:200 - Checkpoint saved: last.ckpt duration_ms=1246.22 size_mb=634.89
2026-07-04 10:05:16.319 | INFO     | callbacks.model_checkpoint:_save_checkpoint:200 - Checkpoint saved: checkpoint-epoch89-step35000.ckpt duration_ms=1267.82 size_mb=634.89
2026-07-04 10:06:02.461 | INFO     | loops.fit_loop:run:65 - Epoch 90/319
2026-07-04 10:09:01.101 | INFO     | loops.fit_loop:run:65 - Epoch 91/319
2026-07-04 10:11:59.927 | INFO     | loops.fit_loop:run:65 - Epoch 92/319
2026-07-04 10:15:04.566 | INFO     | loops.fit_loop:run:65 - Epoch 93/319
2026-07-04 10:18:02.933 | INFO     | loops.fit_loop:run:65 - Epoch 94/319
2026-07-04 10:21:08.827 | INFO     | loops.fit_loop:run:65 - Epoch 95/319
2026-07-04 10:24:08.792 | INFO     | loops.fit_loop:run:65 - Epoch 96/319
2026-07-04 10:27:08.160 | INFO     | loops.fit_loop:run:65 - Epoch 97/319
2026-07-04 10:30:13.957 | INFO     | loops.fit_loop:run:65 - Epoch 98/319
2026-07-04 10:33:13.776 | INFO     | loops.fit_loop:run:65 - Epoch 99/319
2026-07-04 10:36:20.358 | INFO     | loops.fit_loop:run:65 - Epoch 100/319
2026-07-04 10:39:20.076 | INFO     | loops.fit_loop:run:65 - Epoch 101/319
2026-07-04 10:42:19.079 | INFO     | loops.fit_loop:run:65 - Epoch 102/319
2026-07-04 10:44:07.527 | INFO     | callbacks.model_checkpoint:_save_checkpoint:200 - Checkpoint saved: last.ckpt duration_ms=1176.96 size_mb=634.89
2026-07-04 10:45:25.188 | INFO     | loops.fit_loop:run:65 - Epoch 103/319
2026-07-04 10:48:23.948 | INFO     | loops.fit_loop:run:65 - Epoch 104/319
2026-07-04 10:51:22.727 | INFO     | loops.fit_loop:run:65 - Epoch 105/319
2026-07-04 10:54:27.993 | INFO     | loops.fit_loop:run:65 - Epoch 106/319
2026-07-04 10:57:26.977 | INFO     | loops.fit_loop:run:65 - Epoch 107/319
2026-07-04 11:00:32.142 | INFO     | loops.fit_loop:run:65 - Epoch 108/319
2026-07-04 11:03:34.135 | INFO     | loops.fit_loop:run:65 - Epoch 109/319
2026-07-04 11:06:33.011 | INFO     | loops.fit_loop:run:65 - Epoch 110/319
2026-07-04 11:09:38.736 | INFO     | loops.fit_loop:run:65 - Epoch 111/319
2026-07-04 11:12:37.700 | INFO     | loops.fit_loop:run:65 - Epoch 112/319
2026-07-04 11:15:43.395 | INFO     | loops.fit_loop:run:65 - Epoch 113/319
2026-07-04 11:18:42.491 | INFO     | loops.fit_loop:run:65 - Epoch 114/319
2026-07-04 11:21:41.613 | INFO     | loops.fit_loop:run:65 - Epoch 115/319
2026-07-04 11:22:58.320 | INFO     | callbacks.model_checkpoint:_save_checkpoint:200 - Checkpoint saved: last.ckpt duration_ms=1213.64 size_mb=634.89
2026-07-04 11:24:48.228 | INFO     | loops.fit_loop:run:65 - Epoch 116/319
2026-07-04 11:27:47.406 | INFO     | loops.fit_loop:run:65 - Epoch 117/319
2026-07-04 11:30:52.410 | INFO     | loops.fit_loop:run:65 - Epoch 118/319
2026-07-04 11:33:51.525 | INFO     | loops.fit_loop:run:65 - Epoch 119/319
2026-07-04 11:36:50.457 | INFO     | loops.fit_loop:run:65 - Epoch 120/319
2026-07-04 11:39:56.753 | INFO     | loops.fit_loop:run:65 - Epoch 121/319
2026-07-04 11:42:55.419 | INFO     | loops.fit_loop:run:65 - Epoch 122/319
2026-07-04 11:45:54.114 | INFO     | loops.fit_loop:run:65 - Epoch 123/319
2026-07-04 11:48:59.141 | INFO     | loops.fit_loop:run:65 - Epoch 124/319
2026-07-04 11:51:58.178 | INFO     | loops.fit_loop:run:65 - Epoch 125/319
2026-07-04 11:55:03.817 | INFO     | loops.fit_loop:run:65 - Epoch 126/319
2026-07-04 11:58:02.876 | INFO     | loops.fit_loop:run:65 - Epoch 127/319
2026-07-04 12:01:02.025 | INFO     | loops.fit_loop:run:65 - Epoch 128/319
2026-07-04 12:01:46.185 | INFO     | callbacks.model_checkpoint:_save_checkpoint:200 - Checkpoint saved: last.ckpt duration_ms=1076.44 size_mb=634.89
2026-07-04 12:04:08.621 | INFO     | loops.fit_loop:run:65 - Epoch 129/319
2026-07-04 12:07:07.875 | INFO     | loops.fit_loop:run:65 - Epoch 130/319
2026-07-04 12:10:13.065 | INFO     | loops.fit_loop:run:65 - Epoch 131/319
2026-07-04 12:13:12.207 | INFO     | loops.fit_loop:run:65 - Epoch 132/319
2026-07-04 12:16:11.086 | INFO     | loops.fit_loop:run:65 - Epoch 133/319
2026-07-04 12:19:16.343 | INFO     | loops.fit_loop:run:65 - Epoch 134/319
2026-07-04 12:22:15.447 | INFO     | loops.fit_loop:run:65 - Epoch 135/319
2026-07-04 12:25:20.907 | INFO     | loops.fit_loop:run:65 - Epoch 136/319
2026-07-04 12:28:20.221 | INFO     | loops.fit_loop:run:65 - Epoch 137/319
2026-07-04 12:31:19.375 | INFO     | loops.fit_loop:run:65 - Epoch 138/319
2026-07-04 12:34:24.833 | INFO     | loops.fit_loop:run:65 - Epoch 139/319
2026-07-04 12:37:24.021 | INFO     | loops.fit_loop:run:65 - Epoch 140/319
2026-07-04 12:40:22.997 | INFO     | loops.fit_loop:run:65 - Epoch 141/319
2026-07-04 12:40:35.380 | INFO     | callbacks.model_checkpoint:_save_checkpoint:200 - Checkpoint saved: last.ckpt duration_ms=1266.39 size_mb=634.89
2026-07-04 12:43:29.773 | INFO     | loops.fit_loop:run:65 - Epoch 142/319
2026-07-04 12:46:28.987 | INFO     | loops.fit_loop:run:65 - Epoch 143/319
2026-07-04 12:49:34.365 | INFO     | loops.fit_loop:run:65 - Epoch 144/319
2026-07-04 12:52:33.422 | INFO     | loops.fit_loop:run:65 - Epoch 145/319
2026-07-04 12:55:32.550 | INFO     | loops.fit_loop:run:65 - Epoch 146/319
2026-07-04 12:58:37.987 | INFO     | loops.fit_loop:run:65 - Epoch 147/319
2026-07-04 13:01:37.282 | INFO     | loops.fit_loop:run:65 - Epoch 148/319
2026-07-04 13:04:42.616 | INFO     | loops.fit_loop:run:65 - Epoch 149/319
2026-07-04 13:07:41.579 | INFO     | loops.fit_loop:run:65 - Epoch 150/319
2026-07-04 13:10:40.488 | INFO     | loops.fit_loop:run:65 - Epoch 151/319
2026-07-04 13:13:45.663 | INFO     | loops.fit_loop:run:65 - Epoch 152/319
2026-07-04 13:16:44.449 | INFO     | loops.fit_loop:run:65 - Epoch 153/319
2026-07-04 13:19:23.457 | INFO     | callbacks.model_checkpoint:_save_checkpoint:200 - Checkpoint saved: last.ckpt duration_ms=1180.42 size_mb=634.89
2026-07-04 13:19:25.082 | INFO     | callbacks.model_checkpoint:_save_checkpoint:200 - Checkpoint saved: checkpoint-epoch153-step60000.ckpt duration_ms=1610.31 size_mb=634.89
2026-07-04 13:19:52.572 | INFO     | loops.fit_loop:run:65 - Epoch 154/319
2026-07-04 13:22:51.418 | INFO     | loops.fit_loop:run:65 - Epoch 155/319
2026-07-04 13:25:50.222 | INFO     | loops.fit_loop:run:65 - Epoch 156/319
2026-07-04 13:28:55.473 | INFO     | loops.fit_loop:run:65 - Epoch 157/319
2026-07-04 13:31:54.614 | INFO     | loops.fit_loop:run:65 - Epoch 158/319
2026-07-04 13:35:00.009 | INFO     | loops.fit_loop:run:65 - Epoch 159/319
2026-07-04 13:37:59.066 | INFO     | loops.fit_loop:run:65 - Epoch 160/319
2026-07-04 13:40:58.105 | INFO     | loops.fit_loop:run:65 - Epoch 161/319
2026-07-04 13:44:03.451 | INFO     | loops.fit_loop:run:65 - Epoch 162/319
2026-07-04 13:47:02.584 | INFO     | loops.fit_loop:run:65 - Epoch 163/319
2026-07-04 13:50:01.593 | INFO     | loops.fit_loop:run:65 - Epoch 164/319
2026-07-04 13:53:06.748 | INFO     | loops.fit_loop:run:65 - Epoch 165/319
2026-07-04 13:56:06.167 | INFO     | loops.fit_loop:run:65 - Epoch 166/319
2026-07-04 13:58:13.373 | INFO     | callbacks.model_checkpoint:_save_checkpoint:200 - Checkpoint saved: last.ckpt duration_ms=1173.46 size_mb=634.89
2026-07-04 13:59:12.998 | INFO     | loops.fit_loop:run:65 - Epoch 167/319
2026-07-04 14:02:12.051 | INFO     | loops.fit_loop:run:65 - Epoch 168/319
2026-07-04 14:05:11.204 | INFO     | loops.fit_loop:run:65 - Epoch 169/319
2026-07-04 14:08:16.513 | INFO     | loops.fit_loop:run:65 - Epoch 170/319
2026-07-04 14:11:15.238 | INFO     | loops.fit_loop:run:65 - Epoch 171/319
2026-07-04 14:14:20.558 | INFO     | loops.fit_loop:run:65 - Epoch 172/319
2026-07-04 14:17:19.258 | INFO     | loops.fit_loop:run:65 - Epoch 173/319
2026-07-04 14:20:18.098 | INFO     | loops.fit_loop:run:65 - Epoch 174/319
2026-07-04 14:23:23.331 | INFO     | loops.fit_loop:run:65 - Epoch 175/319
2026-07-04 14:26:22.199 | INFO     | loops.fit_loop:run:65 - Epoch 176/319
2026-07-04 14:29:29.469 | INFO     | loops.fit_loop:run:65 - Epoch 177/319
2026-07-04 14:32:28.510 | INFO     | loops.fit_loop:run:65 - Epoch 178/319
2026-07-04 14:35:27.538 | INFO     | loops.fit_loop:run:65 - Epoch 179/319
2026-07-04 14:37:02.334 | INFO     | callbacks.model_checkpoint:_save_checkpoint:200 - Checkpoint saved: last.ckpt duration_ms=1227.57 size_mb=634.89
2026-07-04 14:38:33.890 | INFO     | loops.fit_loop:run:65 - Epoch 180/319
2026-07-04 14:41:33.042 | INFO     | loops.fit_loop:run:65 - Epoch 181/319
2026-07-04 14:44:32.450 | INFO     | loops.fit_loop:run:65 - Epoch 182/319
2026-07-04 14:47:37.605 | INFO     | loops.fit_loop:run:65 - Epoch 183/319
2026-07-04 14:50:36.717 | INFO     | loops.fit_loop:run:65 - Epoch 184/319
2026-07-04 14:53:41.890 | INFO     | loops.fit_loop:run:65 - Epoch 185/319
2026-07-04 14:56:41.421 | INFO     | loops.fit_loop:run:65 - Epoch 186/319
2026-07-04 14:59:40.345 | INFO     | loops.fit_loop:run:65 - Epoch 187/319
2026-07-04 15:02:45.409 | INFO     | loops.fit_loop:run:65 - Epoch 188/319
2026-07-04 15:05:44.152 | INFO     | loops.fit_loop:run:65 - Epoch 189/319
2026-07-04 15:08:49.315 | INFO     | loops.fit_loop:run:65 - Epoch 190/319
2026-07-04 15:11:49.797 | INFO     | loops.fit_loop:run:65 - Epoch 191/319
2026-07-04 15:14:48.398 | INFO     | loops.fit_loop:run:65 - Epoch 192/319
2026-07-04 15:15:50.896 | INFO     | callbacks.model_checkpoint:_save_checkpoint:200 - Checkpoint saved: last.ckpt duration_ms=1141.40 size_mb=634.89
2026-07-04 15:17:54.512 | INFO     | loops.fit_loop:run:65 - Epoch 193/319
2026-07-04 15:20:54.600 | INFO     | loops.fit_loop:run:65 - Epoch 194/319
2026-07-04 15:23:59.994 | INFO     | loops.fit_loop:run:65 - Epoch 195/319
2026-07-04 15:26:58.898 | INFO     | loops.fit_loop:run:65 - Epoch 196/319
2026-07-04 15:29:58.534 | INFO     | loops.fit_loop:run:65 - Epoch 197/319
2026-07-04 15:33:04.439 | INFO     | loops.fit_loop:run:65 - Epoch 198/319
2026-07-04 15:36:03.562 | INFO     | loops.fit_loop:run:65 - Epoch 199/319
2026-07-04 15:39:08.942 | INFO     | loops.fit_loop:run:65 - Epoch 200/319
2026-07-04 15:42:07.826 | INFO     | loops.fit_loop:run:65 - Epoch 201/319
2026-07-04 15:45:06.991 | INFO     | loops.fit_loop:run:65 - Epoch 202/319
2026-07-04 15:48:13.481 | INFO     | loops.fit_loop:run:65 - Epoch 203/319
2026-07-04 15:51:12.890 | INFO     | loops.fit_loop:run:65 - Epoch 204/319
2026-07-04 15:54:12.123 | INFO     | loops.fit_loop:run:65 - Epoch 205/319
2026-07-04 15:54:43.045 | INFO     | callbacks.model_checkpoint:_save_checkpoint:200 - Checkpoint saved: last.ckpt duration_ms=1231.10 size_mb=634.89
2026-07-04 15:57:19.546 | INFO     | loops.fit_loop:run:65 - Epoch 206/319
2026-07-04 16:00:18.937 | INFO     | loops.fit_loop:run:65 - Epoch 207/319
2026-07-04 16:03:24.629 | INFO     | loops.fit_loop:run:65 - Epoch 208/319
2026-07-04 16:06:24.037 | INFO     | loops.fit_loop:run:65 - Epoch 209/319
2026-07-04 16:09:23.275 | INFO     | loops.fit_loop:run:65 - Epoch 210/319
2026-07-04 16:12:28.575 | INFO     | loops.fit_loop:run:65 - Epoch 211/319
2026-07-04 16:15:27.765 | INFO     | loops.fit_loop:run:65 - Epoch 212/319
2026-07-04 16:18:32.937 | INFO     | loops.fit_loop:run:65 - Epoch 213/319
2026-07-04 16:21:32.589 | INFO     | loops.fit_loop:run:65 - Epoch 214/319
2026-07-04 16:24:31.365 | INFO     | loops.fit_loop:run:65 - Epoch 215/319
2026-07-04 16:27:36.253 | INFO     | loops.fit_loop:run:65 - Epoch 216/319
2026-07-04 16:30:34.963 | INFO     | loops.fit_loop:run:65 - Epoch 217/319
2026-07-04 16:33:36.861 | INFO     | callbacks.model_checkpoint:_save_checkpoint:200 - Checkpoint saved: last.ckpt duration_ms=1400.92 size_mb=634.89
2026-07-04 16:33:46.063 | INFO     | loops.fit_loop:run:65 - Epoch 218/319
2026-07-04 16:36:47.354 | INFO     | loops.fit_loop:run:65 - Epoch 219/319
2026-07-04 16:39:46.814 | INFO     | loops.fit_loop:run:65 - Epoch 220/319
2026-07-04 16:42:52.110 | INFO     | loops.fit_loop:run:65 - Epoch 221/319
2026-07-04 16:45:51.814 | INFO     | loops.fit_loop:run:65 - Epoch 222/319
2026-07-04 16:48:51.881 | INFO     | loops.fit_loop:run:65 - Epoch 223/319
2026-07-04 16:51:57.394 | INFO     | loops.fit_loop:run:65 - Epoch 224/319
2026-07-04 16:54:56.415 | INFO     | loops.fit_loop:run:65 - Epoch 225/319
2026-07-04 16:58:01.948 | INFO     | loops.fit_loop:run:65 - Epoch 226/319
2026-07-04 17:01:01.314 | INFO     | loops.fit_loop:run:65 - Epoch 227/319
2026-07-04 17:04:00.553 | INFO     | loops.fit_loop:run:65 - Epoch 228/319
2026-07-04 17:07:06.248 | INFO     | loops.fit_loop:run:65 - Epoch 229/319
2026-07-04 17:10:05.251 | INFO     | loops.fit_loop:run:65 - Epoch 230/319
2026-07-04 17:12:33.638 | INFO     | callbacks.model_checkpoint:_save_checkpoint:200 - Checkpoint saved: last.ckpt duration_ms=2204.31 size_mb=634.89
2026-07-04 17:13:15.183 | INFO     | loops.fit_loop:run:65 - Epoch 231/319
2026-07-04 17:16:13.863 | INFO     | loops.fit_loop:run:65 - Epoch 232/319
2026-07-04 17:19:13.378 | INFO     | loops.fit_loop:run:65 - Epoch 233/319
2026-07-04 17:22:18.527 | INFO     | loops.fit_loop:run:65 - Epoch 234/319
2026-07-04 17:25:17.595 | INFO     | loops.fit_loop:run:65 - Epoch 235/319
2026-07-04 17:28:22.821 | INFO     | loops.fit_loop:run:65 - Epoch 236/319
2026-07-04 17:31:21.937 | INFO     | loops.fit_loop:run:65 - Epoch 237/319
2026-07-04 17:34:21.738 | INFO     | loops.fit_loop:run:65 - Epoch 238/319
2026-07-04 17:37:27.981 | INFO     | loops.fit_loop:run:65 - Epoch 239/319
2026-07-04 17:40:27.203 | INFO     | loops.fit_loop:run:65 - Epoch 240/319
2026-07-04 17:43:26.210 | INFO     | loops.fit_loop:run:65 - Epoch 241/319
2026-07-04 17:46:31.358 | INFO     | loops.fit_loop:run:65 - Epoch 242/319
2026-07-04 17:49:30.314 | INFO     | loops.fit_loop:run:65 - Epoch 243/319
2026-07-04 17:51:23.685 | INFO     | callbacks.model_checkpoint:_save_checkpoint:200 - Checkpoint saved: last.ckpt duration_ms=1431.43 size_mb=634.89
2026-07-04 17:52:36.915 | INFO     | loops.fit_loop:run:65 - Epoch 244/319
2026-07-04 17:55:36.014 | INFO     | loops.fit_loop:run:65 - Epoch 245/319
2026-07-04 17:58:35.290 | INFO     | loops.fit_loop:run:65 - Epoch 246/319
2026-07-04 18:01:40.732 | INFO     | loops.fit_loop:run:65 - Epoch 247/319
2026-07-04 18:04:39.796 | INFO     | loops.fit_loop:run:65 - Epoch 248/319
2026-07-04 18:07:46.330 | INFO     | loops.fit_loop:run:65 - Epoch 249/319
2026-07-04 18:10:45.782 | INFO     | loops.fit_loop:run:65 - Epoch 250/319
2026-07-04 18:13:44.933 | INFO     | loops.fit_loop:run:65 - Epoch 251/319
2026-07-04 18:16:50.281 | INFO     | loops.fit_loop:run:65 - Epoch 252/319
2026-07-04 18:19:48.991 | INFO     | loops.fit_loop:run:65 - Epoch 253/319
2026-07-04 18:22:54.119 | INFO     | loops.fit_loop:run:65 - Epoch 254/319
2026-07-04 18:25:53.132 | INFO     | loops.fit_loop:run:65 - Epoch 255/319
2026-07-04 18:28:51.996 | INFO     | loops.fit_loop:run:65 - Epoch 256/319
2026-07-04 18:30:13.182 | INFO     | callbacks.model_checkpoint:_save_checkpoint:200 - Checkpoint saved: last.ckpt duration_ms=1296.66 size_mb=634.89
2026-07-04 18:31:58.537 | INFO     | loops.fit_loop:run:65 - Epoch 257/319
2026-07-04 18:34:57.570 | INFO     | loops.fit_loop:run:65 - Epoch 258/319
2026-07-04 18:38:02.844 | INFO     | loops.fit_loop:run:65 - Epoch 259/319
2026-07-04 18:41:01.924 | INFO     | loops.fit_loop:run:65 - Epoch 260/319
2026-07-04 18:44:00.922 | INFO     | loops.fit_loop:run:65 - Epoch 261/319
2026-07-04 18:47:06.903 | INFO     | loops.fit_loop:run:65 - Epoch 262/319
2026-07-04 18:50:05.781 | INFO     | loops.fit_loop:run:65 - Epoch 263/319
2026-07-04 18:53:04.591 | INFO     | loops.fit_loop:run:65 - Epoch 264/319
2026-07-04 18:56:10.490 | INFO     | loops.fit_loop:run:65 - Epoch 265/319
2026-07-04 18:59:10.882 | INFO     | loops.fit_loop:run:65 - Epoch 266/319
2026-07-04 19:02:16.422 | INFO     | loops.fit_loop:run:65 - Epoch 267/319
2026-07-04 19:05:15.525 | INFO     | loops.fit_loop:run:65 - Epoch 268/319
2026-07-04 19:08:14.421 | INFO     | loops.fit_loop:run:65 - Epoch 269/319
2026-07-04 19:09:03.425 | INFO     | callbacks.model_checkpoint:_save_checkpoint:200 - Checkpoint saved: last.ckpt duration_ms=1340.74 size_mb=634.89
2026-07-04 19:11:20.784 | INFO     | loops.fit_loop:run:65 - Epoch 270/319
2026-07-04 19:14:19.681 | INFO     | loops.fit_loop:run:65 - Epoch 271/319
2026-07-04 19:17:25.134 | INFO     | loops.fit_loop:run:65 - Epoch 272/319
2026-07-04 19:20:24.887 | INFO     | loops.fit_loop:run:65 - Epoch 273/319
2026-07-04 19:23:24.288 | INFO     | loops.fit_loop:run:65 - Epoch 274/319
2026-07-04 19:26:30.027 | INFO     | loops.fit_loop:run:65 - Epoch 275/319
2026-07-04 19:29:29.342 | INFO     | loops.fit_loop:run:65 - Epoch 276/319
2026-07-04 19:32:34.456 | INFO     | loops.fit_loop:run:65 - Epoch 277/319
2026-07-04 19:35:33.185 | INFO     | loops.fit_loop:run:65 - Epoch 278/319
2026-07-04 19:38:32.062 | INFO     | loops.fit_loop:run:65 - Epoch 279/319
2026-07-04 19:41:37.316 | INFO     | loops.fit_loop:run:65 - Epoch 280/319
2026-07-04 19:44:36.049 | INFO     | loops.fit_loop:run:65 - Epoch 281/319
2026-07-04 19:47:35.076 | INFO     | loops.fit_loop:run:65 - Epoch 282/319
2026-07-04 19:47:52.070 | INFO     | callbacks.model_checkpoint:_save_checkpoint:200 - Checkpoint saved: last.ckpt duration_ms=1380.88 size_mb=634.89
2026-07-04 19:47:53.343 | INFO     | callbacks.model_checkpoint:_save_checkpoint:200 - Checkpoint saved: checkpoint-epoch282-step110000.ckpt duration_ms=1268.52 size_mb=634.89
2026-07-04 19:50:43.613 | INFO     | loops.fit_loop:run:65 - Epoch 283/319
2026-07-04 19:53:42.669 | INFO     | loops.fit_loop:run:65 - Epoch 284/319
2026-07-04 19:56:47.865 | INFO     | loops.fit_loop:run:65 - Epoch 285/319
2026-07-04 19:59:46.675 | INFO     | loops.fit_loop:run:65 - Epoch 286/319
2026-07-04 20:02:45.181 | INFO     | loops.fit_loop:run:65 - Epoch 287/319
2026-07-04 20:05:50.726 | INFO     | loops.fit_loop:run:65 - Epoch 288/319
2026-07-04 20:08:49.805 | INFO     | loops.fit_loop:run:65 - Epoch 289/319
2026-07-04 20:11:55.196 | INFO     | loops.fit_loop:run:65 - Epoch 290/319
2026-07-04 20:14:54.111 | INFO     | loops.fit_loop:run:65 - Epoch 291/319
2026-07-04 20:17:53.440 | INFO     | loops.fit_loop:run:65 - Epoch 292/319
2026-07-04 20:20:58.855 | INFO     | loops.fit_loop:run:65 - Epoch 293/319
2026-07-04 20:23:58.032 | INFO     | loops.fit_loop:run:65 - Epoch 294/319
2026-07-04 20:26:41.886 | INFO     | callbacks.model_checkpoint:_save_checkpoint:200 - Checkpoint saved: last.ckpt duration_ms=1272.35 size_mb=634.89
2026-07-04 20:26:43.057 | INFO     | callbacks.model_checkpoint:_save_checkpoint:200 - Checkpoint saved: checkpoint-epoch294-step115000.ckpt duration_ms=1166.58 size_mb=634.89
2026-07-04 20:27:05.934 | INFO     | loops.fit_loop:run:65 - Epoch 295/319
2026-07-04 20:30:05.087 | INFO     | loops.fit_loop:run:65 - Epoch 296/319
2026-07-04 20:33:04.248 | INFO     | loops.fit_loop:run:65 - Epoch 297/319
2026-07-04 20:36:09.379 | INFO     | loops.fit_loop:run:65 - Epoch 298/319
2026-07-04 20:39:08.332 | INFO     | loops.fit_loop:run:65 - Epoch 299/319
2026-07-04 20:42:13.635 | INFO     | loops.fit_loop:run:65 - Epoch 300/319
2026-07-04 20:45:12.826 | INFO     | loops.fit_loop:run:65 - Epoch 301/319
2026-07-04 20:48:12.097 | INFO     | loops.fit_loop:run:65 - Epoch 302/319
2026-07-04 20:51:17.338 | INFO     | loops.fit_loop:run:65 - Epoch 303/319
2026-07-04 20:54:16.163 | INFO     | loops.fit_loop:run:65 - Epoch 304/319
2026-07-04 20:57:15.201 | INFO     | loops.fit_loop:run:65 - Epoch 305/319
2026-07-04 21:00:20.651 | INFO     | loops.fit_loop:run:65 - Epoch 306/319
2026-07-04 21:03:19.825 | INFO     | loops.fit_loop:run:65 - Epoch 307/319
2026-07-04 21:05:31.349 | INFO     | callbacks.model_checkpoint:_save_checkpoint:200 - Checkpoint saved: last.ckpt duration_ms=1106.25 size_mb=634.89
2026-07-04 21:06:26.327 | INFO     | loops.fit_loop:run:65 - Epoch 308/319
2026-07-04 21:09:25.508 | INFO     | loops.fit_loop:run:65 - Epoch 309/319
2026-07-04 21:12:24.575 | INFO     | loops.fit_loop:run:65 - Epoch 310/319
2026-07-04 21:15:30.054 | INFO     | loops.fit_loop:run:65 - Epoch 311/319
2026-07-04 21:18:29.229 | INFO     | loops.fit_loop:run:65 - Epoch 312/319
2026-07-04 21:21:34.613 | INFO     | loops.fit_loop:run:65 - Epoch 313/319
2026-07-04 21:24:33.835 | INFO     | loops.fit_loop:run:65 - Epoch 314/319
2026-07-04 21:27:33.037 | INFO     | loops.fit_loop:run:65 - Epoch 315/319
2026-07-04 21:30:38.500 | INFO     | loops.fit_loop:run:65 - Epoch 316/319
2026-07-04 21:33:37.548 | INFO     | loops.fit_loop:run:65 - Epoch 317/319
2026-07-04 21:36:42.993 | INFO     | loops.fit_loop:run:65 - Epoch 318/319
2026-07-04 21:39:42.114 | INFO     | loops.fit_loop:run:65 - Epoch 319/319
2026-07-04 21:42:41.234 | INFO     | vocode.trainers.reproduction_training_runner:_run_training:160 - Project-trained reproduction checkpoint written for bigvgan seed=1234; checkpoint metadata recorded
2026-07-04 21:42:41.421 | INFO     | vocode.trainers.scratch_reproduction_runner:_finalize_experiment_log:132 - Experiment vocode_checkpoint01_training_reproduction finished. Rows written: 1. Elapsed: 58348.9s
