2026-07-07 07:21:16.423 | INFO     | vocode.trainers.scratch_reproduction_runner:_announce_run:97 - Experiment vocode_checkpoint01_training_reproduction run_id=vocosformer_full_bf16bs32_20260707_0940 architecture=vocosformer seed=1234 evidence_category=project_hybrid_variants stage=train
2026-07-07 07:21:16.424 | INFO     | vocode.trainers.scratch_reproduction_runner:_announce_run:102 - Hypothesis: Project-trained efficient vocoder reproduces the selected published architecture under the VOCODE LJSpeech training protocol.
2026-07-07 07:21:25.708 | INFO     | core.trainer:_sanity_check_validation:757 - Running 2 sanity validation batches
2026-07-07 07:21:33.180 | INFO     | loops.fit_loop:run:65 - Epoch 0/319
2026-07-07 07:24:16.334 | INFO     | loops.fit_loop:run:65 - Epoch 1/319
2026-07-07 07:25:24.932 | INFO     | loops.fit_loop:run:65 - Epoch 2/319
2026-07-07 07:26:43.852 | INFO     | loops.fit_loop:run:65 - Epoch 3/319
2026-07-07 07:27:51.828 | INFO     | loops.fit_loop:run:65 - Epoch 4/319
2026-07-07 07:28:59.862 | INFO     | loops.fit_loop:run:65 - Epoch 5/319
2026-07-07 07:30:08.088 | INFO     | loops.fit_loop:run:65 - Epoch 6/319
2026-07-07 07:31:16.193 | INFO     | loops.fit_loop:run:65 - Epoch 7/319
2026-07-07 07:32:31.958 | INFO     | loops.fit_loop:run:65 - Epoch 8/319
2026-07-07 07:33:40.631 | INFO     | loops.fit_loop:run:65 - Epoch 9/319
2026-07-07 07:34:48.605 | INFO     | loops.fit_loop:run:65 - Epoch 10/319
2026-07-07 07:35:57.165 | INFO     | loops.fit_loop:run:65 - Epoch 11/319
2026-07-07 07:37:04.993 | INFO     | loops.fit_loop:run:65 - Epoch 12/319
2026-07-07 07:38:02.528 | INFO     | callbacks.model_checkpoint:_save_checkpoint:200 - Checkpoint saved: last.ckpt duration_ms=1228.79 size_mb=645.06
2026-07-07 07:38:03.726 | INFO     | callbacks.model_checkpoint:_save_checkpoint:200 - Checkpoint saved: checkpoint-epoch12-step05000.ckpt duration_ms=1193.39 size_mb=645.06
2026-07-07 07:38:16.159 | INFO     | loops.fit_loop:run:65 - Epoch 13/319
2026-07-07 07:39:24.101 | INFO     | loops.fit_loop:run:65 - Epoch 14/319
2026-07-07 07:40:31.862 | INFO     | loops.fit_loop:run:65 - Epoch 15/319
2026-07-07 07:41:39.903 | INFO     | loops.fit_loop:run:65 - Epoch 16/319
2026-07-07 07:42:48.149 | INFO     | loops.fit_loop:run:65 - Epoch 17/319
2026-07-07 07:43:57.074 | INFO     | loops.fit_loop:run:65 - Epoch 18/319
2026-07-07 07:45:05.262 | INFO     | loops.fit_loop:run:65 - Epoch 19/319
2026-07-07 07:46:29.980 | INFO     | loops.fit_loop:run:65 - Epoch 20/319
2026-07-07 07:47:38.943 | INFO     | loops.fit_loop:run:65 - Epoch 21/319
2026-07-07 07:48:48.148 | INFO     | loops.fit_loop:run:65 - Epoch 22/319
2026-07-07 07:49:57.812 | INFO     | loops.fit_loop:run:65 - Epoch 23/319
2026-07-07 07:51:06.483 | INFO     | loops.fit_loop:run:65 - Epoch 24/319
2026-07-07 07:52:14.441 | INFO     | loops.fit_loop:run:65 - Epoch 25/319
2026-07-07 07:53:00.302 | INFO     | callbacks.model_checkpoint:_save_checkpoint:200 - Checkpoint saved: last.ckpt duration_ms=1268.12 size_mb=645.06
2026-07-07 07:53:01.591 | INFO     | callbacks.model_checkpoint:_save_checkpoint:200 - Checkpoint saved: checkpoint-epoch25-step10000.ckpt duration_ms=1283.28 size_mb=645.06
2026-07-07 07:53:26.045 | INFO     | loops.fit_loop:run:65 - Epoch 26/319
2026-07-07 07:54:34.021 | INFO     | loops.fit_loop:run:65 - Epoch 27/319
2026-07-07 07:55:41.309 | INFO     | loops.fit_loop:run:65 - Epoch 28/319
2026-07-07 07:56:58.315 | INFO     | loops.fit_loop:run:65 - Epoch 29/319
2026-07-07 07:58:12.754 | INFO     | loops.fit_loop:run:65 - Epoch 30/319
2026-07-07 07:59:22.588 | INFO     | loops.fit_loop:run:65 - Epoch 31/319
2026-07-07 08:00:31.433 | INFO     | loops.fit_loop:run:65 - Epoch 32/319
2026-07-07 08:01:44.268 | INFO     | loops.fit_loop:run:65 - Epoch 33/319
2026-07-07 08:02:56.636 | INFO     | loops.fit_loop:run:65 - Epoch 34/319
2026-07-07 08:04:08.138 | INFO     | loops.fit_loop:run:65 - Epoch 35/319
2026-07-07 08:05:18.243 | INFO     | loops.fit_loop:run:65 - Epoch 36/319
2026-07-07 08:06:26.834 | INFO     | loops.fit_loop:run:65 - Epoch 37/319
2026-07-07 08:07:35.119 | INFO     | loops.fit_loop:run:65 - Epoch 38/319
2026-07-07 08:08:08.684 | INFO     | callbacks.model_checkpoint:_save_checkpoint:200 - Checkpoint saved: last.ckpt duration_ms=1157.99 size_mb=645.06
2026-07-07 08:08:09.835 | INFO     | callbacks.model_checkpoint:_save_checkpoint:200 - Checkpoint saved: checkpoint-epoch38-step15000.ckpt duration_ms=1147.88 size_mb=645.06
2026-07-07 08:08:46.707 | INFO     | loops.fit_loop:run:65 - Epoch 39/319
2026-07-07 08:09:58.058 | INFO     | loops.fit_loop:run:65 - Epoch 40/319
2026-07-07 08:11:11.032 | INFO     | loops.fit_loop:run:65 - Epoch 41/319
2026-07-07 08:12:20.910 | INFO     | loops.fit_loop:run:65 - Epoch 42/319
2026-07-07 08:13:38.236 | INFO     | loops.fit_loop:run:65 - Epoch 43/319
2026-07-07 08:14:52.618 | INFO     | loops.fit_loop:run:65 - Epoch 44/319
2026-07-07 08:16:02.856 | INFO     | loops.fit_loop:run:65 - Epoch 45/319
2026-07-07 08:17:18.157 | INFO     | loops.fit_loop:run:65 - Epoch 46/319
2026-07-07 08:18:29.161 | INFO     | loops.fit_loop:run:65 - Epoch 47/319
2026-07-07 08:19:42.878 | INFO     | loops.fit_loop:run:65 - Epoch 48/319
2026-07-07 08:20:52.299 | INFO     | loops.fit_loop:run:65 - Epoch 49/319
2026-07-07 08:22:02.323 | INFO     | loops.fit_loop:run:65 - Epoch 50/319
2026-07-07 08:23:12.050 | INFO     | loops.fit_loop:run:65 - Epoch 51/319
2026-07-07 08:23:33.354 | INFO     | callbacks.model_checkpoint:_save_checkpoint:200 - Checkpoint saved: last.ckpt duration_ms=1139.75 size_mb=645.06
2026-07-07 08:24:23.933 | INFO     | loops.fit_loop:run:65 - Epoch 52/319
2026-07-07 08:25:32.909 | INFO     | loops.fit_loop:run:65 - Epoch 53/319
2026-07-07 08:26:49.229 | INFO     | loops.fit_loop:run:65 - Epoch 54/319
2026-07-07 08:27:59.260 | INFO     | loops.fit_loop:run:65 - Epoch 55/319
2026-07-07 08:29:07.686 | INFO     | loops.fit_loop:run:65 - Epoch 56/319
2026-07-07 08:30:16.688 | INFO     | loops.fit_loop:run:65 - Epoch 57/319
2026-07-07 08:31:27.994 | INFO     | loops.fit_loop:run:65 - Epoch 58/319
2026-07-07 08:32:37.690 | INFO     | loops.fit_loop:run:65 - Epoch 59/319
2026-07-07 08:33:46.590 | INFO     | loops.fit_loop:run:65 - Epoch 60/319
2026-07-07 08:34:55.298 | INFO     | loops.fit_loop:run:65 - Epoch 61/319
2026-07-07 08:36:04.539 | INFO     | loops.fit_loop:run:65 - Epoch 62/319
2026-07-07 08:37:18.971 | INFO     | loops.fit_loop:run:65 - Epoch 63/319
2026-07-07 08:38:27.573 | INFO     | loops.fit_loop:run:65 - Epoch 64/319
2026-07-07 08:38:36.639 | INFO     | callbacks.model_checkpoint:_save_checkpoint:200 - Checkpoint saved: last.ckpt duration_ms=1247.29 size_mb=645.06
2026-07-07 08:39:37.758 | INFO     | loops.fit_loop:run:65 - Epoch 65/319
2026-07-07 08:40:51.335 | INFO     | loops.fit_loop:run:65 - Epoch 66/319
2026-07-07 08:42:01.082 | INFO     | loops.fit_loop:run:65 - Epoch 67/319
2026-07-07 08:43:09.110 | INFO     | loops.fit_loop:run:65 - Epoch 68/319
2026-07-07 08:44:18.590 | INFO     | loops.fit_loop:run:65 - Epoch 69/319
2026-07-07 08:45:27.175 | INFO     | loops.fit_loop:run:65 - Epoch 70/319
2026-07-07 08:46:39.271 | INFO     | loops.fit_loop:run:65 - Epoch 71/319
2026-07-07 08:47:49.979 | INFO     | loops.fit_loop:run:65 - Epoch 72/319
2026-07-07 08:49:01.057 | INFO     | loops.fit_loop:run:65 - Epoch 73/319
2026-07-07 08:50:09.671 | INFO     | loops.fit_loop:run:65 - Epoch 74/319
2026-07-07 08:51:18.067 | INFO     | loops.fit_loop:run:65 - Epoch 75/319
2026-07-07 08:52:28.163 | INFO     | loops.fit_loop:run:65 - Epoch 76/319
2026-07-07 08:53:32.771 | INFO     | callbacks.model_checkpoint:_save_checkpoint:200 - Checkpoint saved: last.ckpt duration_ms=1171.32 size_mb=645.06
2026-07-07 08:53:34.343 | INFO     | callbacks.model_checkpoint:_save_checkpoint:200 - Checkpoint saved: checkpoint-epoch76-step30000.ckpt duration_ms=1561.50 size_mb=645.06
2026-07-07 08:53:39.511 | INFO     | loops.fit_loop:run:65 - Epoch 77/319
2026-07-07 08:54:47.315 | INFO     | loops.fit_loop:run:65 - Epoch 78/319
2026-07-07 08:55:56.851 | INFO     | loops.fit_loop:run:65 - Epoch 79/319
2026-07-07 08:57:08.037 | INFO     | loops.fit_loop:run:65 - Epoch 80/319
2026-07-07 08:58:16.543 | INFO     | loops.fit_loop:run:65 - Epoch 81/319
2026-07-07 08:59:24.781 | INFO     | loops.fit_loop:run:65 - Epoch 82/319
2026-07-07 09:00:35.379 | INFO     | loops.fit_loop:run:65 - Epoch 83/319
2026-07-07 09:01:43.667 | INFO     | loops.fit_loop:run:65 - Epoch 84/319
2026-07-07 09:02:52.237 | INFO     | loops.fit_loop:run:65 - Epoch 85/319
2026-07-07 09:04:00.509 | INFO     | loops.fit_loop:run:65 - Epoch 86/319
2026-07-07 09:05:08.293 | INFO     | loops.fit_loop:run:65 - Epoch 87/319
2026-07-07 09:06:17.024 | INFO     | loops.fit_loop:run:65 - Epoch 88/319
2026-07-07 09:07:25.462 | INFO     | loops.fit_loop:run:65 - Epoch 89/319
2026-07-07 09:08:17.449 | INFO     | callbacks.model_checkpoint:_save_checkpoint:200 - Checkpoint saved: last.ckpt duration_ms=1231.34 size_mb=645.06
2026-07-07 09:08:18.793 | INFO     | callbacks.model_checkpoint:_save_checkpoint:200 - Checkpoint saved: checkpoint-epoch89-step35000.ckpt duration_ms=1340.89 size_mb=645.06
2026-07-07 09:08:36.432 | INFO     | loops.fit_loop:run:65 - Epoch 90/319
2026-07-07 09:09:44.076 | INFO     | loops.fit_loop:run:65 - Epoch 91/319
2026-07-07 09:10:52.399 | INFO     | loops.fit_loop:run:65 - Epoch 92/319
2026-07-07 09:12:00.956 | INFO     | loops.fit_loop:run:65 - Epoch 93/319
2026-07-07 09:13:09.752 | INFO     | loops.fit_loop:run:65 - Epoch 94/319
2026-07-07 09:14:18.677 | INFO     | loops.fit_loop:run:65 - Epoch 95/319
2026-07-07 09:15:26.816 | INFO     | loops.fit_loop:run:65 - Epoch 96/319
2026-07-07 09:16:35.380 | INFO     | loops.fit_loop:run:65 - Epoch 97/319
2026-07-07 09:17:44.076 | INFO     | loops.fit_loop:run:65 - Epoch 98/319
2026-07-07 09:18:52.318 | INFO     | loops.fit_loop:run:65 - Epoch 99/319
2026-07-07 09:20:02.398 | INFO     | loops.fit_loop:run:65 - Epoch 100/319
2026-07-07 09:21:10.295 | INFO     | loops.fit_loop:run:65 - Epoch 101/319
2026-07-07 09:22:18.533 | INFO     | loops.fit_loop:run:65 - Epoch 102/319
2026-07-07 09:22:59.094 | INFO     | callbacks.model_checkpoint:_save_checkpoint:200 - Checkpoint saved: last.ckpt duration_ms=1200.88 size_mb=645.06
2026-07-07 09:23:28.927 | INFO     | loops.fit_loop:run:65 - Epoch 103/319
2026-07-07 09:24:37.061 | INFO     | loops.fit_loop:run:65 - Epoch 104/319
2026-07-07 09:25:45.094 | INFO     | loops.fit_loop:run:65 - Epoch 105/319
2026-07-07 09:26:53.878 | INFO     | loops.fit_loop:run:65 - Epoch 106/319
2026-07-07 09:28:02.416 | INFO     | loops.fit_loop:run:65 - Epoch 107/319
2026-07-07 09:29:11.568 | INFO     | loops.fit_loop:run:65 - Epoch 108/319
2026-07-07 09:30:19.695 | INFO     | loops.fit_loop:run:65 - Epoch 109/319
2026-07-07 09:31:29.195 | INFO     | loops.fit_loop:run:65 - Epoch 110/319
2026-07-07 09:32:37.774 | INFO     | loops.fit_loop:run:65 - Epoch 111/319
2026-07-07 09:33:46.062 | INFO     | loops.fit_loop:run:65 - Epoch 112/319
2026-07-07 09:34:54.477 | INFO     | loops.fit_loop:run:65 - Epoch 113/319
2026-07-07 09:36:06.696 | INFO     | loops.fit_loop:run:65 - Epoch 114/319
2026-07-07 09:37:15.255 | INFO     | loops.fit_loop:run:65 - Epoch 115/319
2026-07-07 09:37:43.345 | INFO     | callbacks.model_checkpoint:_save_checkpoint:200 - Checkpoint saved: last.ckpt duration_ms=1129.29 size_mb=645.06
2026-07-07 09:37:44.514 | INFO     | callbacks.model_checkpoint:_save_checkpoint:200 - Checkpoint saved: checkpoint-epoch115-step45000.ckpt duration_ms=1164.34 size_mb=645.06
2026-07-07 09:38:26.119 | INFO     | loops.fit_loop:run:65 - Epoch 116/319
2026-07-07 09:39:34.234 | INFO     | loops.fit_loop:run:65 - Epoch 117/319
2026-07-07 09:40:42.800 | INFO     | loops.fit_loop:run:65 - Epoch 118/319
2026-07-07 09:41:50.931 | INFO     | loops.fit_loop:run:65 - Epoch 119/319
2026-07-07 09:43:01.121 | INFO     | loops.fit_loop:run:65 - Epoch 120/319
2026-07-07 09:44:10.920 | INFO     | loops.fit_loop:run:65 - Epoch 121/319
2026-07-07 09:45:19.275 | INFO     | loops.fit_loop:run:65 - Epoch 122/319
2026-07-07 09:46:27.846 | INFO     | loops.fit_loop:run:65 - Epoch 123/319
2026-07-07 09:47:37.279 | INFO     | loops.fit_loop:run:65 - Epoch 124/319
2026-07-07 09:48:45.984 | INFO     | loops.fit_loop:run:65 - Epoch 125/319
2026-07-07 09:49:55.050 | INFO     | loops.fit_loop:run:65 - Epoch 126/319
2026-07-07 09:51:04.697 | INFO     | loops.fit_loop:run:65 - Epoch 127/319
2026-07-07 09:52:18.781 | INFO     | loops.fit_loop:run:65 - Epoch 128/319
2026-07-07 09:52:35.277 | INFO     | callbacks.model_checkpoint:_save_checkpoint:200 - Checkpoint saved: last.ckpt duration_ms=1257.68 size_mb=645.06
2026-07-07 09:53:32.489 | INFO     | loops.fit_loop:run:65 - Epoch 129/319
2026-07-07 09:54:40.761 | INFO     | loops.fit_loop:run:65 - Epoch 130/319
2026-07-07 09:55:49.819 | INFO     | loops.fit_loop:run:65 - Epoch 131/319
2026-07-07 09:56:58.193 | INFO     | loops.fit_loop:run:65 - Epoch 132/319
2026-07-07 09:58:06.275 | INFO     | loops.fit_loop:run:65 - Epoch 133/319
2026-07-07 09:59:21.853 | INFO     | loops.fit_loop:run:65 - Epoch 134/319
2026-07-07 10:00:35.863 | INFO     | loops.fit_loop:run:65 - Epoch 135/319
2026-07-07 10:01:53.282 | INFO     | loops.fit_loop:run:65 - Epoch 136/319
2026-07-07 10:03:04.629 | INFO     | loops.fit_loop:run:65 - Epoch 137/319
2026-07-07 10:04:14.322 | INFO     | loops.fit_loop:run:65 - Epoch 138/319
2026-07-07 10:05:29.246 | INFO     | loops.fit_loop:run:65 - Epoch 139/319
2026-07-07 10:06:41.288 | INFO     | loops.fit_loop:run:65 - Epoch 140/319
2026-07-07 10:07:50.737 | INFO     | loops.fit_loop:run:65 - Epoch 141/319
2026-07-07 10:07:54.944 | INFO     | callbacks.model_checkpoint:_save_checkpoint:200 - Checkpoint saved: last.ckpt duration_ms=1485.17 size_mb=645.06
2026-07-07 10:09:03.521 | INFO     | loops.fit_loop:run:65 - Epoch 142/319
2026-07-07 10:10:14.449 | INFO     | loops.fit_loop:run:65 - Epoch 143/319
2026-07-07 10:11:23.670 | INFO     | loops.fit_loop:run:65 - Epoch 144/319
2026-07-07 10:12:32.631 | INFO     | loops.fit_loop:run:65 - Epoch 145/319
2026-07-07 10:13:42.126 | INFO     | loops.fit_loop:run:65 - Epoch 146/319
2026-07-07 10:14:51.640 | INFO     | loops.fit_loop:run:65 - Epoch 147/319
2026-07-07 10:16:00.406 | INFO     | loops.fit_loop:run:65 - Epoch 148/319
2026-07-07 10:17:09.556 | INFO     | loops.fit_loop:run:65 - Epoch 149/319
2026-07-07 10:18:17.327 | INFO     | loops.fit_loop:run:65 - Epoch 150/319
2026-07-07 10:19:25.151 | INFO     | loops.fit_loop:run:65 - Epoch 151/319
2026-07-07 10:20:33.923 | INFO     | loops.fit_loop:run:65 - Epoch 152/319
2026-07-07 10:21:41.572 | INFO     | loops.fit_loop:run:65 - Epoch 153/319
2026-07-07 10:22:41.043 | INFO     | callbacks.model_checkpoint:_save_checkpoint:200 - Checkpoint saved: last.ckpt duration_ms=1281.44 size_mb=645.06
2026-07-07 10:22:42.332 | INFO     | callbacks.model_checkpoint:_save_checkpoint:200 - Checkpoint saved: checkpoint-epoch153-step60000.ckpt duration_ms=1282.97 size_mb=645.06
2026-07-07 10:22:52.880 | INFO     | loops.fit_loop:run:65 - Epoch 154/319
2026-07-07 10:24:00.323 | INFO     | loops.fit_loop:run:65 - Epoch 155/319
2026-07-07 10:25:08.925 | INFO     | loops.fit_loop:run:65 - Epoch 156/319
2026-07-07 10:26:22.216 | INFO     | loops.fit_loop:run:65 - Epoch 157/319
2026-07-07 10:27:34.673 | INFO     | loops.fit_loop:run:65 - Epoch 158/319
2026-07-07 10:28:48.192 | INFO     | loops.fit_loop:run:65 - Epoch 159/319
2026-07-07 10:30:01.839 | INFO     | loops.fit_loop:run:65 - Epoch 160/319
2026-07-07 10:31:15.827 | INFO     | loops.fit_loop:run:65 - Epoch 161/319
2026-07-07 10:32:33.389 | INFO     | loops.fit_loop:run:65 - Epoch 162/319
2026-07-07 10:33:46.532 | INFO     | loops.fit_loop:run:65 - Epoch 163/319
2026-07-07 10:34:57.439 | INFO     | loops.fit_loop:run:65 - Epoch 164/319
2026-07-07 10:36:09.993 | INFO     | loops.fit_loop:run:65 - Epoch 165/319
2026-07-07 10:37:22.091 | INFO     | loops.fit_loop:run:65 - Epoch 166/319
2026-07-07 10:38:13.023 | INFO     | callbacks.model_checkpoint:_save_checkpoint:200 - Checkpoint saved: last.ckpt duration_ms=1431.86 size_mb=645.06
2026-07-07 10:38:36.564 | INFO     | loops.fit_loop:run:65 - Epoch 167/319
2026-07-07 10:39:47.178 | INFO     | loops.fit_loop:run:65 - Epoch 168/319
2026-07-07 10:40:57.799 | INFO     | loops.fit_loop:run:65 - Epoch 169/319
2026-07-07 10:42:09.042 | INFO     | loops.fit_loop:run:65 - Epoch 170/319
2026-07-07 10:43:18.517 | INFO     | loops.fit_loop:run:65 - Epoch 171/319
2026-07-07 10:44:36.493 | INFO     | loops.fit_loop:run:65 - Epoch 172/319
2026-07-07 10:45:47.735 | INFO     | loops.fit_loop:run:65 - Epoch 173/319
2026-07-07 10:46:59.427 | INFO     | loops.fit_loop:run:65 - Epoch 174/319
2026-07-07 10:48:14.417 | INFO     | loops.fit_loop:run:65 - Epoch 175/319
2026-07-07 10:49:25.447 | INFO     | loops.fit_loop:run:65 - Epoch 176/319
2026-07-07 10:50:36.407 | INFO     | loops.fit_loop:run:65 - Epoch 177/319
2026-07-07 10:51:46.023 | INFO     | loops.fit_loop:run:65 - Epoch 178/319
2026-07-07 10:52:56.541 | INFO     | loops.fit_loop:run:65 - Epoch 179/319
2026-07-07 10:53:33.001 | INFO     | callbacks.model_checkpoint:_save_checkpoint:200 - Checkpoint saved: last.ckpt duration_ms=1341.63 size_mb=645.06
2026-07-07 10:53:35.680 | INFO     | callbacks.model_checkpoint:_save_checkpoint:200 - Checkpoint saved: checkpoint-epoch179-step70000.ckpt duration_ms=2669.80 size_mb=645.06
2026-07-07 10:54:11.894 | INFO     | loops.fit_loop:run:65 - Epoch 180/319
2026-07-07 10:55:22.488 | INFO     | loops.fit_loop:run:65 - Epoch 181/319
2026-07-07 10:56:33.760 | INFO     | loops.fit_loop:run:65 - Epoch 182/319
2026-07-07 10:57:46.044 | INFO     | loops.fit_loop:run:65 - Epoch 183/319
2026-07-07 10:58:56.206 | INFO     | loops.fit_loop:run:65 - Epoch 184/319
2026-07-07 11:00:05.947 | INFO     | loops.fit_loop:run:65 - Epoch 185/319
2026-07-07 11:01:15.582 | INFO     | loops.fit_loop:run:65 - Epoch 186/319
2026-07-07 11:02:25.535 | INFO     | loops.fit_loop:run:65 - Epoch 187/319
2026-07-07 11:03:36.372 | INFO     | loops.fit_loop:run:65 - Epoch 188/319
2026-07-07 11:04:46.553 | INFO     | loops.fit_loop:run:65 - Epoch 189/319
2026-07-07 11:05:57.339 | INFO     | loops.fit_loop:run:65 - Epoch 190/319
2026-07-07 11:07:07.182 | INFO     | loops.fit_loop:run:65 - Epoch 191/319
2026-07-07 11:08:16.434 | INFO     | loops.fit_loop:run:65 - Epoch 192/319
2026-07-07 11:08:39.854 | INFO     | callbacks.model_checkpoint:_save_checkpoint:200 - Checkpoint saved: last.ckpt duration_ms=1358.02 size_mb=645.06
2026-07-07 11:09:28.306 | INFO     | loops.fit_loop:run:65 - Epoch 193/319
2026-07-07 11:10:43.430 | INFO     | loops.fit_loop:run:65 - Epoch 194/319
2026-07-07 11:11:57.088 | INFO     | loops.fit_loop:run:65 - Epoch 195/319
2026-07-07 11:13:08.292 | INFO     | loops.fit_loop:run:65 - Epoch 196/319
2026-07-07 11:14:19.030 | INFO     | loops.fit_loop:run:65 - Epoch 197/319
2026-07-07 11:15:30.028 | INFO     | loops.fit_loop:run:65 - Epoch 198/319
2026-07-07 11:16:40.044 | INFO     | loops.fit_loop:run:65 - Epoch 199/319
2026-07-07 11:17:51.204 | INFO     | loops.fit_loop:run:65 - Epoch 200/319
2026-07-07 11:19:02.468 | INFO     | loops.fit_loop:run:65 - Epoch 201/319
2026-07-07 11:20:13.368 | INFO     | loops.fit_loop:run:65 - Epoch 202/319
2026-07-07 11:21:24.937 | INFO     | loops.fit_loop:run:65 - Epoch 203/319
2026-07-07 11:22:37.373 | INFO     | loops.fit_loop:run:65 - Epoch 204/319
2026-07-07 11:23:49.084 | INFO     | loops.fit_loop:run:65 - Epoch 205/319
2026-07-07 11:24:00.335 | INFO     | callbacks.model_checkpoint:_save_checkpoint:200 - Checkpoint saved: last.ckpt duration_ms=1431.63 size_mb=645.06
2026-07-07 11:25:01.923 | INFO     | loops.fit_loop:run:65 - Epoch 206/319
2026-07-07 11:26:12.899 | INFO     | loops.fit_loop:run:65 - Epoch 207/319
2026-07-07 11:27:25.313 | INFO     | loops.fit_loop:run:65 - Epoch 208/319
2026-07-07 11:28:37.313 | INFO     | loops.fit_loop:run:65 - Epoch 209/319
2026-07-07 11:29:49.765 | INFO     | loops.fit_loop:run:65 - Epoch 210/319
2026-07-07 11:31:02.864 | INFO     | loops.fit_loop:run:65 - Epoch 211/319
2026-07-07 11:32:14.553 | INFO     | loops.fit_loop:run:65 - Epoch 212/319
2026-07-07 11:33:26.303 | INFO     | loops.fit_loop:run:65 - Epoch 213/319
2026-07-07 11:34:38.442 | INFO     | loops.fit_loop:run:65 - Epoch 214/319
2026-07-07 11:35:51.179 | INFO     | loops.fit_loop:run:65 - Epoch 215/319
2026-07-07 11:37:05.004 | INFO     | loops.fit_loop:run:65 - Epoch 216/319
2026-07-07 11:38:17.734 | INFO     | loops.fit_loop:run:65 - Epoch 217/319
2026-07-07 11:39:31.132 | INFO     | callbacks.model_checkpoint:_save_checkpoint:200 - Checkpoint saved: last.ckpt duration_ms=3360.11 size_mb=645.06
2026-07-07 11:39:32.962 | INFO     | callbacks.model_checkpoint:_save_checkpoint:200 - Checkpoint saved: checkpoint-epoch217-step85000.ckpt duration_ms=1822.18 size_mb=645.06
2026-07-07 11:39:36.587 | INFO     | loops.fit_loop:run:65 - Epoch 218/319
2026-07-07 11:40:48.942 | INFO     | loops.fit_loop:run:65 - Epoch 219/319
2026-07-07 11:42:00.449 | INFO     | loops.fit_loop:run:65 - Epoch 220/319
2026-07-07 11:43:12.623 | INFO     | loops.fit_loop:run:65 - Epoch 221/319
2026-07-07 11:44:25.403 | INFO     | loops.fit_loop:run:65 - Epoch 222/319
2026-07-07 11:45:38.360 | INFO     | loops.fit_loop:run:65 - Epoch 223/319
2026-07-07 11:46:53.475 | INFO     | loops.fit_loop:run:65 - Epoch 224/319
2026-07-07 11:48:07.607 | INFO     | loops.fit_loop:run:65 - Epoch 225/319
2026-07-07 11:49:20.677 | INFO     | loops.fit_loop:run:65 - Epoch 226/319
2026-07-07 11:50:31.411 | INFO     | loops.fit_loop:run:65 - Epoch 227/319
2026-07-07 11:51:42.310 | INFO     | loops.fit_loop:run:65 - Epoch 228/319
2026-07-07 11:52:54.390 | INFO     | loops.fit_loop:run:65 - Epoch 229/319
2026-07-07 11:54:06.057 | INFO     | loops.fit_loop:run:65 - Epoch 230/319
2026-07-07 11:55:02.877 | INFO     | callbacks.model_checkpoint:_save_checkpoint:200 - Checkpoint saved: last.ckpt duration_ms=1273.69 size_mb=645.06
2026-07-07 11:55:04.173 | INFO     | callbacks.model_checkpoint:_save_checkpoint:200 - Checkpoint saved: checkpoint-epoch230-step90000.ckpt duration_ms=1289.05 size_mb=645.06
2026-07-07 11:55:20.394 | INFO     | loops.fit_loop:run:65 - Epoch 231/319
2026-07-07 11:56:31.232 | INFO     | loops.fit_loop:run:65 - Epoch 232/319
2026-07-07 11:57:42.463 | INFO     | loops.fit_loop:run:65 - Epoch 233/319
2026-07-07 11:58:52.960 | INFO     | loops.fit_loop:run:65 - Epoch 234/319
2026-07-07 12:00:02.881 | INFO     | loops.fit_loop:run:65 - Epoch 235/319
2026-07-07 12:01:15.638 | INFO     | loops.fit_loop:run:65 - Epoch 236/319
2026-07-07 12:02:28.051 | INFO     | loops.fit_loop:run:65 - Epoch 237/319
2026-07-07 12:03:40.410 | INFO     | loops.fit_loop:run:65 - Epoch 238/319
2026-07-07 12:04:53.356 | INFO     | loops.fit_loop:run:65 - Epoch 239/319
2026-07-07 12:06:03.963 | INFO     | loops.fit_loop:run:65 - Epoch 240/319
2026-07-07 12:07:13.295 | INFO     | loops.fit_loop:run:65 - Epoch 241/319
2026-07-07 12:08:24.037 | INFO     | loops.fit_loop:run:65 - Epoch 242/319
2026-07-07 12:09:48.356 | INFO     | loops.fit_loop:run:65 - Epoch 243/319
2026-07-07 12:10:32.205 | INFO     | callbacks.model_checkpoint:_save_checkpoint:200 - Checkpoint saved: last.ckpt duration_ms=1335.80 size_mb=645.06
2026-07-07 12:10:33.419 | INFO     | callbacks.model_checkpoint:_save_checkpoint:200 - Checkpoint saved: checkpoint-epoch243-step95000.ckpt duration_ms=1208.43 size_mb=645.06
2026-07-07 12:11:02.328 | INFO     | loops.fit_loop:run:65 - Epoch 244/319
2026-07-07 12:12:12.196 | INFO     | loops.fit_loop:run:65 - Epoch 245/319
2026-07-07 12:13:23.353 | INFO     | loops.fit_loop:run:65 - Epoch 246/319
2026-07-07 12:14:33.618 | INFO     | loops.fit_loop:run:65 - Epoch 247/319
2026-07-07 12:15:42.645 | INFO     | loops.fit_loop:run:65 - Epoch 248/319
2026-07-07 12:16:52.914 | INFO     | loops.fit_loop:run:65 - Epoch 249/319
2026-07-07 12:18:04.069 | INFO     | loops.fit_loop:run:65 - Epoch 250/319
2026-07-07 12:19:14.913 | INFO     | loops.fit_loop:run:65 - Epoch 251/319
2026-07-07 12:20:26.039 | INFO     | loops.fit_loop:run:65 - Epoch 252/319
2026-07-07 12:21:36.148 | INFO     | loops.fit_loop:run:65 - Epoch 253/319
2026-07-07 12:22:46.852 | INFO     | loops.fit_loop:run:65 - Epoch 254/319
2026-07-07 12:23:55.786 | INFO     | loops.fit_loop:run:65 - Epoch 255/319
2026-07-07 12:25:08.564 | INFO     | loops.fit_loop:run:65 - Epoch 256/319
2026-07-07 12:25:39.731 | INFO     | callbacks.model_checkpoint:_save_checkpoint:200 - Checkpoint saved: last.ckpt duration_ms=1341.35 size_mb=645.06
2026-07-07 12:26:21.347 | INFO     | loops.fit_loop:run:65 - Epoch 257/319
2026-07-07 12:27:32.280 | INFO     | loops.fit_loop:run:65 - Epoch 258/319
2026-07-07 12:28:43.496 | INFO     | loops.fit_loop:run:65 - Epoch 259/319
2026-07-07 12:29:53.971 | INFO     | loops.fit_loop:run:65 - Epoch 260/319
2026-07-07 12:31:04.570 | INFO     | loops.fit_loop:run:65 - Epoch 261/319
2026-07-07 12:32:24.039 | INFO     | loops.fit_loop:run:65 - Epoch 262/319
2026-07-07 12:33:38.972 | INFO     | loops.fit_loop:run:65 - Epoch 263/319
2026-07-07 12:34:50.747 | INFO     | loops.fit_loop:run:65 - Epoch 264/319
2026-07-07 12:36:02.185 | INFO     | loops.fit_loop:run:65 - Epoch 265/319
2026-07-07 12:37:15.288 | INFO     | loops.fit_loop:run:65 - Epoch 266/319
2026-07-07 12:38:27.425 | INFO     | loops.fit_loop:run:65 - Epoch 267/319
2026-07-07 12:39:38.534 | INFO     | loops.fit_loop:run:65 - Epoch 268/319
2026-07-07 12:40:50.535 | INFO     | loops.fit_loop:run:65 - Epoch 269/319
2026-07-07 12:41:09.168 | INFO     | callbacks.model_checkpoint:_save_checkpoint:200 - Checkpoint saved: last.ckpt duration_ms=1444.99 size_mb=645.06
2026-07-07 12:42:04.128 | INFO     | loops.fit_loop:run:65 - Epoch 270/319
2026-07-07 12:43:14.449 | INFO     | loops.fit_loop:run:65 - Epoch 271/319
2026-07-07 12:44:25.536 | INFO     | loops.fit_loop:run:65 - Epoch 272/319
2026-07-07 12:45:37.354 | INFO     | loops.fit_loop:run:65 - Epoch 273/319
2026-07-07 12:46:48.497 | INFO     | loops.fit_loop:run:65 - Epoch 274/319
2026-07-07 12:48:02.156 | INFO     | loops.fit_loop:run:65 - Epoch 275/319
2026-07-07 12:49:12.902 | INFO     | loops.fit_loop:run:65 - Epoch 276/319
2026-07-07 12:50:23.202 | INFO     | loops.fit_loop:run:65 - Epoch 277/319
2026-07-07 12:51:33.448 | INFO     | loops.fit_loop:run:65 - Epoch 278/319
2026-07-07 12:52:43.942 | INFO     | loops.fit_loop:run:65 - Epoch 279/319
2026-07-07 12:53:55.235 | INFO     | loops.fit_loop:run:65 - Epoch 280/319
2026-07-07 12:55:05.759 | INFO     | loops.fit_loop:run:65 - Epoch 281/319
2026-07-07 12:56:18.340 | INFO     | loops.fit_loop:run:65 - Epoch 282/319
2026-07-07 12:56:24.171 | INFO     | callbacks.model_checkpoint:_save_checkpoint:200 - Checkpoint saved: last.ckpt duration_ms=1264.63 size_mb=645.06
2026-07-07 12:56:25.412 | INFO     | callbacks.model_checkpoint:_save_checkpoint:200 - Checkpoint saved: checkpoint-epoch282-step110000.ckpt duration_ms=1235.98 size_mb=645.06
2026-07-07 12:57:31.821 | INFO     | loops.fit_loop:run:65 - Epoch 283/319
2026-07-07 12:58:41.370 | INFO     | loops.fit_loop:run:65 - Epoch 284/319
2026-07-07 12:59:52.558 | INFO     | loops.fit_loop:run:65 - Epoch 285/319
2026-07-07 13:01:03.087 | INFO     | loops.fit_loop:run:65 - Epoch 286/319
2026-07-07 13:02:13.522 | INFO     | loops.fit_loop:run:65 - Epoch 287/319
2026-07-07 13:03:26.516 | INFO     | loops.fit_loop:run:65 - Epoch 288/319
2026-07-07 13:04:38.248 | INFO     | loops.fit_loop:run:65 - Epoch 289/319
2026-07-07 13:05:51.000 | INFO     | loops.fit_loop:run:65 - Epoch 290/319
2026-07-07 13:07:01.095 | INFO     | loops.fit_loop:run:65 - Epoch 291/319
2026-07-07 13:08:10.814 | INFO     | loops.fit_loop:run:65 - Epoch 292/319
2026-07-07 13:09:21.068 | INFO     | loops.fit_loop:run:65 - Epoch 293/319
2026-07-07 13:10:28.830 | INFO     | loops.fit_loop:run:65 - Epoch 294/319
2026-07-07 13:11:29.394 | INFO     | callbacks.model_checkpoint:_save_checkpoint:200 - Checkpoint saved: last.ckpt duration_ms=1244.77 size_mb=645.06
2026-07-07 13:11:30.920 | INFO     | callbacks.model_checkpoint:_save_checkpoint:200 - Checkpoint saved: checkpoint-epoch294-step115000.ckpt duration_ms=1504.44 size_mb=645.06
2026-07-07 13:11:39.422 | INFO     | loops.fit_loop:run:65 - Epoch 295/319
2026-07-07 13:12:46.892 | INFO     | loops.fit_loop:run:65 - Epoch 296/319
2026-07-07 13:13:54.212 | INFO     | loops.fit_loop:run:65 - Epoch 297/319
2026-07-07 13:15:04.646 | INFO     | loops.fit_loop:run:65 - Epoch 298/319
2026-07-07 13:16:13.123 | INFO     | loops.fit_loop:run:65 - Epoch 299/319
2026-07-07 13:17:20.640 | INFO     | loops.fit_loop:run:65 - Epoch 300/319
2026-07-07 13:18:26.696 | INFO     | loops.fit_loop:run:65 - Epoch 301/319
2026-07-07 13:19:33.264 | INFO     | loops.fit_loop:run:65 - Epoch 302/319
2026-07-07 13:20:40.801 | INFO     | loops.fit_loop:run:65 - Epoch 303/319
2026-07-07 13:21:47.374 | INFO     | loops.fit_loop:run:65 - Epoch 304/319
2026-07-07 13:22:55.054 | INFO     | loops.fit_loop:run:65 - Epoch 305/319
2026-07-07 13:24:03.312 | INFO     | loops.fit_loop:run:65 - Epoch 306/319
2026-07-07 13:25:12.206 | INFO     | loops.fit_loop:run:65 - Epoch 307/319
2026-07-07 13:26:02.213 | INFO     | callbacks.model_checkpoint:_save_checkpoint:200 - Checkpoint saved: last.ckpt duration_ms=1208.45 size_mb=645.06
2026-07-07 13:26:24.119 | INFO     | loops.fit_loop:run:65 - Epoch 308/319
2026-07-07 13:27:32.855 | INFO     | loops.fit_loop:run:65 - Epoch 309/319
2026-07-07 13:28:40.635 | INFO     | loops.fit_loop:run:65 - Epoch 310/319
2026-07-07 13:29:49.340 | INFO     | loops.fit_loop:run:65 - Epoch 311/319
2026-07-07 13:30:57.271 | INFO     | loops.fit_loop:run:65 - Epoch 312/319
2026-07-07 13:32:05.949 | INFO     | loops.fit_loop:run:65 - Epoch 313/319
2026-07-07 13:33:14.246 | INFO     | loops.fit_loop:run:65 - Epoch 314/319
2026-07-07 13:34:21.838 | INFO     | loops.fit_loop:run:65 - Epoch 315/319
2026-07-07 13:35:29.820 | INFO     | loops.fit_loop:run:65 - Epoch 316/319
2026-07-07 13:36:38.798 | INFO     | loops.fit_loop:run:65 - Epoch 317/319
2026-07-07 13:37:52.443 | INFO     | loops.fit_loop:run:65 - Epoch 318/319
2026-07-07 13:39:00.975 | INFO     | loops.fit_loop:run:65 - Epoch 319/319
2026-07-07 13:40:07.747 | INFO     | vocode.trainers.reproduction_training_runner:_run_training:166 - Project-trained reproduction checkpoint written for vocosformer seed=1234; checkpoint metadata recorded
2026-07-07 13:40:07.934 | INFO     | vocode.trainers.scratch_reproduction_runner:_finalize_experiment_log:146 - Experiment vocode_checkpoint01_training_reproduction finished. Rows written: 1. Elapsed: 22731.6s
