2026-07-04 03:17:12.486 | INFO     | vocode.trainers.scratch_reproduction_runner:_announce_run:96 - Experiment vocode_checkpoint01_training_reproduction run_id=melgan_full_bf16bs32_20260704_0530 architecture=melgan seed=1234 evidence_category=project_trained_reproduction stage=train
2026-07-04 03:17:12.486 | INFO     | vocode.trainers.scratch_reproduction_runner:_announce_run:101 - Hypothesis: Project-trained melgan reproduces the published architecture under the VOCODE LJSpeech protocol with documented l40s bf16 bs32 compute deviations validated by bounded loss-safety gates.
2026-07-04 03:17:16.836 | INFO     | core.trainer:_sanity_check_validation:757 - Running 2 sanity validation batches
2026-07-04 03:17:24.785 | INFO     | loops.fit_loop:run:65 - Epoch 0/319
2026-07-04 03:18:16.896 | INFO     | loops.fit_loop:run:65 - Epoch 1/319
2026-07-04 03:18:49.567 | INFO     | loops.fit_loop:run:65 - Epoch 2/319
2026-07-04 03:20:38.285 | INFO     | loops.fit_loop:run:65 - Epoch 3/319
2026-07-04 03:21:10.921 | INFO     | loops.fit_loop:run:65 - Epoch 4/319
2026-07-04 03:21:44.330 | INFO     | loops.fit_loop:run:65 - Epoch 5/319
2026-07-04 03:22:18.227 | INFO     | loops.fit_loop:run:65 - Epoch 6/319
2026-07-04 03:22:51.180 | INFO     | loops.fit_loop:run:65 - Epoch 7/319
2026-07-04 03:23:25.267 | INFO     | loops.fit_loop:run:65 - Epoch 8/319
2026-07-04 03:23:58.054 | INFO     | loops.fit_loop:run:65 - Epoch 9/319
2026-07-04 03:24:30.874 | INFO     | loops.fit_loop:run:65 - Epoch 10/319
2026-07-04 03:25:04.906 | INFO     | loops.fit_loop:run:65 - Epoch 11/319
2026-07-04 03:25:37.723 | INFO     | loops.fit_loop:run:65 - Epoch 12/319
2026-07-04 03:26:06.291 | INFO     | callbacks.model_checkpoint:_save_checkpoint:200 - Checkpoint saved: last.ckpt duration_ms=561.88 size_mb=242.93
2026-07-04 03:26:06.841 | INFO     | callbacks.model_checkpoint:_save_checkpoint:200 - Checkpoint saved: checkpoint-epoch12-step05000.ckpt duration_ms=545.98 size_mb=242.93
2026-07-04 03:26:12.707 | INFO     | loops.fit_loop:run:65 - Epoch 13/319
2026-07-04 03:26:45.567 | INFO     | loops.fit_loop:run:65 - Epoch 14/319
2026-07-04 03:27:18.426 | INFO     | loops.fit_loop:run:65 - Epoch 15/319
2026-07-04 03:27:52.363 | INFO     | loops.fit_loop:run:65 - Epoch 16/319
2026-07-04 03:28:25.148 | INFO     | loops.fit_loop:run:65 - Epoch 17/319
2026-07-04 03:28:58.946 | INFO     | loops.fit_loop:run:65 - Epoch 18/319
2026-07-04 03:29:31.723 | INFO     | loops.fit_loop:run:65 - Epoch 19/319
2026-07-04 03:30:04.469 | INFO     | loops.fit_loop:run:65 - Epoch 20/319
2026-07-04 03:30:38.214 | INFO     | loops.fit_loop:run:65 - Epoch 21/319
2026-07-04 03:31:10.999 | INFO     | loops.fit_loop:run:65 - Epoch 22/319
2026-07-04 03:31:43.764 | INFO     | loops.fit_loop:run:65 - Epoch 23/319
2026-07-04 03:32:17.541 | INFO     | loops.fit_loop:run:65 - Epoch 24/319
2026-07-04 03:32:50.281 | INFO     | loops.fit_loop:run:65 - Epoch 25/319
2026-07-04 03:33:12.960 | INFO     | callbacks.model_checkpoint:_save_checkpoint:200 - Checkpoint saved: last.ckpt duration_ms=584.49 size_mb=242.93
2026-07-04 03:33:24.661 | INFO     | loops.fit_loop:run:65 - Epoch 26/319
2026-07-04 03:33:57.416 | INFO     | loops.fit_loop:run:65 - Epoch 27/319
2026-07-04 03:34:30.190 | INFO     | loops.fit_loop:run:65 - Epoch 28/319
2026-07-04 03:35:03.946 | INFO     | loops.fit_loop:run:65 - Epoch 29/319
2026-07-04 03:35:36.969 | INFO     | loops.fit_loop:run:65 - Epoch 30/319
2026-07-04 03:36:10.777 | INFO     | loops.fit_loop:run:65 - Epoch 31/319
2026-07-04 03:36:43.449 | INFO     | loops.fit_loop:run:65 - Epoch 32/319
2026-07-04 03:37:16.237 | INFO     | loops.fit_loop:run:65 - Epoch 33/319
2026-07-04 03:37:50.077 | INFO     | loops.fit_loop:run:65 - Epoch 34/319
2026-07-04 03:38:22.816 | INFO     | loops.fit_loop:run:65 - Epoch 35/319
2026-07-04 03:38:56.422 | INFO     | loops.fit_loop:run:65 - Epoch 36/319
2026-07-04 03:39:29.006 | INFO     | loops.fit_loop:run:65 - Epoch 37/319
2026-07-04 03:40:01.680 | INFO     | loops.fit_loop:run:65 - Epoch 38/319
2026-07-04 03:40:18.466 | INFO     | callbacks.model_checkpoint:_save_checkpoint:200 - Checkpoint saved: last.ckpt duration_ms=580.18 size_mb=242.93
2026-07-04 03:40:36.059 | INFO     | loops.fit_loop:run:65 - Epoch 39/319
2026-07-04 03:41:08.742 | INFO     | loops.fit_loop:run:65 - Epoch 40/319
2026-07-04 03:41:41.352 | INFO     | loops.fit_loop:run:65 - Epoch 41/319
2026-07-04 03:42:14.971 | INFO     | loops.fit_loop:run:65 - Epoch 42/319
2026-07-04 03:42:47.601 | INFO     | loops.fit_loop:run:65 - Epoch 43/319
2026-07-04 03:43:21.322 | INFO     | loops.fit_loop:run:65 - Epoch 44/319
2026-07-04 03:43:54.055 | INFO     | loops.fit_loop:run:65 - Epoch 45/319
2026-07-04 03:44:26.808 | INFO     | loops.fit_loop:run:65 - Epoch 46/319
2026-07-04 03:45:00.487 | INFO     | loops.fit_loop:run:65 - Epoch 47/319
2026-07-04 03:45:33.097 | INFO     | loops.fit_loop:run:65 - Epoch 48/319
2026-07-04 03:46:06.885 | INFO     | loops.fit_loop:run:65 - Epoch 49/319
2026-07-04 03:46:39.687 | INFO     | loops.fit_loop:run:65 - Epoch 50/319
2026-07-04 03:47:12.325 | INFO     | loops.fit_loop:run:65 - Epoch 51/319
2026-07-04 03:47:23.285 | INFO     | callbacks.model_checkpoint:_save_checkpoint:200 - Checkpoint saved: last.ckpt duration_ms=611.47 size_mb=242.93
2026-07-04 03:47:46.651 | INFO     | loops.fit_loop:run:65 - Epoch 52/319
2026-07-04 03:48:19.439 | INFO     | loops.fit_loop:run:65 - Epoch 53/319
2026-07-04 03:48:53.198 | INFO     | loops.fit_loop:run:65 - Epoch 54/319
2026-07-04 03:49:25.834 | INFO     | loops.fit_loop:run:65 - Epoch 55/319
2026-07-04 03:49:58.471 | INFO     | loops.fit_loop:run:65 - Epoch 56/319
2026-07-04 03:50:32.344 | INFO     | loops.fit_loop:run:65 - Epoch 57/319
2026-07-04 03:51:05.095 | INFO     | loops.fit_loop:run:65 - Epoch 58/319
2026-07-04 03:51:38.831 | INFO     | loops.fit_loop:run:65 - Epoch 59/319
2026-07-04 03:52:11.533 | INFO     | loops.fit_loop:run:65 - Epoch 60/319
2026-07-04 03:52:44.170 | INFO     | loops.fit_loop:run:65 - Epoch 61/319
2026-07-04 03:53:17.940 | INFO     | loops.fit_loop:run:65 - Epoch 62/319
2026-07-04 03:53:50.844 | INFO     | loops.fit_loop:run:65 - Epoch 63/319
2026-07-04 03:54:23.664 | INFO     | loops.fit_loop:run:65 - Epoch 64/319
2026-07-04 03:54:28.738 | INFO     | callbacks.model_checkpoint:_save_checkpoint:200 - Checkpoint saved: last.ckpt duration_ms=591.57 size_mb=242.93
2026-07-04 03:54:29.321 | INFO     | callbacks.model_checkpoint:_save_checkpoint:200 - Checkpoint saved: checkpoint-epoch64-step25000.ckpt duration_ms=580.06 size_mb=242.93
2026-07-04 03:54:58.655 | INFO     | loops.fit_loop:run:65 - Epoch 65/319
2026-07-04 03:55:31.397 | INFO     | loops.fit_loop:run:65 - Epoch 66/319
2026-07-04 03:56:05.203 | INFO     | loops.fit_loop:run:65 - Epoch 67/319
2026-07-04 03:56:38.047 | INFO     | loops.fit_loop:run:65 - Epoch 68/319
2026-07-04 03:57:11.046 | INFO     | loops.fit_loop:run:65 - Epoch 69/319
2026-07-04 03:57:44.878 | INFO     | loops.fit_loop:run:65 - Epoch 70/319
2026-07-04 03:58:17.566 | INFO     | loops.fit_loop:run:65 - Epoch 71/319
2026-07-04 03:58:51.364 | INFO     | loops.fit_loop:run:65 - Epoch 72/319
2026-07-04 03:59:24.145 | INFO     | loops.fit_loop:run:65 - Epoch 73/319
2026-07-04 03:59:57.043 | INFO     | loops.fit_loop:run:65 - Epoch 74/319
2026-07-04 04:00:30.914 | INFO     | loops.fit_loop:run:65 - Epoch 75/319
2026-07-04 04:01:03.646 | INFO     | loops.fit_loop:run:65 - Epoch 76/319
2026-07-04 04:01:35.514 | INFO     | callbacks.model_checkpoint:_save_checkpoint:200 - Checkpoint saved: last.ckpt duration_ms=557.84 size_mb=242.93
2026-07-04 04:01:36.130 | INFO     | callbacks.model_checkpoint:_save_checkpoint:200 - Checkpoint saved: checkpoint-epoch76-step30000.ckpt duration_ms=612.53 size_mb=242.93
2026-07-04 04:01:38.625 | INFO     | loops.fit_loop:run:65 - Epoch 77/319
2026-07-04 04:02:11.379 | INFO     | loops.fit_loop:run:65 - Epoch 78/319
2026-07-04 04:02:44.321 | INFO     | loops.fit_loop:run:65 - Epoch 79/319
2026-07-04 04:03:18.221 | INFO     | loops.fit_loop:run:65 - Epoch 80/319
2026-07-04 04:03:50.975 | INFO     | loops.fit_loop:run:65 - Epoch 81/319
2026-07-04 04:04:23.888 | INFO     | loops.fit_loop:run:65 - Epoch 82/319
2026-07-04 04:04:57.565 | INFO     | loops.fit_loop:run:65 - Epoch 83/319
2026-07-04 04:05:30.124 | INFO     | loops.fit_loop:run:65 - Epoch 84/319
2026-07-04 04:06:03.671 | INFO     | loops.fit_loop:run:65 - Epoch 85/319
2026-07-04 04:06:36.148 | INFO     | loops.fit_loop:run:65 - Epoch 86/319
2026-07-04 04:07:08.717 | INFO     | loops.fit_loop:run:65 - Epoch 87/319
2026-07-04 04:07:42.269 | INFO     | loops.fit_loop:run:65 - Epoch 88/319
2026-07-04 04:08:14.940 | INFO     | loops.fit_loop:run:65 - Epoch 89/319
2026-07-04 04:08:40.765 | INFO     | callbacks.model_checkpoint:_save_checkpoint:200 - Checkpoint saved: last.ckpt duration_ms=603.18 size_mb=242.93
2026-07-04 04:08:49.140 | INFO     | loops.fit_loop:run:65 - Epoch 90/319
2026-07-04 04:09:22.001 | INFO     | loops.fit_loop:run:65 - Epoch 91/319
2026-07-04 04:09:54.789 | INFO     | loops.fit_loop:run:65 - Epoch 92/319
2026-07-04 04:10:28.503 | INFO     | loops.fit_loop:run:65 - Epoch 93/319
2026-07-04 04:11:01.224 | INFO     | loops.fit_loop:run:65 - Epoch 94/319
2026-07-04 04:11:35.001 | INFO     | loops.fit_loop:run:65 - Epoch 95/319
2026-07-04 04:12:07.588 | INFO     | loops.fit_loop:run:65 - Epoch 96/319
2026-07-04 04:12:40.134 | INFO     | loops.fit_loop:run:65 - Epoch 97/319
2026-07-04 04:13:14.120 | INFO     | loops.fit_loop:run:65 - Epoch 98/319
2026-07-04 04:13:46.777 | INFO     | loops.fit_loop:run:65 - Epoch 99/319
2026-07-04 04:14:20.556 | INFO     | loops.fit_loop:run:65 - Epoch 100/319
2026-07-04 04:14:53.184 | INFO     | loops.fit_loop:run:65 - Epoch 101/319
2026-07-04 04:15:25.916 | INFO     | loops.fit_loop:run:65 - Epoch 102/319
2026-07-04 04:15:46.081 | INFO     | callbacks.model_checkpoint:_save_checkpoint:200 - Checkpoint saved: last.ckpt duration_ms=553.38 size_mb=242.93
2026-07-04 04:16:00.324 | INFO     | loops.fit_loop:run:65 - Epoch 103/319
2026-07-04 04:16:33.025 | INFO     | loops.fit_loop:run:65 - Epoch 104/319
2026-07-04 04:17:05.646 | INFO     | loops.fit_loop:run:65 - Epoch 105/319
2026-07-04 04:17:39.242 | INFO     | loops.fit_loop:run:65 - Epoch 106/319
2026-07-04 04:18:11.995 | INFO     | loops.fit_loop:run:65 - Epoch 107/319
2026-07-04 04:18:45.683 | INFO     | loops.fit_loop:run:65 - Epoch 108/319
2026-07-04 04:19:18.502 | INFO     | loops.fit_loop:run:65 - Epoch 109/319
2026-07-04 04:19:51.420 | INFO     | loops.fit_loop:run:65 - Epoch 110/319
2026-07-04 04:20:25.536 | INFO     | loops.fit_loop:run:65 - Epoch 111/319
2026-07-04 04:20:58.350 | INFO     | loops.fit_loop:run:65 - Epoch 112/319
2026-07-04 04:21:31.991 | INFO     | loops.fit_loop:run:65 - Epoch 113/319
2026-07-04 04:22:04.759 | INFO     | loops.fit_loop:run:65 - Epoch 114/319
2026-07-04 04:22:37.362 | INFO     | loops.fit_loop:run:65 - Epoch 115/319
2026-07-04 04:22:51.657 | INFO     | callbacks.model_checkpoint:_save_checkpoint:200 - Checkpoint saved: last.ckpt duration_ms=558.30 size_mb=242.93
2026-07-04 04:22:52.220 | INFO     | callbacks.model_checkpoint:_save_checkpoint:200 - Checkpoint saved: checkpoint-epoch115-step45000.ckpt duration_ms=558.17 size_mb=242.93
2026-07-04 04:23:12.248 | INFO     | loops.fit_loop:run:65 - Epoch 116/319
2026-07-04 04:23:45.072 | INFO     | loops.fit_loop:run:65 - Epoch 117/319
2026-07-04 04:24:18.958 | INFO     | loops.fit_loop:run:65 - Epoch 118/319
2026-07-04 04:24:52.576 | INFO     | loops.fit_loop:run:65 - Epoch 119/319
2026-07-04 04:25:25.447 | INFO     | loops.fit_loop:run:65 - Epoch 120/319
2026-07-04 04:25:59.030 | INFO     | loops.fit_loop:run:65 - Epoch 121/319
2026-07-04 04:26:31.651 | INFO     | loops.fit_loop:run:65 - Epoch 122/319
2026-07-04 04:27:04.305 | INFO     | loops.fit_loop:run:65 - Epoch 123/319
2026-07-04 04:27:38.460 | INFO     | loops.fit_loop:run:65 - Epoch 124/319
2026-07-04 04:28:11.279 | INFO     | loops.fit_loop:run:65 - Epoch 125/319
2026-07-04 04:28:45.006 | INFO     | loops.fit_loop:run:65 - Epoch 126/319
2026-07-04 04:29:17.630 | INFO     | loops.fit_loop:run:65 - Epoch 127/319
2026-07-04 04:29:50.283 | INFO     | loops.fit_loop:run:65 - Epoch 128/319
2026-07-04 04:29:58.679 | INFO     | callbacks.model_checkpoint:_save_checkpoint:200 - Checkpoint saved: last.ckpt duration_ms=628.14 size_mb=242.93
2026-07-04 04:30:24.517 | INFO     | loops.fit_loop:run:65 - Epoch 129/319
2026-07-04 04:30:57.241 | INFO     | loops.fit_loop:run:65 - Epoch 130/319
2026-07-04 04:31:30.974 | INFO     | loops.fit_loop:run:65 - Epoch 131/319
2026-07-04 04:32:03.570 | INFO     | loops.fit_loop:run:65 - Epoch 132/319
2026-07-04 04:32:36.181 | INFO     | loops.fit_loop:run:65 - Epoch 133/319
2026-07-04 04:33:09.786 | INFO     | loops.fit_loop:run:65 - Epoch 134/319
2026-07-04 04:33:42.443 | INFO     | loops.fit_loop:run:65 - Epoch 135/319
2026-07-04 04:34:16.069 | INFO     | loops.fit_loop:run:65 - Epoch 136/319
2026-07-04 04:34:48.706 | INFO     | loops.fit_loop:run:65 - Epoch 137/319
2026-07-04 04:35:21.349 | INFO     | loops.fit_loop:run:65 - Epoch 138/319
2026-07-04 04:35:55.128 | INFO     | loops.fit_loop:run:65 - Epoch 139/319
2026-07-04 04:36:27.912 | INFO     | loops.fit_loop:run:65 - Epoch 140/319
2026-07-04 04:37:00.610 | INFO     | loops.fit_loop:run:65 - Epoch 141/319
2026-07-04 04:37:03.143 | INFO     | callbacks.model_checkpoint:_save_checkpoint:200 - Checkpoint saved: last.ckpt duration_ms=551.00 size_mb=242.93
2026-07-04 04:37:34.924 | INFO     | loops.fit_loop:run:65 - Epoch 142/319
2026-07-04 04:38:07.605 | INFO     | loops.fit_loop:run:65 - Epoch 143/319
2026-07-04 04:38:41.329 | INFO     | loops.fit_loop:run:65 - Epoch 144/319
2026-07-04 04:39:14.022 | INFO     | loops.fit_loop:run:65 - Epoch 145/319
2026-07-04 04:39:46.576 | INFO     | loops.fit_loop:run:65 - Epoch 146/319
2026-07-04 04:40:20.280 | INFO     | loops.fit_loop:run:65 - Epoch 147/319
2026-07-04 04:40:53.010 | INFO     | loops.fit_loop:run:65 - Epoch 148/319
2026-07-04 04:41:26.803 | INFO     | loops.fit_loop:run:65 - Epoch 149/319
2026-07-04 04:41:59.555 | INFO     | loops.fit_loop:run:65 - Epoch 150/319
2026-07-04 04:42:32.229 | INFO     | loops.fit_loop:run:65 - Epoch 151/319
2026-07-04 04:43:05.817 | INFO     | loops.fit_loop:run:65 - Epoch 152/319
2026-07-04 04:43:38.434 | INFO     | loops.fit_loop:run:65 - Epoch 153/319
2026-07-04 04:44:07.582 | INFO     | callbacks.model_checkpoint:_save_checkpoint:200 - Checkpoint saved: last.ckpt duration_ms=551.49 size_mb=242.93
2026-07-04 04:44:12.608 | INFO     | loops.fit_loop:run:65 - Epoch 154/319
2026-07-04 04:44:45.395 | INFO     | loops.fit_loop:run:65 - Epoch 155/319
2026-07-04 04:45:18.165 | INFO     | loops.fit_loop:run:65 - Epoch 156/319
2026-07-04 04:45:52.031 | INFO     | loops.fit_loop:run:65 - Epoch 157/319
2026-07-04 04:46:24.606 | INFO     | loops.fit_loop:run:65 - Epoch 158/319
2026-07-04 04:46:58.145 | INFO     | loops.fit_loop:run:65 - Epoch 159/319
2026-07-04 04:47:30.727 | INFO     | loops.fit_loop:run:65 - Epoch 160/319
2026-07-04 04:48:03.195 | INFO     | loops.fit_loop:run:65 - Epoch 161/319
2026-07-04 04:48:36.810 | INFO     | loops.fit_loop:run:65 - Epoch 162/319
2026-07-04 04:49:09.361 | INFO     | loops.fit_loop:run:65 - Epoch 163/319
2026-07-04 04:49:41.884 | INFO     | loops.fit_loop:run:65 - Epoch 164/319
2026-07-04 04:50:15.408 | INFO     | loops.fit_loop:run:65 - Epoch 165/319
2026-07-04 04:50:47.970 | INFO     | loops.fit_loop:run:65 - Epoch 166/319
2026-07-04 04:51:11.301 | INFO     | callbacks.model_checkpoint:_save_checkpoint:200 - Checkpoint saved: last.ckpt duration_ms=595.34 size_mb=242.93
2026-07-04 04:51:22.188 | INFO     | loops.fit_loop:run:65 - Epoch 167/319
2026-07-04 04:51:54.796 | INFO     | loops.fit_loop:run:65 - Epoch 168/319
2026-07-04 04:52:27.446 | INFO     | loops.fit_loop:run:65 - Epoch 169/319
2026-07-04 04:53:01.136 | INFO     | loops.fit_loop:run:65 - Epoch 170/319
2026-07-04 04:53:33.627 | INFO     | loops.fit_loop:run:65 - Epoch 171/319
2026-07-04 04:54:07.339 | INFO     | loops.fit_loop:run:65 - Epoch 172/319
2026-07-04 04:54:39.942 | INFO     | loops.fit_loop:run:65 - Epoch 173/319
2026-07-04 04:55:12.555 | INFO     | loops.fit_loop:run:65 - Epoch 174/319
2026-07-04 04:55:46.321 | INFO     | loops.fit_loop:run:65 - Epoch 175/319
2026-07-04 04:56:18.955 | INFO     | loops.fit_loop:run:65 - Epoch 176/319
2026-07-04 04:56:52.759 | INFO     | loops.fit_loop:run:65 - Epoch 177/319
2026-07-04 04:57:25.578 | INFO     | loops.fit_loop:run:65 - Epoch 178/319
2026-07-04 04:57:58.481 | INFO     | loops.fit_loop:run:65 - Epoch 179/319
2026-07-04 04:58:16.553 | INFO     | callbacks.model_checkpoint:_save_checkpoint:200 - Checkpoint saved: last.ckpt duration_ms=591.58 size_mb=242.93
2026-07-04 04:58:33.412 | INFO     | loops.fit_loop:run:65 - Epoch 180/319
2026-07-04 04:59:06.402 | INFO     | loops.fit_loop:run:65 - Epoch 181/319
2026-07-04 04:59:39.289 | INFO     | loops.fit_loop:run:65 - Epoch 182/319
2026-07-04 05:00:13.241 | INFO     | loops.fit_loop:run:65 - Epoch 183/319
2026-07-04 05:00:46.106 | INFO     | loops.fit_loop:run:65 - Epoch 184/319
2026-07-04 05:01:19.983 | INFO     | loops.fit_loop:run:65 - Epoch 185/319
2026-07-04 05:01:52.620 | INFO     | loops.fit_loop:run:65 - Epoch 186/319
2026-07-04 05:02:25.309 | INFO     | loops.fit_loop:run:65 - Epoch 187/319
2026-07-04 05:02:59.138 | INFO     | loops.fit_loop:run:65 - Epoch 188/319
2026-07-04 05:03:32.282 | INFO     | loops.fit_loop:run:65 - Epoch 189/319
2026-07-04 05:04:06.729 | INFO     | loops.fit_loop:run:65 - Epoch 190/319
2026-07-04 05:04:39.862 | INFO     | loops.fit_loop:run:65 - Epoch 191/319
2026-07-04 05:05:12.755 | INFO     | loops.fit_loop:run:65 - Epoch 192/319
2026-07-04 05:05:24.564 | INFO     | callbacks.model_checkpoint:_save_checkpoint:200 - Checkpoint saved: last.ckpt duration_ms=583.14 size_mb=242.93
2026-07-04 05:05:25.141 | INFO     | callbacks.model_checkpoint:_save_checkpoint:200 - Checkpoint saved: checkpoint-epoch192-step75000.ckpt duration_ms=573.64 size_mb=242.93
2026-07-04 05:05:47.767 | INFO     | loops.fit_loop:run:65 - Epoch 193/319
2026-07-04 05:06:20.572 | INFO     | loops.fit_loop:run:65 - Epoch 194/319
2026-07-04 05:06:54.363 | INFO     | loops.fit_loop:run:65 - Epoch 195/319
2026-07-04 05:07:27.421 | INFO     | loops.fit_loop:run:65 - Epoch 196/319
2026-07-04 05:08:00.586 | INFO     | loops.fit_loop:run:65 - Epoch 197/319
2026-07-04 05:08:34.496 | INFO     | loops.fit_loop:run:65 - Epoch 198/319
2026-07-04 05:09:07.301 | INFO     | loops.fit_loop:run:65 - Epoch 199/319
2026-07-04 05:09:41.188 | INFO     | loops.fit_loop:run:65 - Epoch 200/319
2026-07-04 05:10:13.979 | INFO     | loops.fit_loop:run:65 - Epoch 201/319
2026-07-04 05:10:46.809 | INFO     | loops.fit_loop:run:65 - Epoch 202/319
2026-07-04 05:11:20.668 | INFO     | loops.fit_loop:run:65 - Epoch 203/319
2026-07-04 05:11:53.460 | INFO     | loops.fit_loop:run:65 - Epoch 204/319
2026-07-04 05:12:26.373 | INFO     | loops.fit_loop:run:65 - Epoch 205/319
2026-07-04 05:12:32.214 | INFO     | callbacks.model_checkpoint:_save_checkpoint:200 - Checkpoint saved: last.ckpt duration_ms=554.35 size_mb=242.93
2026-07-04 05:13:00.573 | INFO     | loops.fit_loop:run:65 - Epoch 206/319
2026-07-04 05:13:33.185 | INFO     | loops.fit_loop:run:65 - Epoch 207/319
2026-07-04 05:14:06.754 | INFO     | loops.fit_loop:run:65 - Epoch 208/319
2026-07-04 05:14:39.248 | INFO     | loops.fit_loop:run:65 - Epoch 209/319
2026-07-04 05:15:11.903 | INFO     | loops.fit_loop:run:65 - Epoch 210/319
2026-07-04 05:15:45.525 | INFO     | loops.fit_loop:run:65 - Epoch 211/319
2026-07-04 05:16:18.150 | INFO     | loops.fit_loop:run:65 - Epoch 212/319
2026-07-04 05:16:51.798 | INFO     | loops.fit_loop:run:65 - Epoch 213/319
2026-07-04 05:17:24.294 | INFO     | loops.fit_loop:run:65 - Epoch 214/319
2026-07-04 05:17:56.870 | INFO     | loops.fit_loop:run:65 - Epoch 215/319
2026-07-04 05:18:30.478 | INFO     | loops.fit_loop:run:65 - Epoch 216/319
2026-07-04 05:19:03.081 | INFO     | loops.fit_loop:run:65 - Epoch 217/319
2026-07-04 05:19:35.593 | INFO     | callbacks.model_checkpoint:_save_checkpoint:200 - Checkpoint saved: last.ckpt duration_ms=559.95 size_mb=242.93
2026-07-04 05:19:37.234 | INFO     | loops.fit_loop:run:65 - Epoch 218/319
2026-07-04 05:20:09.880 | INFO     | loops.fit_loop:run:65 - Epoch 219/319
2026-07-04 05:20:42.525 | INFO     | loops.fit_loop:run:65 - Epoch 220/319
2026-07-04 05:21:16.138 | INFO     | loops.fit_loop:run:65 - Epoch 221/319
2026-07-04 05:21:48.707 | INFO     | loops.fit_loop:run:65 - Epoch 222/319
2026-07-04 05:22:21.385 | INFO     | loops.fit_loop:run:65 - Epoch 223/319
2026-07-04 05:22:54.925 | INFO     | loops.fit_loop:run:65 - Epoch 224/319
2026-07-04 05:23:27.393 | INFO     | loops.fit_loop:run:65 - Epoch 225/319
2026-07-04 05:24:00.881 | INFO     | loops.fit_loop:run:65 - Epoch 226/319
2026-07-04 05:24:33.400 | INFO     | loops.fit_loop:run:65 - Epoch 227/319
2026-07-04 05:25:05.947 | INFO     | loops.fit_loop:run:65 - Epoch 228/319
2026-07-04 05:25:39.493 | INFO     | loops.fit_loop:run:65 - Epoch 229/319
2026-07-04 05:26:12.020 | INFO     | loops.fit_loop:run:65 - Epoch 230/319
2026-07-04 05:26:38.725 | INFO     | callbacks.model_checkpoint:_save_checkpoint:200 - Checkpoint saved: last.ckpt duration_ms=563.48 size_mb=242.93
2026-07-04 05:26:46.185 | INFO     | loops.fit_loop:run:65 - Epoch 231/319
2026-07-04 05:27:18.790 | INFO     | loops.fit_loop:run:65 - Epoch 232/319
2026-07-04 05:27:51.383 | INFO     | loops.fit_loop:run:65 - Epoch 233/319
2026-07-04 05:28:24.926 | INFO     | loops.fit_loop:run:65 - Epoch 234/319
2026-07-04 05:28:57.395 | INFO     | loops.fit_loop:run:65 - Epoch 235/319
2026-07-04 05:29:30.862 | INFO     | loops.fit_loop:run:65 - Epoch 236/319
2026-07-04 05:30:03.374 | INFO     | loops.fit_loop:run:65 - Epoch 237/319
2026-07-04 05:30:35.925 | INFO     | loops.fit_loop:run:65 - Epoch 238/319
2026-07-04 05:31:09.675 | INFO     | loops.fit_loop:run:65 - Epoch 239/319
2026-07-04 05:31:42.341 | INFO     | loops.fit_loop:run:65 - Epoch 240/319
2026-07-04 05:32:14.934 | INFO     | loops.fit_loop:run:65 - Epoch 241/319
2026-07-04 05:32:48.567 | INFO     | loops.fit_loop:run:65 - Epoch 242/319
2026-07-04 05:33:21.103 | INFO     | loops.fit_loop:run:65 - Epoch 243/319
2026-07-04 05:33:41.961 | INFO     | callbacks.model_checkpoint:_save_checkpoint:200 - Checkpoint saved: last.ckpt duration_ms=552.47 size_mb=242.93
2026-07-04 05:33:55.291 | INFO     | loops.fit_loop:run:65 - Epoch 244/319
2026-07-04 05:34:27.873 | INFO     | loops.fit_loop:run:65 - Epoch 245/319
2026-07-04 05:35:00.445 | INFO     | loops.fit_loop:run:65 - Epoch 246/319
2026-07-04 05:35:34.054 | INFO     | loops.fit_loop:run:65 - Epoch 247/319
2026-07-04 05:36:06.599 | INFO     | loops.fit_loop:run:65 - Epoch 248/319
2026-07-04 05:36:40.205 | INFO     | loops.fit_loop:run:65 - Epoch 249/319
2026-07-04 05:37:12.760 | INFO     | loops.fit_loop:run:65 - Epoch 250/319
2026-07-04 05:37:45.259 | INFO     | loops.fit_loop:run:65 - Epoch 251/319
2026-07-04 05:38:18.859 | INFO     | loops.fit_loop:run:65 - Epoch 252/319
2026-07-04 05:38:51.365 | INFO     | loops.fit_loop:run:65 - Epoch 253/319
2026-07-04 05:39:24.862 | INFO     | loops.fit_loop:run:65 - Epoch 254/319
2026-07-04 05:39:57.347 | INFO     | loops.fit_loop:run:65 - Epoch 255/319
2026-07-04 05:40:29.979 | INFO     | loops.fit_loop:run:65 - Epoch 256/319
2026-07-04 05:40:44.998 | INFO     | callbacks.model_checkpoint:_save_checkpoint:200 - Checkpoint saved: last.ckpt duration_ms=591.99 size_mb=242.93
2026-07-04 05:41:04.099 | INFO     | loops.fit_loop:run:65 - Epoch 257/319
2026-07-04 05:41:36.646 | INFO     | loops.fit_loop:run:65 - Epoch 258/319
2026-07-04 05:42:10.125 | INFO     | loops.fit_loop:run:65 - Epoch 259/319
2026-07-04 05:42:42.616 | INFO     | loops.fit_loop:run:65 - Epoch 260/319
2026-07-04 05:43:15.084 | INFO     | loops.fit_loop:run:65 - Epoch 261/319
2026-07-04 05:43:48.696 | INFO     | loops.fit_loop:run:65 - Epoch 262/319
2026-07-04 05:44:21.260 | INFO     | loops.fit_loop:run:65 - Epoch 263/319
2026-07-04 05:44:53.927 | INFO     | loops.fit_loop:run:65 - Epoch 264/319
2026-07-04 05:45:27.561 | INFO     | loops.fit_loop:run:65 - Epoch 265/319
2026-07-04 05:46:00.182 | INFO     | loops.fit_loop:run:65 - Epoch 266/319
2026-07-04 05:46:33.791 | INFO     | loops.fit_loop:run:65 - Epoch 267/319
2026-07-04 05:47:06.414 | INFO     | loops.fit_loop:run:65 - Epoch 268/319
2026-07-04 05:47:38.970 | INFO     | loops.fit_loop:run:65 - Epoch 269/319
2026-07-04 05:47:48.093 | INFO     | callbacks.model_checkpoint:_save_checkpoint:200 - Checkpoint saved: last.ckpt duration_ms=552.01 size_mb=242.93
2026-07-04 05:48:13.193 | INFO     | loops.fit_loop:run:65 - Epoch 270/319
2026-07-04 05:48:45.838 | INFO     | loops.fit_loop:run:65 - Epoch 271/319
2026-07-04 05:49:19.617 | INFO     | loops.fit_loop:run:65 - Epoch 272/319
2026-07-04 05:49:52.326 | INFO     | loops.fit_loop:run:65 - Epoch 273/319
2026-07-04 05:50:24.971 | INFO     | loops.fit_loop:run:65 - Epoch 274/319
2026-07-04 05:50:58.685 | INFO     | loops.fit_loop:run:65 - Epoch 275/319
2026-07-04 05:51:31.206 | INFO     | loops.fit_loop:run:65 - Epoch 276/319
2026-07-04 05:52:04.836 | INFO     | loops.fit_loop:run:65 - Epoch 277/319
2026-07-04 05:52:37.445 | INFO     | loops.fit_loop:run:65 - Epoch 278/319
2026-07-04 05:53:10.061 | INFO     | loops.fit_loop:run:65 - Epoch 279/319
2026-07-04 05:53:43.661 | INFO     | loops.fit_loop:run:65 - Epoch 280/319
2026-07-04 05:54:16.287 | INFO     | loops.fit_loop:run:65 - Epoch 281/319
2026-07-04 05:54:49.030 | INFO     | loops.fit_loop:run:65 - Epoch 282/319
2026-07-04 05:54:52.429 | INFO     | callbacks.model_checkpoint:_save_checkpoint:200 - Checkpoint saved: last.ckpt duration_ms=621.33 size_mb=242.93
2026-07-04 05:55:23.301 | INFO     | loops.fit_loop:run:65 - Epoch 283/319
2026-07-04 05:55:55.942 | INFO     | loops.fit_loop:run:65 - Epoch 284/319
2026-07-04 05:56:29.515 | INFO     | loops.fit_loop:run:65 - Epoch 285/319
2026-07-04 05:57:02.091 | INFO     | loops.fit_loop:run:65 - Epoch 286/319
2026-07-04 05:57:34.712 | INFO     | loops.fit_loop:run:65 - Epoch 287/319
2026-07-04 05:58:08.412 | INFO     | loops.fit_loop:run:65 - Epoch 288/319
2026-07-04 05:58:41.159 | INFO     | loops.fit_loop:run:65 - Epoch 289/319
2026-07-04 05:59:14.914 | INFO     | loops.fit_loop:run:65 - Epoch 290/319
2026-07-04 05:59:47.535 | INFO     | loops.fit_loop:run:65 - Epoch 291/319
2026-07-04 06:00:20.207 | INFO     | loops.fit_loop:run:65 - Epoch 292/319
2026-07-04 06:00:53.958 | INFO     | loops.fit_loop:run:65 - Epoch 293/319
2026-07-04 06:01:26.684 | INFO     | loops.fit_loop:run:65 - Epoch 294/319
2026-07-04 06:01:56.948 | INFO     | callbacks.model_checkpoint:_save_checkpoint:200 - Checkpoint saved: last.ckpt duration_ms=574.78 size_mb=242.93
2026-07-04 06:02:01.134 | INFO     | loops.fit_loop:run:65 - Epoch 295/319
2026-07-04 06:02:33.855 | INFO     | loops.fit_loop:run:65 - Epoch 296/319
2026-07-04 06:03:06.578 | INFO     | loops.fit_loop:run:65 - Epoch 297/319
2026-07-04 06:03:40.323 | INFO     | loops.fit_loop:run:65 - Epoch 298/319
2026-07-04 06:04:13.005 | INFO     | loops.fit_loop:run:65 - Epoch 299/319
2026-07-04 06:04:46.693 | INFO     | loops.fit_loop:run:65 - Epoch 300/319
2026-07-04 06:05:19.187 | INFO     | loops.fit_loop:run:65 - Epoch 301/319
2026-07-04 06:05:51.899 | INFO     | loops.fit_loop:run:65 - Epoch 302/319
2026-07-04 06:06:25.453 | INFO     | loops.fit_loop:run:65 - Epoch 303/319
2026-07-04 06:06:58.017 | INFO     | loops.fit_loop:run:65 - Epoch 304/319
2026-07-04 06:07:30.626 | INFO     | loops.fit_loop:run:65 - Epoch 305/319
2026-07-04 06:08:04.405 | INFO     | loops.fit_loop:run:65 - Epoch 306/319
2026-07-04 06:08:37.091 | INFO     | loops.fit_loop:run:65 - Epoch 307/319
2026-07-04 06:09:01.349 | INFO     | callbacks.model_checkpoint:_save_checkpoint:200 - Checkpoint saved: last.ckpt duration_ms=525.49 size_mb=242.93
2026-07-04 06:09:11.389 | INFO     | loops.fit_loop:run:65 - Epoch 308/319
2026-07-04 06:09:44.069 | INFO     | loops.fit_loop:run:65 - Epoch 309/319
2026-07-04 06:10:16.688 | INFO     | loops.fit_loop:run:65 - Epoch 310/319
2026-07-04 06:10:50.413 | INFO     | loops.fit_loop:run:65 - Epoch 311/319
2026-07-04 06:11:23.017 | INFO     | loops.fit_loop:run:65 - Epoch 312/319
2026-07-04 06:11:56.752 | INFO     | loops.fit_loop:run:65 - Epoch 313/319
2026-07-04 06:12:29.369 | INFO     | loops.fit_loop:run:65 - Epoch 314/319
2026-07-04 06:13:01.972 | INFO     | loops.fit_loop:run:65 - Epoch 315/319
2026-07-04 06:13:35.529 | INFO     | loops.fit_loop:run:65 - Epoch 316/319
2026-07-04 06:14:08.108 | INFO     | loops.fit_loop:run:65 - Epoch 317/319
2026-07-04 06:14:41.775 | INFO     | loops.fit_loop:run:65 - Epoch 318/319
2026-07-04 06:15:14.331 | INFO     | loops.fit_loop:run:65 - Epoch 319/319
2026-07-04 06:15:46.908 | INFO     | vocode.trainers.reproduction_training_runner:_run_training:160 - Project-trained reproduction checkpoint written for melgan seed=1234; checkpoint metadata recorded
2026-07-04 06:15:47.045 | INFO     | vocode.trainers.scratch_reproduction_runner:_finalize_experiment_log:132 - Experiment vocode_checkpoint01_training_reproduction finished. Rows written: 1. Elapsed: 10714.6s
