2026-07-07 18:23:29.626 | INFO     | vocode.experiments.run_tracker:_announce_run:93 - Experiment vocode_checkpoint01_training_reproduction run_id=rfwave_full_bf16bs64_20260707_2110 architecture=rfwave seed=1234 evidence_category=project_trained_reproduction stage=train
2026-07-07 18:23:29.626 | INFO     | vocode.experiments.run_tracker:_announce_run:98 - Hypothesis: Project-trained efficient vocoder reproduces the selected published architecture under the VOCODE LJSpeech training protocol.
2026-07-07 18:23:33.586 | INFO     | core.trainer:_sanity_check_validation:757 - Running 2 sanity validation batches
2026-07-07 18:23:38.029 | INFO     | loops.fit_loop:run:65 - Epoch 0/640
2026-07-07 18:24:30.410 | INFO     | loops.fit_loop:run:65 - Epoch 1/640
2026-07-07 18:25:12.180 | INFO     | loops.fit_loop:run:65 - Epoch 2/640
2026-07-07 18:25:53.979 | INFO     | loops.fit_loop:run:65 - Epoch 3/640
2026-07-07 18:26:35.940 | INFO     | loops.fit_loop:run:65 - Epoch 4/640
2026-07-07 18:27:17.881 | INFO     | loops.fit_loop:run:65 - Epoch 5/640
2026-07-07 18:27:59.850 | INFO     | loops.fit_loop:run:65 - Epoch 6/640
2026-07-07 18:28:41.917 | INFO     | loops.fit_loop:run:65 - Epoch 7/640
2026-07-07 18:29:24.056 | INFO     | loops.fit_loop:run:65 - Epoch 8/640
2026-07-07 18:30:06.100 | INFO     | loops.fit_loop:run:65 - Epoch 9/640
2026-07-07 18:30:48.103 | INFO     | loops.fit_loop:run:65 - Epoch 10/640
2026-07-07 18:31:30.231 | INFO     | loops.fit_loop:run:65 - Epoch 11/640
2026-07-07 18:32:12.417 | INFO     | loops.fit_loop:run:65 - Epoch 12/640
2026-07-07 18:32:54.662 | INFO     | loops.fit_loop:run:65 - Epoch 13/640
2026-07-07 18:33:36.889 | INFO     | loops.fit_loop:run:65 - Epoch 14/640
2026-07-07 18:34:18.918 | INFO     | loops.fit_loop:run:65 - Epoch 15/640
2026-07-07 18:35:00.927 | INFO     | loops.fit_loop:run:65 - Epoch 16/640
2026-07-07 18:35:42.939 | INFO     | loops.fit_loop:run:65 - Epoch 17/640
2026-07-07 18:36:24.897 | INFO     | loops.fit_loop:run:65 - Epoch 18/640
2026-07-07 18:37:06.917 | INFO     | loops.fit_loop:run:65 - Epoch 19/640
2026-07-07 18:37:48.952 | INFO     | loops.fit_loop:run:65 - Epoch 20/640
2026-07-07 18:38:30.862 | INFO     | loops.fit_loop:run:65 - Epoch 21/640
2026-07-07 18:39:12.829 | INFO     | loops.fit_loop:run:65 - Epoch 22/640
2026-07-07 18:39:54.773 | INFO     | loops.fit_loop:run:65 - Epoch 23/640
2026-07-07 18:40:36.755 | INFO     | loops.fit_loop:run:65 - Epoch 24/640
2026-07-07 18:41:18.782 | INFO     | loops.fit_loop:run:65 - Epoch 25/640
2026-07-07 18:41:54.830 | INFO     | callbacks.model_checkpoint:_save_checkpoint:200 - Checkpoint saved: last.ckpt duration_ms=410.55 size_mb=207.94
2026-07-07 18:41:55.356 | INFO     | callbacks.model_checkpoint:_save_checkpoint:200 - Checkpoint saved: checkpoint-epoch25-step05000.ckpt duration_ms=523.99 size_mb=207.94
2026-07-07 18:42:10.277 | INFO     | loops.fit_loop:run:65 - Epoch 26/640
2026-07-07 18:42:52.252 | INFO     | loops.fit_loop:run:65 - Epoch 27/640
2026-07-07 18:43:34.214 | INFO     | loops.fit_loop:run:65 - Epoch 28/640
2026-07-07 18:44:16.202 | INFO     | loops.fit_loop:run:65 - Epoch 29/640
2026-07-07 18:44:58.213 | INFO     | loops.fit_loop:run:65 - Epoch 30/640
2026-07-07 18:45:40.104 | INFO     | loops.fit_loop:run:65 - Epoch 31/640
2026-07-07 18:46:22.113 | INFO     | loops.fit_loop:run:65 - Epoch 32/640
2026-07-07 18:47:04.058 | INFO     | loops.fit_loop:run:65 - Epoch 33/640
2026-07-07 18:47:46.029 | INFO     | loops.fit_loop:run:65 - Epoch 34/640
2026-07-07 18:48:28.125 | INFO     | loops.fit_loop:run:65 - Epoch 35/640
2026-07-07 18:49:10.276 | INFO     | loops.fit_loop:run:65 - Epoch 36/640
2026-07-07 18:49:52.314 | INFO     | loops.fit_loop:run:65 - Epoch 37/640
2026-07-07 18:50:34.323 | INFO     | loops.fit_loop:run:65 - Epoch 38/640
2026-07-07 18:51:16.242 | INFO     | loops.fit_loop:run:65 - Epoch 39/640
2026-07-07 18:51:58.229 | INFO     | loops.fit_loop:run:65 - Epoch 40/640
2026-07-07 18:52:40.220 | INFO     | loops.fit_loop:run:65 - Epoch 41/640
2026-07-07 18:53:22.324 | INFO     | loops.fit_loop:run:65 - Epoch 42/640
2026-07-07 18:54:04.238 | INFO     | loops.fit_loop:run:65 - Epoch 43/640
2026-07-07 18:54:46.227 | INFO     | loops.fit_loop:run:65 - Epoch 44/640
2026-07-07 18:55:28.327 | INFO     | loops.fit_loop:run:65 - Epoch 45/640
2026-07-07 18:56:10.582 | INFO     | loops.fit_loop:run:65 - Epoch 46/640
2026-07-07 18:56:52.887 | INFO     | loops.fit_loop:run:65 - Epoch 47/640
2026-07-07 18:57:35.013 | INFO     | loops.fit_loop:run:65 - Epoch 48/640
2026-07-07 18:58:17.206 | INFO     | loops.fit_loop:run:65 - Epoch 49/640
2026-07-07 18:58:59.348 | INFO     | loops.fit_loop:run:65 - Epoch 50/640
2026-07-07 18:59:41.431 | INFO     | loops.fit_loop:run:65 - Epoch 51/640
2026-07-07 18:59:55.669 | INFO     | callbacks.model_checkpoint:_save_checkpoint:200 - Checkpoint saved: last.ckpt duration_ms=428.25 size_mb=207.94
2026-07-07 18:59:56.065 | INFO     | callbacks.model_checkpoint:_save_checkpoint:200 - Checkpoint saved: checkpoint-epoch51-step10000.ckpt duration_ms=392.96 size_mb=207.94
2026-07-07 19:00:26.041 | INFO     | loops.fit_loop:run:65 - Epoch 52/640
2026-07-07 19:01:08.122 | INFO     | loops.fit_loop:run:65 - Epoch 53/640
2026-07-07 19:01:50.163 | INFO     | loops.fit_loop:run:65 - Epoch 54/640
2026-07-07 19:02:32.156 | INFO     | loops.fit_loop:run:65 - Epoch 55/640
2026-07-07 19:03:14.153 | INFO     | loops.fit_loop:run:65 - Epoch 56/640
2026-07-07 19:03:56.365 | INFO     | loops.fit_loop:run:65 - Epoch 57/640
2026-07-07 19:04:38.332 | INFO     | loops.fit_loop:run:65 - Epoch 58/640
2026-07-07 19:05:20.289 | INFO     | loops.fit_loop:run:65 - Epoch 59/640
2026-07-07 19:06:02.266 | INFO     | loops.fit_loop:run:65 - Epoch 60/640
2026-07-07 19:06:44.227 | INFO     | loops.fit_loop:run:65 - Epoch 61/640
2026-07-07 19:07:26.710 | INFO     | loops.fit_loop:run:65 - Epoch 62/640
2026-07-07 19:08:09.008 | INFO     | loops.fit_loop:run:65 - Epoch 63/640
2026-07-07 19:08:51.015 | INFO     | loops.fit_loop:run:65 - Epoch 64/640
2026-07-07 19:09:33.098 | INFO     | loops.fit_loop:run:65 - Epoch 65/640
2026-07-07 19:10:15.141 | INFO     | loops.fit_loop:run:65 - Epoch 66/640
2026-07-07 19:10:57.157 | INFO     | loops.fit_loop:run:65 - Epoch 67/640
2026-07-07 19:11:39.452 | INFO     | loops.fit_loop:run:65 - Epoch 68/640
2026-07-07 19:12:22.013 | INFO     | loops.fit_loop:run:65 - Epoch 69/640
2026-07-07 19:13:04.029 | INFO     | loops.fit_loop:run:65 - Epoch 70/640
2026-07-07 19:13:45.989 | INFO     | loops.fit_loop:run:65 - Epoch 71/640
2026-07-07 19:14:28.051 | INFO     | loops.fit_loop:run:65 - Epoch 72/640
2026-07-07 19:15:10.160 | INFO     | loops.fit_loop:run:65 - Epoch 73/640
2026-07-07 19:15:52.243 | INFO     | loops.fit_loop:run:65 - Epoch 74/640
2026-07-07 19:16:34.402 | INFO     | loops.fit_loop:run:65 - Epoch 75/640
2026-07-07 19:17:16.441 | INFO     | loops.fit_loop:run:65 - Epoch 76/640
2026-07-07 19:17:57.419 | INFO     | callbacks.model_checkpoint:_save_checkpoint:200 - Checkpoint saved: last.ckpt duration_ms=342.01 size_mb=207.94
2026-07-07 19:17:57.762 | INFO     | callbacks.model_checkpoint:_save_checkpoint:200 - Checkpoint saved: checkpoint-epoch76-step15000.ckpt duration_ms=340.22 size_mb=207.94
2026-07-07 19:18:00.941 | INFO     | loops.fit_loop:run:65 - Epoch 77/640
2026-07-07 19:18:43.060 | INFO     | loops.fit_loop:run:65 - Epoch 78/640
2026-07-07 19:19:25.394 | INFO     | loops.fit_loop:run:65 - Epoch 79/640
2026-07-07 19:20:07.565 | INFO     | loops.fit_loop:run:65 - Epoch 80/640
2026-07-07 19:20:49.739 | INFO     | loops.fit_loop:run:65 - Epoch 81/640
2026-07-07 19:21:31.886 | INFO     | loops.fit_loop:run:65 - Epoch 82/640
2026-07-07 19:22:14.109 | INFO     | loops.fit_loop:run:65 - Epoch 83/640
2026-07-07 19:22:56.158 | INFO     | loops.fit_loop:run:65 - Epoch 84/640
2026-07-07 19:23:38.262 | INFO     | loops.fit_loop:run:65 - Epoch 85/640
2026-07-07 19:24:20.468 | INFO     | loops.fit_loop:run:65 - Epoch 86/640
2026-07-07 19:25:02.765 | INFO     | loops.fit_loop:run:65 - Epoch 87/640
2026-07-07 19:25:45.070 | INFO     | loops.fit_loop:run:65 - Epoch 88/640
2026-07-07 19:26:27.163 | INFO     | loops.fit_loop:run:65 - Epoch 89/640
2026-07-07 19:27:09.438 | INFO     | loops.fit_loop:run:65 - Epoch 90/640
2026-07-07 19:27:51.791 | INFO     | loops.fit_loop:run:65 - Epoch 91/640
2026-07-07 19:28:33.877 | INFO     | loops.fit_loop:run:65 - Epoch 92/640
2026-07-07 19:29:15.852 | INFO     | loops.fit_loop:run:65 - Epoch 93/640
2026-07-07 19:29:57.841 | INFO     | loops.fit_loop:run:65 - Epoch 94/640
2026-07-07 19:30:39.895 | INFO     | loops.fit_loop:run:65 - Epoch 95/640
2026-07-07 19:31:21.869 | INFO     | loops.fit_loop:run:65 - Epoch 96/640
2026-07-07 19:32:03.824 | INFO     | loops.fit_loop:run:65 - Epoch 97/640
2026-07-07 19:32:45.873 | INFO     | loops.fit_loop:run:65 - Epoch 98/640
2026-07-07 19:33:27.852 | INFO     | loops.fit_loop:run:65 - Epoch 99/640
2026-07-07 19:34:09.823 | INFO     | loops.fit_loop:run:65 - Epoch 100/640
2026-07-07 19:34:51.838 | INFO     | loops.fit_loop:run:65 - Epoch 101/640
2026-07-07 19:35:33.826 | INFO     | loops.fit_loop:run:65 - Epoch 102/640
2026-07-07 19:35:59.721 | INFO     | callbacks.model_checkpoint:_save_checkpoint:200 - Checkpoint saved: last.ckpt duration_ms=328.84 size_mb=207.94
2026-07-07 19:36:00.048 | INFO     | callbacks.model_checkpoint:_save_checkpoint:200 - Checkpoint saved: checkpoint-epoch102-step20000.ckpt duration_ms=325.06 size_mb=207.94
2026-07-07 19:36:18.197 | INFO     | loops.fit_loop:run:65 - Epoch 103/640
2026-07-07 19:37:00.156 | INFO     | loops.fit_loop:run:65 - Epoch 104/640
2026-07-07 19:37:42.131 | INFO     | loops.fit_loop:run:65 - Epoch 105/640
2026-07-07 19:38:24.114 | INFO     | loops.fit_loop:run:65 - Epoch 106/640
2026-07-07 19:39:06.139 | INFO     | loops.fit_loop:run:65 - Epoch 107/640
2026-07-07 19:39:48.122 | INFO     | loops.fit_loop:run:65 - Epoch 108/640
2026-07-07 19:40:30.075 | INFO     | loops.fit_loop:run:65 - Epoch 109/640
2026-07-07 19:41:12.026 | INFO     | loops.fit_loop:run:65 - Epoch 110/640
2026-07-07 19:41:54.053 | INFO     | loops.fit_loop:run:65 - Epoch 111/640
2026-07-07 19:42:36.007 | INFO     | loops.fit_loop:run:65 - Epoch 112/640
2026-07-07 19:43:18.065 | INFO     | loops.fit_loop:run:65 - Epoch 113/640
2026-07-07 19:44:00.039 | INFO     | loops.fit_loop:run:65 - Epoch 114/640
2026-07-07 19:44:42.094 | INFO     | loops.fit_loop:run:65 - Epoch 115/640
2026-07-07 19:45:24.274 | INFO     | loops.fit_loop:run:65 - Epoch 116/640
2026-07-07 19:46:06.488 | INFO     | loops.fit_loop:run:65 - Epoch 117/640
2026-07-07 19:46:48.632 | INFO     | loops.fit_loop:run:65 - Epoch 118/640
2026-07-07 19:47:30.830 | INFO     | loops.fit_loop:run:65 - Epoch 119/640
2026-07-07 19:48:13.013 | INFO     | loops.fit_loop:run:65 - Epoch 120/640
2026-07-07 19:48:55.362 | INFO     | loops.fit_loop:run:65 - Epoch 121/640
2026-07-07 19:49:37.696 | INFO     | loops.fit_loop:run:65 - Epoch 122/640
2026-07-07 19:50:19.843 | INFO     | loops.fit_loop:run:65 - Epoch 123/640
2026-07-07 19:51:01.910 | INFO     | loops.fit_loop:run:65 - Epoch 124/640
2026-07-07 19:51:43.994 | INFO     | loops.fit_loop:run:65 - Epoch 125/640
2026-07-07 19:52:26.115 | INFO     | loops.fit_loop:run:65 - Epoch 126/640
2026-07-07 19:53:08.138 | INFO     | loops.fit_loop:run:65 - Epoch 127/640
2026-07-07 19:53:50.195 | INFO     | loops.fit_loop:run:65 - Epoch 128/640
2026-07-07 19:54:01.115 | INFO     | callbacks.model_checkpoint:_save_checkpoint:200 - Checkpoint saved: last.ckpt duration_ms=363.76 size_mb=207.94
2026-07-07 19:54:01.485 | INFO     | callbacks.model_checkpoint:_save_checkpoint:200 - Checkpoint saved: checkpoint-epoch128-step25000.ckpt duration_ms=367.22 size_mb=207.94
2026-07-07 19:54:34.710 | INFO     | loops.fit_loop:run:65 - Epoch 129/640
2026-07-07 19:55:16.745 | INFO     | loops.fit_loop:run:65 - Epoch 130/640
2026-07-07 19:55:58.845 | INFO     | loops.fit_loop:run:65 - Epoch 131/640
2026-07-07 19:56:40.991 | INFO     | loops.fit_loop:run:65 - Epoch 132/640
2026-07-07 19:57:23.039 | INFO     | loops.fit_loop:run:65 - Epoch 133/640
2026-07-07 19:58:05.053 | INFO     | loops.fit_loop:run:65 - Epoch 134/640
2026-07-07 19:58:47.087 | INFO     | loops.fit_loop:run:65 - Epoch 135/640
2026-07-07 19:59:29.076 | INFO     | loops.fit_loop:run:65 - Epoch 136/640
2026-07-07 20:00:11.103 | INFO     | loops.fit_loop:run:65 - Epoch 137/640
2026-07-07 20:00:53.104 | INFO     | loops.fit_loop:run:65 - Epoch 138/640
2026-07-07 20:01:35.150 | INFO     | loops.fit_loop:run:65 - Epoch 139/640
2026-07-07 20:02:17.191 | INFO     | loops.fit_loop:run:65 - Epoch 140/640
2026-07-07 20:02:59.385 | INFO     | loops.fit_loop:run:65 - Epoch 141/640
2026-07-07 20:03:41.401 | INFO     | loops.fit_loop:run:65 - Epoch 142/640
2026-07-07 20:04:23.387 | INFO     | loops.fit_loop:run:65 - Epoch 143/640
2026-07-07 20:05:05.477 | INFO     | loops.fit_loop:run:65 - Epoch 144/640
2026-07-07 20:05:47.504 | INFO     | loops.fit_loop:run:65 - Epoch 145/640
2026-07-07 20:06:29.551 | INFO     | loops.fit_loop:run:65 - Epoch 146/640
2026-07-07 20:07:11.574 | INFO     | loops.fit_loop:run:65 - Epoch 147/640
2026-07-07 20:07:53.625 | INFO     | loops.fit_loop:run:65 - Epoch 148/640
2026-07-07 20:08:35.594 | INFO     | loops.fit_loop:run:65 - Epoch 149/640
2026-07-07 20:09:17.656 | INFO     | loops.fit_loop:run:65 - Epoch 150/640
2026-07-07 20:09:59.582 | INFO     | loops.fit_loop:run:65 - Epoch 151/640
2026-07-07 20:10:41.647 | INFO     | loops.fit_loop:run:65 - Epoch 152/640
2026-07-07 20:11:23.588 | INFO     | loops.fit_loop:run:65 - Epoch 153/640
2026-07-07 20:12:01.339 | INFO     | callbacks.model_checkpoint:_save_checkpoint:200 - Checkpoint saved: last.ckpt duration_ms=368.23 size_mb=207.94
2026-07-07 20:12:01.710 | INFO     | callbacks.model_checkpoint:_save_checkpoint:200 - Checkpoint saved: checkpoint-epoch153-step30000.ckpt duration_ms=368.99 size_mb=207.94
2026-07-07 20:12:08.090 | INFO     | loops.fit_loop:run:65 - Epoch 154/640
2026-07-07 20:12:50.122 | INFO     | loops.fit_loop:run:65 - Epoch 155/640
2026-07-07 20:13:32.111 | INFO     | loops.fit_loop:run:65 - Epoch 156/640
2026-07-07 20:14:14.124 | INFO     | loops.fit_loop:run:65 - Epoch 157/640
2026-07-07 20:14:56.259 | INFO     | loops.fit_loop:run:65 - Epoch 158/640
2026-07-07 20:15:38.616 | INFO     | loops.fit_loop:run:65 - Epoch 159/640
2026-07-07 20:16:20.873 | INFO     | loops.fit_loop:run:65 - Epoch 160/640
2026-07-07 20:17:03.116 | INFO     | loops.fit_loop:run:65 - Epoch 161/640
2026-07-07 20:17:45.347 | INFO     | loops.fit_loop:run:65 - Epoch 162/640
2026-07-07 20:18:27.640 | INFO     | loops.fit_loop:run:65 - Epoch 163/640
2026-07-07 20:19:09.802 | INFO     | loops.fit_loop:run:65 - Epoch 164/640
2026-07-07 20:19:51.927 | INFO     | loops.fit_loop:run:65 - Epoch 165/640
2026-07-07 20:20:34.086 | INFO     | loops.fit_loop:run:65 - Epoch 166/640
2026-07-07 20:21:16.205 | INFO     | loops.fit_loop:run:65 - Epoch 167/640
2026-07-07 20:21:58.312 | INFO     | loops.fit_loop:run:65 - Epoch 168/640
2026-07-07 20:22:40.400 | INFO     | loops.fit_loop:run:65 - Epoch 169/640
2026-07-07 20:23:22.495 | INFO     | loops.fit_loop:run:65 - Epoch 170/640
2026-07-07 20:24:04.584 | INFO     | loops.fit_loop:run:65 - Epoch 171/640
2026-07-07 20:24:46.773 | INFO     | loops.fit_loop:run:65 - Epoch 172/640
2026-07-07 20:25:28.883 | INFO     | loops.fit_loop:run:65 - Epoch 173/640
2026-07-07 20:26:11.096 | INFO     | loops.fit_loop:run:65 - Epoch 174/640
2026-07-07 20:26:53.371 | INFO     | loops.fit_loop:run:65 - Epoch 175/640
2026-07-07 20:27:35.513 | INFO     | loops.fit_loop:run:65 - Epoch 176/640
2026-07-07 20:28:17.703 | INFO     | loops.fit_loop:run:65 - Epoch 177/640
2026-07-07 20:28:59.848 | INFO     | loops.fit_loop:run:65 - Epoch 178/640
2026-07-07 20:29:42.096 | INFO     | loops.fit_loop:run:65 - Epoch 179/640
2026-07-07 20:30:04.905 | INFO     | callbacks.model_checkpoint:_save_checkpoint:200 - Checkpoint saved: last.ckpt duration_ms=345.29 size_mb=207.94
2026-07-07 20:30:05.252 | INFO     | callbacks.model_checkpoint:_save_checkpoint:200 - Checkpoint saved: checkpoint-epoch179-step35000.ckpt duration_ms=344.49 size_mb=207.94
2026-07-07 20:30:26.722 | INFO     | loops.fit_loop:run:65 - Epoch 180/640
2026-07-07 20:31:08.901 | INFO     | loops.fit_loop:run:65 - Epoch 181/640
2026-07-07 20:31:51.135 | INFO     | loops.fit_loop:run:65 - Epoch 182/640
2026-07-07 20:32:33.297 | INFO     | loops.fit_loop:run:65 - Epoch 183/640
2026-07-07 20:33:15.401 | INFO     | loops.fit_loop:run:65 - Epoch 184/640
2026-07-07 20:33:57.530 | INFO     | loops.fit_loop:run:65 - Epoch 185/640
2026-07-07 20:34:39.632 | INFO     | loops.fit_loop:run:65 - Epoch 186/640
2026-07-07 20:35:21.728 | INFO     | loops.fit_loop:run:65 - Epoch 187/640
2026-07-07 20:36:03.853 | INFO     | loops.fit_loop:run:65 - Epoch 188/640
2026-07-07 20:36:45.921 | INFO     | loops.fit_loop:run:65 - Epoch 189/640
2026-07-07 20:37:28.038 | INFO     | loops.fit_loop:run:65 - Epoch 190/640
2026-07-07 20:38:10.033 | INFO     | loops.fit_loop:run:65 - Epoch 191/640
2026-07-07 20:38:52.130 | INFO     | loops.fit_loop:run:65 - Epoch 192/640
2026-07-07 20:39:34.142 | INFO     | loops.fit_loop:run:65 - Epoch 193/640
2026-07-07 20:40:16.218 | INFO     | loops.fit_loop:run:65 - Epoch 194/640
2026-07-07 20:40:58.279 | INFO     | loops.fit_loop:run:65 - Epoch 195/640
2026-07-07 20:41:40.341 | INFO     | loops.fit_loop:run:65 - Epoch 196/640
2026-07-07 20:42:22.356 | INFO     | loops.fit_loop:run:65 - Epoch 197/640
2026-07-07 20:43:04.388 | INFO     | loops.fit_loop:run:65 - Epoch 198/640
2026-07-07 20:43:46.465 | INFO     | loops.fit_loop:run:65 - Epoch 199/640
2026-07-07 20:44:28.506 | INFO     | loops.fit_loop:run:65 - Epoch 200/640
2026-07-07 20:45:10.529 | INFO     | loops.fit_loop:run:65 - Epoch 201/640
2026-07-07 20:45:52.610 | INFO     | loops.fit_loop:run:65 - Epoch 202/640
2026-07-07 20:46:34.693 | INFO     | loops.fit_loop:run:65 - Epoch 203/640
2026-07-07 20:47:16.803 | INFO     | loops.fit_loop:run:65 - Epoch 204/640
2026-07-07 20:47:58.777 | INFO     | loops.fit_loop:run:65 - Epoch 205/640
2026-07-07 20:48:06.441 | INFO     | callbacks.model_checkpoint:_save_checkpoint:200 - Checkpoint saved: last.ckpt duration_ms=337.84 size_mb=207.94
2026-07-07 20:48:06.776 | INFO     | callbacks.model_checkpoint:_save_checkpoint:200 - Checkpoint saved: checkpoint-epoch205-step40000.ckpt duration_ms=332.79 size_mb=207.94
2026-07-07 20:48:43.161 | INFO     | loops.fit_loop:run:65 - Epoch 206/640
2026-07-07 20:49:25.176 | INFO     | loops.fit_loop:run:65 - Epoch 207/640
2026-07-07 20:50:07.342 | INFO     | loops.fit_loop:run:65 - Epoch 208/640
2026-07-07 20:50:49.490 | INFO     | loops.fit_loop:run:65 - Epoch 209/640
2026-07-07 20:51:31.554 | INFO     | loops.fit_loop:run:65 - Epoch 210/640
2026-07-07 20:52:13.526 | INFO     | loops.fit_loop:run:65 - Epoch 211/640
2026-07-07 20:52:55.755 | INFO     | loops.fit_loop:run:65 - Epoch 212/640
2026-07-07 20:53:38.030 | INFO     | loops.fit_loop:run:65 - Epoch 213/640
2026-07-07 20:54:20.295 | INFO     | loops.fit_loop:run:65 - Epoch 214/640
2026-07-07 20:55:02.534 | INFO     | loops.fit_loop:run:65 - Epoch 215/640
2026-07-07 20:55:44.753 | INFO     | loops.fit_loop:run:65 - Epoch 216/640
2026-07-07 20:56:26.806 | INFO     | loops.fit_loop:run:65 - Epoch 217/640
2026-07-07 20:57:08.928 | INFO     | loops.fit_loop:run:65 - Epoch 218/640
2026-07-07 20:57:51.153 | INFO     | loops.fit_loop:run:65 - Epoch 219/640
2026-07-07 20:58:33.220 | INFO     | loops.fit_loop:run:65 - Epoch 220/640
2026-07-07 20:59:15.336 | INFO     | loops.fit_loop:run:65 - Epoch 221/640
2026-07-07 20:59:57.397 | INFO     | loops.fit_loop:run:65 - Epoch 222/640
2026-07-07 21:00:39.441 | INFO     | loops.fit_loop:run:65 - Epoch 223/640
2026-07-07 21:01:21.481 | INFO     | loops.fit_loop:run:65 - Epoch 224/640
2026-07-07 21:02:03.546 | INFO     | loops.fit_loop:run:65 - Epoch 225/640
2026-07-07 21:02:45.590 | INFO     | loops.fit_loop:run:65 - Epoch 226/640
2026-07-07 21:03:27.671 | INFO     | loops.fit_loop:run:65 - Epoch 227/640
2026-07-07 21:04:09.791 | INFO     | loops.fit_loop:run:65 - Epoch 228/640
2026-07-07 21:04:51.864 | INFO     | loops.fit_loop:run:65 - Epoch 229/640
2026-07-07 21:05:33.896 | INFO     | loops.fit_loop:run:65 - Epoch 230/640
2026-07-07 21:06:08.339 | INFO     | callbacks.model_checkpoint:_save_checkpoint:200 - Checkpoint saved: last.ckpt duration_ms=327.63 size_mb=207.94
2026-07-07 21:06:17.920 | INFO     | loops.fit_loop:run:65 - Epoch 231/640
2026-07-07 21:07:00.094 | INFO     | loops.fit_loop:run:65 - Epoch 232/640
2026-07-07 21:07:42.383 | INFO     | loops.fit_loop:run:65 - Epoch 233/640
2026-07-07 21:08:24.386 | INFO     | loops.fit_loop:run:65 - Epoch 234/640
2026-07-07 21:09:06.398 | INFO     | loops.fit_loop:run:65 - Epoch 235/640
2026-07-07 21:09:48.535 | INFO     | loops.fit_loop:run:65 - Epoch 236/640
2026-07-07 21:10:30.648 | INFO     | loops.fit_loop:run:65 - Epoch 237/640
2026-07-07 21:11:12.709 | INFO     | loops.fit_loop:run:65 - Epoch 238/640
2026-07-07 21:11:54.737 | INFO     | loops.fit_loop:run:65 - Epoch 239/640
2026-07-07 21:12:36.832 | INFO     | loops.fit_loop:run:65 - Epoch 240/640
2026-07-07 21:13:18.983 | INFO     | loops.fit_loop:run:65 - Epoch 241/640
2026-07-07 21:14:01.086 | INFO     | loops.fit_loop:run:65 - Epoch 242/640
2026-07-07 21:14:43.169 | INFO     | loops.fit_loop:run:65 - Epoch 243/640
2026-07-07 21:15:25.298 | INFO     | loops.fit_loop:run:65 - Epoch 244/640
2026-07-07 21:16:07.410 | INFO     | loops.fit_loop:run:65 - Epoch 245/640
2026-07-07 21:16:49.594 | INFO     | loops.fit_loop:run:65 - Epoch 246/640
2026-07-07 21:17:31.713 | INFO     | loops.fit_loop:run:65 - Epoch 247/640
2026-07-07 21:18:13.879 | INFO     | loops.fit_loop:run:65 - Epoch 248/640
2026-07-07 21:18:56.208 | INFO     | loops.fit_loop:run:65 - Epoch 249/640
2026-07-07 21:19:38.573 | INFO     | loops.fit_loop:run:65 - Epoch 250/640
2026-07-07 21:20:20.732 | INFO     | loops.fit_loop:run:65 - Epoch 251/640
2026-07-07 21:21:02.984 | INFO     | loops.fit_loop:run:65 - Epoch 252/640
2026-07-07 21:21:45.152 | INFO     | loops.fit_loop:run:65 - Epoch 253/640
2026-07-07 21:22:27.454 | INFO     | loops.fit_loop:run:65 - Epoch 254/640
2026-07-07 21:23:09.596 | INFO     | loops.fit_loop:run:65 - Epoch 255/640
2026-07-07 21:23:51.654 | INFO     | loops.fit_loop:run:65 - Epoch 256/640
2026-07-07 21:24:11.176 | INFO     | callbacks.model_checkpoint:_save_checkpoint:200 - Checkpoint saved: last.ckpt duration_ms=343.54 size_mb=207.94
2026-07-07 21:24:11.506 | INFO     | callbacks.model_checkpoint:_save_checkpoint:200 - Checkpoint saved: checkpoint-epoch256-step50000.ckpt duration_ms=327.83 size_mb=207.94
2026-07-07 21:24:36.146 | INFO     | loops.fit_loop:run:65 - Epoch 257/640
2026-07-07 21:25:18.445 | INFO     | loops.fit_loop:run:65 - Epoch 258/640
2026-07-07 21:26:00.573 | INFO     | loops.fit_loop:run:65 - Epoch 259/640
2026-07-07 21:26:43.007 | INFO     | loops.fit_loop:run:65 - Epoch 260/640
2026-07-07 21:27:25.183 | INFO     | loops.fit_loop:run:65 - Epoch 261/640
2026-07-07 21:28:07.319 | INFO     | loops.fit_loop:run:65 - Epoch 262/640
2026-07-07 21:28:49.510 | INFO     | loops.fit_loop:run:65 - Epoch 263/640
2026-07-07 21:29:31.676 | INFO     | loops.fit_loop:run:65 - Epoch 264/640
2026-07-07 21:30:13.904 | INFO     | loops.fit_loop:run:65 - Epoch 265/640
2026-07-07 21:30:55.999 | INFO     | loops.fit_loop:run:65 - Epoch 266/640
2026-07-07 21:31:38.094 | INFO     | loops.fit_loop:run:65 - Epoch 267/640
2026-07-07 21:32:20.182 | INFO     | loops.fit_loop:run:65 - Epoch 268/640
2026-07-07 21:33:02.462 | INFO     | loops.fit_loop:run:65 - Epoch 269/640
2026-07-07 21:33:44.555 | INFO     | loops.fit_loop:run:65 - Epoch 270/640
2026-07-07 21:34:26.694 | INFO     | loops.fit_loop:run:65 - Epoch 271/640
2026-07-07 21:35:08.771 | INFO     | loops.fit_loop:run:65 - Epoch 272/640
2026-07-07 21:35:50.906 | INFO     | loops.fit_loop:run:65 - Epoch 273/640
2026-07-07 21:36:33.198 | INFO     | loops.fit_loop:run:65 - Epoch 274/640
2026-07-07 21:37:15.352 | INFO     | loops.fit_loop:run:65 - Epoch 275/640
2026-07-07 21:37:57.425 | INFO     | loops.fit_loop:run:65 - Epoch 276/640
2026-07-07 21:38:39.463 | INFO     | loops.fit_loop:run:65 - Epoch 277/640
2026-07-07 21:39:21.476 | INFO     | loops.fit_loop:run:65 - Epoch 278/640
2026-07-07 21:40:03.520 | INFO     | loops.fit_loop:run:65 - Epoch 279/640
2026-07-07 21:40:45.577 | INFO     | loops.fit_loop:run:65 - Epoch 280/640
2026-07-07 21:41:27.666 | INFO     | loops.fit_loop:run:65 - Epoch 281/640
2026-07-07 21:42:09.785 | INFO     | loops.fit_loop:run:65 - Epoch 282/640
2026-07-07 21:42:14.250 | INFO     | callbacks.model_checkpoint:_save_checkpoint:200 - Checkpoint saved: last.ckpt duration_ms=336.42 size_mb=207.94
2026-07-07 21:42:53.876 | INFO     | loops.fit_loop:run:65 - Epoch 283/640
2026-07-07 21:43:35.944 | INFO     | loops.fit_loop:run:65 - Epoch 284/640
2026-07-07 21:44:18.008 | INFO     | loops.fit_loop:run:65 - Epoch 285/640
2026-07-07 21:45:00.187 | INFO     | loops.fit_loop:run:65 - Epoch 286/640
2026-07-07 21:45:42.274 | INFO     | loops.fit_loop:run:65 - Epoch 287/640
2026-07-07 21:46:24.460 | INFO     | loops.fit_loop:run:65 - Epoch 288/640
2026-07-07 21:47:06.670 | INFO     | loops.fit_loop:run:65 - Epoch 289/640
2026-07-07 21:47:48.768 | INFO     | loops.fit_loop:run:65 - Epoch 290/640
2026-07-07 21:48:30.796 | INFO     | loops.fit_loop:run:65 - Epoch 291/640
2026-07-07 21:49:12.891 | INFO     | loops.fit_loop:run:65 - Epoch 292/640
2026-07-07 21:49:54.907 | INFO     | loops.fit_loop:run:65 - Epoch 293/640
2026-07-07 21:50:36.914 | INFO     | loops.fit_loop:run:65 - Epoch 294/640
2026-07-07 21:51:18.958 | INFO     | loops.fit_loop:run:65 - Epoch 295/640
2026-07-07 21:52:00.915 | INFO     | loops.fit_loop:run:65 - Epoch 296/640
2026-07-07 21:52:42.968 | INFO     | loops.fit_loop:run:65 - Epoch 297/640
2026-07-07 21:53:24.961 | INFO     | loops.fit_loop:run:65 - Epoch 298/640
2026-07-07 21:54:06.947 | INFO     | loops.fit_loop:run:65 - Epoch 299/640
2026-07-07 21:54:49.022 | INFO     | loops.fit_loop:run:65 - Epoch 300/640
2026-07-07 21:55:31.025 | INFO     | loops.fit_loop:run:65 - Epoch 301/640
2026-07-07 21:56:13.126 | INFO     | loops.fit_loop:run:65 - Epoch 302/640
2026-07-07 21:56:55.230 | INFO     | loops.fit_loop:run:65 - Epoch 303/640
2026-07-07 21:57:37.256 | INFO     | loops.fit_loop:run:65 - Epoch 304/640
2026-07-07 21:58:19.289 | INFO     | loops.fit_loop:run:65 - Epoch 305/640
2026-07-07 21:59:01.367 | INFO     | loops.fit_loop:run:65 - Epoch 306/640
2026-07-07 21:59:43.731 | INFO     | loops.fit_loop:run:65 - Epoch 307/640
2026-07-07 22:00:14.986 | INFO     | callbacks.model_checkpoint:_save_checkpoint:200 - Checkpoint saved: last.ckpt duration_ms=343.10 size_mb=207.94
2026-07-07 22:00:15.315 | INFO     | callbacks.model_checkpoint:_save_checkpoint:200 - Checkpoint saved: checkpoint-epoch307-step60000.ckpt duration_ms=326.67 size_mb=207.94
2026-07-07 22:00:28.145 | INFO     | loops.fit_loop:run:65 - Epoch 308/640
2026-07-07 22:01:10.310 | INFO     | loops.fit_loop:run:65 - Epoch 309/640
2026-07-07 22:01:52.490 | INFO     | loops.fit_loop:run:65 - Epoch 310/640
2026-07-07 22:02:34.841 | INFO     | loops.fit_loop:run:65 - Epoch 311/640
2026-07-07 22:03:17.170 | INFO     | loops.fit_loop:run:65 - Epoch 312/640
2026-07-07 22:03:59.454 | INFO     | loops.fit_loop:run:65 - Epoch 313/640
2026-07-07 22:04:41.741 | INFO     | loops.fit_loop:run:65 - Epoch 314/640
2026-07-07 22:05:23.915 | INFO     | loops.fit_loop:run:65 - Epoch 315/640
2026-07-07 22:06:06.102 | INFO     | loops.fit_loop:run:65 - Epoch 316/640
2026-07-07 22:06:48.288 | INFO     | loops.fit_loop:run:65 - Epoch 317/640
2026-07-07 22:07:30.423 | INFO     | loops.fit_loop:run:65 - Epoch 318/640
2026-07-07 22:08:12.589 | INFO     | loops.fit_loop:run:65 - Epoch 319/640
2026-07-07 22:08:54.697 | INFO     | loops.fit_loop:run:65 - Epoch 320/640
2026-07-07 22:09:36.834 | INFO     | loops.fit_loop:run:65 - Epoch 321/640
2026-07-07 22:10:18.968 | INFO     | loops.fit_loop:run:65 - Epoch 322/640
2026-07-07 22:11:01.212 | INFO     | loops.fit_loop:run:65 - Epoch 323/640
2026-07-07 22:11:43.411 | INFO     | loops.fit_loop:run:65 - Epoch 324/640
2026-07-07 22:12:25.531 | INFO     | loops.fit_loop:run:65 - Epoch 325/640
2026-07-07 22:13:07.712 | INFO     | loops.fit_loop:run:65 - Epoch 326/640
2026-07-07 22:13:49.801 | INFO     | loops.fit_loop:run:65 - Epoch 327/640
2026-07-07 22:14:31.874 | INFO     | loops.fit_loop:run:65 - Epoch 328/640
2026-07-07 22:15:13.992 | INFO     | loops.fit_loop:run:65 - Epoch 329/640
2026-07-07 22:15:56.028 | INFO     | loops.fit_loop:run:65 - Epoch 330/640
2026-07-07 22:16:38.128 | INFO     | loops.fit_loop:run:65 - Epoch 331/640
2026-07-07 22:17:20.187 | INFO     | loops.fit_loop:run:65 - Epoch 332/640
2026-07-07 22:18:02.214 | INFO     | loops.fit_loop:run:65 - Epoch 333/640
2026-07-07 22:18:18.529 | INFO     | callbacks.model_checkpoint:_save_checkpoint:200 - Checkpoint saved: last.ckpt duration_ms=343.18 size_mb=207.94
2026-07-07 22:18:46.391 | INFO     | loops.fit_loop:run:65 - Epoch 334/640
2026-07-07 22:19:28.438 | INFO     | loops.fit_loop:run:65 - Epoch 335/640
2026-07-07 22:20:10.517 | INFO     | loops.fit_loop:run:65 - Epoch 336/640
2026-07-07 22:20:52.529 | INFO     | loops.fit_loop:run:65 - Epoch 337/640
2026-07-07 22:21:34.638 | INFO     | loops.fit_loop:run:65 - Epoch 338/640
2026-07-07 22:22:16.649 | INFO     | loops.fit_loop:run:65 - Epoch 339/640
2026-07-07 22:22:58.792 | INFO     | loops.fit_loop:run:65 - Epoch 340/640
2026-07-07 22:23:40.814 | INFO     | loops.fit_loop:run:65 - Epoch 341/640
2026-07-07 22:24:23.787 | INFO     | loops.fit_loop:run:65 - Epoch 342/640
2026-07-07 22:25:05.916 | INFO     | loops.fit_loop:run:65 - Epoch 343/640
2026-07-07 22:25:47.991 | INFO     | loops.fit_loop:run:65 - Epoch 344/640
2026-07-07 22:26:30.046 | INFO     | loops.fit_loop:run:65 - Epoch 345/640
2026-07-07 22:27:12.156 | INFO     | loops.fit_loop:run:65 - Epoch 346/640
2026-07-07 22:27:54.247 | INFO     | loops.fit_loop:run:65 - Epoch 347/640
2026-07-07 22:28:36.384 | INFO     | loops.fit_loop:run:65 - Epoch 348/640
2026-07-07 22:29:18.557 | INFO     | loops.fit_loop:run:65 - Epoch 349/640
2026-07-07 22:30:00.710 | INFO     | loops.fit_loop:run:65 - Epoch 350/640
2026-07-07 22:30:42.998 | INFO     | loops.fit_loop:run:65 - Epoch 351/640
2026-07-07 22:31:25.340 | INFO     | loops.fit_loop:run:65 - Epoch 352/640
2026-07-07 22:32:07.716 | INFO     | loops.fit_loop:run:65 - Epoch 353/640
2026-07-07 22:32:49.950 | INFO     | loops.fit_loop:run:65 - Epoch 354/640
2026-07-07 22:33:32.035 | INFO     | loops.fit_loop:run:65 - Epoch 355/640
2026-07-07 22:34:14.188 | INFO     | loops.fit_loop:run:65 - Epoch 356/640
2026-07-07 22:34:56.281 | INFO     | loops.fit_loop:run:65 - Epoch 357/640
2026-07-07 22:35:38.373 | INFO     | loops.fit_loop:run:65 - Epoch 358/640
2026-07-07 22:36:21.467 | INFO     | callbacks.model_checkpoint:_save_checkpoint:200 - Checkpoint saved: last.ckpt duration_ms=353.39 size_mb=207.94
2026-07-07 22:36:22.514 | INFO     | loops.fit_loop:run:65 - Epoch 359/640
2026-07-07 22:37:04.688 | INFO     | loops.fit_loop:run:65 - Epoch 360/640
2026-07-07 22:37:46.733 | INFO     | loops.fit_loop:run:65 - Epoch 361/640
2026-07-07 22:38:28.852 | INFO     | loops.fit_loop:run:65 - Epoch 362/640
2026-07-07 22:39:10.975 | INFO     | loops.fit_loop:run:65 - Epoch 363/640
2026-07-07 22:39:53.171 | INFO     | loops.fit_loop:run:65 - Epoch 364/640
2026-07-07 22:40:35.307 | INFO     | loops.fit_loop:run:65 - Epoch 365/640
2026-07-07 22:41:17.461 | INFO     | loops.fit_loop:run:65 - Epoch 366/640
2026-07-07 22:41:59.580 | INFO     | loops.fit_loop:run:65 - Epoch 367/640
2026-07-07 22:42:41.723 | INFO     | loops.fit_loop:run:65 - Epoch 368/640
2026-07-07 22:43:23.814 | INFO     | loops.fit_loop:run:65 - Epoch 369/640
2026-07-07 22:44:05.874 | INFO     | loops.fit_loop:run:65 - Epoch 370/640
2026-07-07 22:44:47.930 | INFO     | loops.fit_loop:run:65 - Epoch 371/640
2026-07-07 22:45:30.024 | INFO     | loops.fit_loop:run:65 - Epoch 372/640
2026-07-07 22:46:12.079 | INFO     | loops.fit_loop:run:65 - Epoch 373/640
2026-07-07 22:46:54.146 | INFO     | loops.fit_loop:run:65 - Epoch 374/640
2026-07-07 22:47:36.279 | INFO     | loops.fit_loop:run:65 - Epoch 375/640
2026-07-07 22:48:18.334 | INFO     | loops.fit_loop:run:65 - Epoch 376/640
2026-07-07 22:49:00.457 | INFO     | loops.fit_loop:run:65 - Epoch 377/640
2026-07-07 22:49:42.751 | INFO     | loops.fit_loop:run:65 - Epoch 378/640
2026-07-07 22:50:24.907 | INFO     | loops.fit_loop:run:65 - Epoch 379/640
2026-07-07 22:51:07.014 | INFO     | loops.fit_loop:run:65 - Epoch 380/640
2026-07-07 22:51:49.213 | INFO     | loops.fit_loop:run:65 - Epoch 381/640
2026-07-07 22:52:31.302 | INFO     | loops.fit_loop:run:65 - Epoch 382/640
2026-07-07 22:53:13.392 | INFO     | loops.fit_loop:run:65 - Epoch 383/640
2026-07-07 22:53:55.539 | INFO     | loops.fit_loop:run:65 - Epoch 384/640
2026-07-07 22:54:23.673 | INFO     | callbacks.model_checkpoint:_save_checkpoint:200 - Checkpoint saved: last.ckpt duration_ms=354.12 size_mb=207.94
2026-07-07 22:54:39.725 | INFO     | loops.fit_loop:run:65 - Epoch 385/640
2026-07-07 22:55:21.870 | INFO     | loops.fit_loop:run:65 - Epoch 386/640
2026-07-07 22:56:04.041 | INFO     | loops.fit_loop:run:65 - Epoch 387/640
2026-07-07 22:56:46.383 | INFO     | loops.fit_loop:run:65 - Epoch 388/640
2026-07-07 22:57:28.626 | INFO     | loops.fit_loop:run:65 - Epoch 389/640
2026-07-07 22:58:10.795 | INFO     | loops.fit_loop:run:65 - Epoch 390/640
2026-07-07 22:58:52.816 | INFO     | loops.fit_loop:run:65 - Epoch 391/640
2026-07-07 22:59:34.975 | INFO     | loops.fit_loop:run:65 - Epoch 392/640
2026-07-07 23:00:17.002 | INFO     | loops.fit_loop:run:65 - Epoch 393/640
2026-07-07 23:00:58.983 | INFO     | loops.fit_loop:run:65 - Epoch 394/640
2026-07-07 23:01:41.127 | INFO     | loops.fit_loop:run:65 - Epoch 395/640
2026-07-07 23:02:23.102 | INFO     | loops.fit_loop:run:65 - Epoch 396/640
2026-07-07 23:03:05.240 | INFO     | loops.fit_loop:run:65 - Epoch 397/640
2026-07-07 23:03:47.543 | INFO     | loops.fit_loop:run:65 - Epoch 398/640
2026-07-07 23:04:29.650 | INFO     | loops.fit_loop:run:65 - Epoch 399/640
2026-07-07 23:05:11.751 | INFO     | loops.fit_loop:run:65 - Epoch 400/640
2026-07-07 23:05:53.739 | INFO     | loops.fit_loop:run:65 - Epoch 401/640
2026-07-07 23:06:35.831 | INFO     | loops.fit_loop:run:65 - Epoch 402/640
2026-07-07 23:07:17.961 | INFO     | loops.fit_loop:run:65 - Epoch 403/640
2026-07-07 23:08:00.006 | INFO     | loops.fit_loop:run:65 - Epoch 404/640
2026-07-07 23:08:42.053 | INFO     | loops.fit_loop:run:65 - Epoch 405/640
2026-07-07 23:09:24.043 | INFO     | loops.fit_loop:run:65 - Epoch 406/640
2026-07-07 23:10:06.092 | INFO     | loops.fit_loop:run:65 - Epoch 407/640
2026-07-07 23:10:48.129 | INFO     | loops.fit_loop:run:65 - Epoch 408/640
2026-07-07 23:11:30.252 | INFO     | loops.fit_loop:run:65 - Epoch 409/640
2026-07-07 23:12:12.303 | INFO     | loops.fit_loop:run:65 - Epoch 410/640
2026-07-07 23:12:25.343 | INFO     | callbacks.model_checkpoint:_save_checkpoint:200 - Checkpoint saved: last.ckpt duration_ms=341.98 size_mb=207.94
2026-07-07 23:12:25.690 | INFO     | callbacks.model_checkpoint:_save_checkpoint:200 - Checkpoint saved: checkpoint-epoch410-step80000.ckpt duration_ms=344.68 size_mb=207.94
2026-07-07 23:12:56.706 | INFO     | loops.fit_loop:run:65 - Epoch 411/640
2026-07-07 23:13:38.787 | INFO     | loops.fit_loop:run:65 - Epoch 412/640
2026-07-07 23:14:20.810 | INFO     | loops.fit_loop:run:65 - Epoch 413/640
2026-07-07 23:15:02.877 | INFO     | loops.fit_loop:run:65 - Epoch 414/640
2026-07-07 23:15:45.098 | INFO     | loops.fit_loop:run:65 - Epoch 415/640
2026-07-07 23:16:27.559 | INFO     | loops.fit_loop:run:65 - Epoch 416/640
2026-07-07 23:17:09.846 | INFO     | loops.fit_loop:run:65 - Epoch 417/640
2026-07-07 23:17:52.067 | INFO     | loops.fit_loop:run:65 - Epoch 418/640
2026-07-07 23:18:34.292 | INFO     | loops.fit_loop:run:65 - Epoch 419/640
2026-07-07 23:19:16.411 | INFO     | loops.fit_loop:run:65 - Epoch 420/640
2026-07-07 23:19:58.467 | INFO     | loops.fit_loop:run:65 - Epoch 421/640
2026-07-07 23:20:40.526 | INFO     | loops.fit_loop:run:65 - Epoch 422/640
2026-07-07 23:21:22.572 | INFO     | loops.fit_loop:run:65 - Epoch 423/640
2026-07-07 23:22:04.705 | INFO     | loops.fit_loop:run:65 - Epoch 424/640
2026-07-07 23:22:46.819 | INFO     | loops.fit_loop:run:65 - Epoch 425/640
2026-07-07 23:23:28.992 | INFO     | loops.fit_loop:run:65 - Epoch 426/640
2026-07-07 23:24:11.237 | INFO     | loops.fit_loop:run:65 - Epoch 427/640
2026-07-07 23:24:53.531 | INFO     | loops.fit_loop:run:65 - Epoch 428/640
2026-07-07 23:25:35.892 | INFO     | loops.fit_loop:run:65 - Epoch 429/640
2026-07-07 23:26:18.089 | INFO     | loops.fit_loop:run:65 - Epoch 430/640
2026-07-07 23:27:00.185 | INFO     | loops.fit_loop:run:65 - Epoch 431/640
2026-07-07 23:27:42.387 | INFO     | loops.fit_loop:run:65 - Epoch 432/640
2026-07-07 23:28:24.519 | INFO     | loops.fit_loop:run:65 - Epoch 433/640
2026-07-07 23:29:06.663 | INFO     | loops.fit_loop:run:65 - Epoch 434/640
2026-07-07 23:29:48.803 | INFO     | loops.fit_loop:run:65 - Epoch 435/640
2026-07-07 23:30:28.741 | INFO     | callbacks.model_checkpoint:_save_checkpoint:200 - Checkpoint saved: last.ckpt duration_ms=342.42 size_mb=207.94
2026-07-07 23:30:32.994 | INFO     | loops.fit_loop:run:65 - Epoch 436/640
2026-07-07 23:31:15.104 | INFO     | loops.fit_loop:run:65 - Epoch 437/640
2026-07-07 23:31:57.227 | INFO     | loops.fit_loop:run:65 - Epoch 438/640
2026-07-07 23:32:39.399 | INFO     | loops.fit_loop:run:65 - Epoch 439/640
2026-07-07 23:33:21.469 | INFO     | loops.fit_loop:run:65 - Epoch 440/640
2026-07-07 23:34:03.529 | INFO     | loops.fit_loop:run:65 - Epoch 441/640
2026-07-07 23:34:45.684 | INFO     | loops.fit_loop:run:65 - Epoch 442/640
2026-07-07 23:35:27.760 | INFO     | loops.fit_loop:run:65 - Epoch 443/640
2026-07-07 23:36:09.909 | INFO     | loops.fit_loop:run:65 - Epoch 444/640
2026-07-07 23:36:52.049 | INFO     | loops.fit_loop:run:65 - Epoch 445/640
2026-07-07 23:37:34.095 | INFO     | loops.fit_loop:run:65 - Epoch 446/640
2026-07-07 23:38:16.132 | INFO     | loops.fit_loop:run:65 - Epoch 447/640
2026-07-07 23:38:58.235 | INFO     | loops.fit_loop:run:65 - Epoch 448/640
2026-07-07 23:39:40.299 | INFO     | loops.fit_loop:run:65 - Epoch 449/640
2026-07-07 23:40:22.417 | INFO     | loops.fit_loop:run:65 - Epoch 450/640
2026-07-07 23:41:04.385 | INFO     | loops.fit_loop:run:65 - Epoch 451/640
2026-07-07 23:41:46.429 | INFO     | loops.fit_loop:run:65 - Epoch 452/640
2026-07-07 23:42:28.537 | INFO     | loops.fit_loop:run:65 - Epoch 453/640
2026-07-07 23:43:10.670 | INFO     | loops.fit_loop:run:65 - Epoch 454/640
2026-07-07 23:43:52.859 | INFO     | loops.fit_loop:run:65 - Epoch 455/640
2026-07-07 23:44:35.149 | INFO     | loops.fit_loop:run:65 - Epoch 456/640
2026-07-07 23:45:17.289 | INFO     | loops.fit_loop:run:65 - Epoch 457/640
2026-07-07 23:45:59.459 | INFO     | loops.fit_loop:run:65 - Epoch 458/640
2026-07-07 23:46:41.646 | INFO     | loops.fit_loop:run:65 - Epoch 459/640
2026-07-07 23:47:23.892 | INFO     | loops.fit_loop:run:65 - Epoch 460/640
2026-07-07 23:48:05.964 | INFO     | loops.fit_loop:run:65 - Epoch 461/640
2026-07-07 23:48:30.873 | INFO     | callbacks.model_checkpoint:_save_checkpoint:200 - Checkpoint saved: last.ckpt duration_ms=345.95 size_mb=207.94
2026-07-07 23:48:50.128 | INFO     | loops.fit_loop:run:65 - Epoch 462/640
2026-07-07 23:49:32.255 | INFO     | loops.fit_loop:run:65 - Epoch 463/640
2026-07-07 23:50:14.306 | INFO     | loops.fit_loop:run:65 - Epoch 464/640
2026-07-07 23:50:56.442 | INFO     | loops.fit_loop:run:65 - Epoch 465/640
2026-07-07 23:51:38.596 | INFO     | loops.fit_loop:run:65 - Epoch 466/640
2026-07-07 23:52:20.686 | INFO     | loops.fit_loop:run:65 - Epoch 467/640
2026-07-07 23:53:02.934 | INFO     | loops.fit_loop:run:65 - Epoch 468/640
2026-07-07 23:53:45.114 | INFO     | loops.fit_loop:run:65 - Epoch 469/640
2026-07-07 23:54:27.331 | INFO     | loops.fit_loop:run:65 - Epoch 470/640
2026-07-07 23:55:09.425 | INFO     | loops.fit_loop:run:65 - Epoch 471/640
2026-07-07 23:55:51.558 | INFO     | loops.fit_loop:run:65 - Epoch 472/640
2026-07-07 23:56:33.700 | INFO     | loops.fit_loop:run:65 - Epoch 473/640
2026-07-07 23:57:15.797 | INFO     | loops.fit_loop:run:65 - Epoch 474/640
2026-07-07 23:57:58.005 | INFO     | loops.fit_loop:run:65 - Epoch 475/640
2026-07-07 23:58:40.144 | INFO     | loops.fit_loop:run:65 - Epoch 476/640
2026-07-07 23:59:22.270 | INFO     | loops.fit_loop:run:65 - Epoch 477/640
2026-07-08 00:00:04.309 | INFO     | loops.fit_loop:run:65 - Epoch 478/640
2026-07-08 00:00:46.409 | INFO     | loops.fit_loop:run:65 - Epoch 479/640
2026-07-08 00:01:28.454 | INFO     | loops.fit_loop:run:65 - Epoch 480/640
2026-07-08 00:02:10.499 | INFO     | loops.fit_loop:run:65 - Epoch 481/640
2026-07-08 00:02:52.586 | INFO     | loops.fit_loop:run:65 - Epoch 482/640
2026-07-08 00:03:34.639 | INFO     | loops.fit_loop:run:65 - Epoch 483/640
2026-07-08 00:04:16.689 | INFO     | loops.fit_loop:run:65 - Epoch 484/640
2026-07-08 00:04:58.877 | INFO     | loops.fit_loop:run:65 - Epoch 485/640
2026-07-08 00:05:41.082 | INFO     | loops.fit_loop:run:65 - Epoch 486/640
2026-07-08 00:06:23.117 | INFO     | loops.fit_loop:run:65 - Epoch 487/640
2026-07-08 00:06:32.918 | INFO     | callbacks.model_checkpoint:_save_checkpoint:200 - Checkpoint saved: last.ckpt duration_ms=325.78 size_mb=207.94
2026-07-08 00:06:33.237 | INFO     | callbacks.model_checkpoint:_save_checkpoint:200 - Checkpoint saved: checkpoint-epoch487-step95000.ckpt duration_ms=316.77 size_mb=207.94
2026-07-08 00:07:07.514 | INFO     | loops.fit_loop:run:65 - Epoch 488/640
2026-07-08 00:07:49.583 | INFO     | loops.fit_loop:run:65 - Epoch 489/640
2026-07-08 00:08:31.719 | INFO     | loops.fit_loop:run:65 - Epoch 490/640
2026-07-08 00:09:13.802 | INFO     | loops.fit_loop:run:65 - Epoch 491/640
2026-07-08 00:09:55.877 | INFO     | loops.fit_loop:run:65 - Epoch 492/640
2026-07-08 00:10:37.967 | INFO     | loops.fit_loop:run:65 - Epoch 493/640
2026-07-08 00:11:20.024 | INFO     | loops.fit_loop:run:65 - Epoch 494/640
2026-07-08 00:12:02.167 | INFO     | loops.fit_loop:run:65 - Epoch 495/640
2026-07-08 00:12:44.273 | INFO     | loops.fit_loop:run:65 - Epoch 496/640
2026-07-08 00:13:26.586 | INFO     | loops.fit_loop:run:65 - Epoch 497/640
2026-07-08 00:14:08.978 | INFO     | loops.fit_loop:run:65 - Epoch 498/640
2026-07-08 00:14:51.305 | INFO     | loops.fit_loop:run:65 - Epoch 499/640
2026-07-08 00:15:33.513 | INFO     | loops.fit_loop:run:65 - Epoch 500/640
2026-07-08 00:16:15.689 | INFO     | loops.fit_loop:run:65 - Epoch 501/640
2026-07-08 00:16:57.866 | INFO     | loops.fit_loop:run:65 - Epoch 502/640
2026-07-08 00:17:40.169 | INFO     | loops.fit_loop:run:65 - Epoch 503/640
2026-07-08 00:18:23.242 | INFO     | loops.fit_loop:run:65 - Epoch 504/640
2026-07-08 00:19:05.453 | INFO     | loops.fit_loop:run:65 - Epoch 505/640
2026-07-08 00:19:47.693 | INFO     | loops.fit_loop:run:65 - Epoch 506/640
2026-07-08 00:20:29.991 | INFO     | loops.fit_loop:run:65 - Epoch 507/640
2026-07-08 00:21:12.148 | INFO     | loops.fit_loop:run:65 - Epoch 508/640
2026-07-08 00:21:54.307 | INFO     | loops.fit_loop:run:65 - Epoch 509/640
2026-07-08 00:22:36.620 | INFO     | loops.fit_loop:run:65 - Epoch 510/640
2026-07-08 00:23:18.734 | INFO     | loops.fit_loop:run:65 - Epoch 511/640
2026-07-08 00:24:00.857 | INFO     | loops.fit_loop:run:65 - Epoch 512/640
2026-07-08 00:24:37.935 | INFO     | callbacks.model_checkpoint:_save_checkpoint:200 - Checkpoint saved: last.ckpt duration_ms=403.53 size_mb=207.94
2026-07-08 00:24:45.397 | INFO     | loops.fit_loop:run:65 - Epoch 513/640
2026-07-08 00:25:27.470 | INFO     | loops.fit_loop:run:65 - Epoch 514/640
2026-07-08 00:26:09.575 | INFO     | loops.fit_loop:run:65 - Epoch 515/640
2026-07-08 00:26:51.660 | INFO     | loops.fit_loop:run:65 - Epoch 516/640
2026-07-08 00:27:33.732 | INFO     | loops.fit_loop:run:65 - Epoch 517/640
2026-07-08 00:28:15.887 | INFO     | loops.fit_loop:run:65 - Epoch 518/640
2026-07-08 00:28:57.932 | INFO     | loops.fit_loop:run:65 - Epoch 519/640
2026-07-08 00:29:40.094 | INFO     | loops.fit_loop:run:65 - Epoch 520/640
2026-07-08 00:30:22.163 | INFO     | loops.fit_loop:run:65 - Epoch 521/640
2026-07-08 00:31:04.279 | INFO     | loops.fit_loop:run:65 - Epoch 522/640
2026-07-08 00:31:46.380 | INFO     | loops.fit_loop:run:65 - Epoch 523/640
2026-07-08 00:32:28.425 | INFO     | loops.fit_loop:run:65 - Epoch 524/640
2026-07-08 00:33:10.558 | INFO     | loops.fit_loop:run:65 - Epoch 525/640
2026-07-08 00:33:52.666 | INFO     | loops.fit_loop:run:65 - Epoch 526/640
2026-07-08 00:34:34.697 | INFO     | loops.fit_loop:run:65 - Epoch 527/640
2026-07-08 00:35:16.750 | INFO     | loops.fit_loop:run:65 - Epoch 528/640
2026-07-08 00:35:58.875 | INFO     | loops.fit_loop:run:65 - Epoch 529/640
2026-07-08 00:36:40.983 | INFO     | loops.fit_loop:run:65 - Epoch 530/640
2026-07-08 00:37:23.048 | INFO     | loops.fit_loop:run:65 - Epoch 531/640
2026-07-08 00:38:05.147 | INFO     | loops.fit_loop:run:65 - Epoch 532/640
2026-07-08 00:38:47.400 | INFO     | loops.fit_loop:run:65 - Epoch 533/640
2026-07-08 00:39:29.529 | INFO     | loops.fit_loop:run:65 - Epoch 534/640
2026-07-08 00:40:11.667 | INFO     | loops.fit_loop:run:65 - Epoch 535/640
2026-07-08 00:40:53.860 | INFO     | loops.fit_loop:run:65 - Epoch 536/640
2026-07-08 00:41:35.959 | INFO     | loops.fit_loop:run:65 - Epoch 537/640
2026-07-08 00:42:18.082 | INFO     | loops.fit_loop:run:65 - Epoch 538/640
2026-07-08 00:42:39.822 | INFO     | callbacks.model_checkpoint:_save_checkpoint:200 - Checkpoint saved: last.ckpt duration_ms=434.21 size_mb=207.94
2026-07-08 00:43:02.383 | INFO     | loops.fit_loop:run:65 - Epoch 539/640
2026-07-08 00:43:44.576 | INFO     | loops.fit_loop:run:65 - Epoch 540/640
2026-07-08 00:44:26.679 | INFO     | loops.fit_loop:run:65 - Epoch 541/640
2026-07-08 00:45:09.044 | INFO     | loops.fit_loop:run:65 - Epoch 542/640
2026-07-08 00:45:51.096 | INFO     | loops.fit_loop:run:65 - Epoch 543/640
2026-07-08 00:46:33.215 | INFO     | loops.fit_loop:run:65 - Epoch 544/640
2026-07-08 00:47:15.356 | INFO     | loops.fit_loop:run:65 - Epoch 545/640
2026-07-08 00:47:57.548 | INFO     | loops.fit_loop:run:65 - Epoch 546/640
2026-07-08 00:48:39.630 | INFO     | loops.fit_loop:run:65 - Epoch 547/640
2026-07-08 00:49:21.752 | INFO     | loops.fit_loop:run:65 - Epoch 548/640
2026-07-08 00:50:03.858 | INFO     | loops.fit_loop:run:65 - Epoch 549/640
2026-07-08 00:50:45.976 | INFO     | loops.fit_loop:run:65 - Epoch 550/640
2026-07-08 00:51:28.127 | INFO     | loops.fit_loop:run:65 - Epoch 551/640
2026-07-08 00:52:10.223 | INFO     | loops.fit_loop:run:65 - Epoch 552/640
2026-07-08 00:52:52.269 | INFO     | loops.fit_loop:run:65 - Epoch 553/640
2026-07-08 00:53:34.293 | INFO     | loops.fit_loop:run:65 - Epoch 554/640
2026-07-08 00:54:16.288 | INFO     | loops.fit_loop:run:65 - Epoch 555/640
2026-07-08 00:54:58.280 | INFO     | loops.fit_loop:run:65 - Epoch 556/640
2026-07-08 00:55:40.288 | INFO     | loops.fit_loop:run:65 - Epoch 557/640
2026-07-08 00:56:22.336 | INFO     | loops.fit_loop:run:65 - Epoch 558/640
2026-07-08 00:57:04.315 | INFO     | loops.fit_loop:run:65 - Epoch 559/640
2026-07-08 00:57:46.359 | INFO     | loops.fit_loop:run:65 - Epoch 560/640
2026-07-08 00:58:28.299 | INFO     | loops.fit_loop:run:65 - Epoch 561/640
2026-07-08 00:59:10.370 | INFO     | loops.fit_loop:run:65 - Epoch 562/640
2026-07-08 00:59:52.361 | INFO     | loops.fit_loop:run:65 - Epoch 563/640
2026-07-08 01:00:34.354 | INFO     | loops.fit_loop:run:65 - Epoch 564/640
2026-07-08 01:00:40.975 | INFO     | callbacks.model_checkpoint:_save_checkpoint:200 - Checkpoint saved: last.ckpt duration_ms=348.44 size_mb=207.94
2026-07-08 01:01:18.393 | INFO     | loops.fit_loop:run:65 - Epoch 565/640
2026-07-08 01:02:00.420 | INFO     | loops.fit_loop:run:65 - Epoch 566/640
2026-07-08 01:02:42.361 | INFO     | loops.fit_loop:run:65 - Epoch 567/640
2026-07-08 01:03:24.276 | INFO     | loops.fit_loop:run:65 - Epoch 568/640
2026-07-08 01:04:06.199 | INFO     | loops.fit_loop:run:65 - Epoch 569/640
2026-07-08 01:04:48.155 | INFO     | loops.fit_loop:run:65 - Epoch 570/640
2026-07-08 01:05:30.110 | INFO     | loops.fit_loop:run:65 - Epoch 571/640
2026-07-08 01:06:12.189 | INFO     | loops.fit_loop:run:65 - Epoch 572/640
2026-07-08 01:06:54.143 | INFO     | loops.fit_loop:run:65 - Epoch 573/640
2026-07-08 01:07:36.097 | INFO     | loops.fit_loop:run:65 - Epoch 574/640
2026-07-08 01:08:18.048 | INFO     | loops.fit_loop:run:65 - Epoch 575/640
2026-07-08 01:09:00.135 | INFO     | loops.fit_loop:run:65 - Epoch 576/640
2026-07-08 01:09:42.384 | INFO     | loops.fit_loop:run:65 - Epoch 577/640
2026-07-08 01:10:24.641 | INFO     | loops.fit_loop:run:65 - Epoch 578/640
2026-07-08 01:11:06.861 | INFO     | loops.fit_loop:run:65 - Epoch 579/640
2026-07-08 01:11:48.999 | INFO     | loops.fit_loop:run:65 - Epoch 580/640
2026-07-08 01:12:31.076 | INFO     | loops.fit_loop:run:65 - Epoch 581/640
2026-07-08 01:13:13.110 | INFO     | loops.fit_loop:run:65 - Epoch 582/640
2026-07-08 01:13:55.140 | INFO     | loops.fit_loop:run:65 - Epoch 583/640
2026-07-08 01:14:37.283 | INFO     | loops.fit_loop:run:65 - Epoch 584/640
2026-07-08 01:15:19.388 | INFO     | loops.fit_loop:run:65 - Epoch 585/640
2026-07-08 01:16:01.413 | INFO     | loops.fit_loop:run:65 - Epoch 586/640
2026-07-08 01:16:43.537 | INFO     | loops.fit_loop:run:65 - Epoch 587/640
2026-07-08 01:17:25.592 | INFO     | loops.fit_loop:run:65 - Epoch 588/640
2026-07-08 01:18:07.662 | INFO     | loops.fit_loop:run:65 - Epoch 589/640
2026-07-08 01:18:41.058 | INFO     | callbacks.model_checkpoint:_save_checkpoint:200 - Checkpoint saved: last.ckpt duration_ms=371.05 size_mb=207.94
2026-07-08 01:18:51.730 | INFO     | loops.fit_loop:run:65 - Epoch 590/640
2026-07-08 01:19:33.687 | INFO     | loops.fit_loop:run:65 - Epoch 591/640
2026-07-08 01:20:15.699 | INFO     | loops.fit_loop:run:65 - Epoch 592/640
2026-07-08 01:20:57.713 | INFO     | loops.fit_loop:run:65 - Epoch 593/640
2026-07-08 01:21:39.704 | INFO     | loops.fit_loop:run:65 - Epoch 594/640
2026-07-08 01:22:21.704 | INFO     | loops.fit_loop:run:65 - Epoch 595/640
2026-07-08 01:23:03.725 | INFO     | loops.fit_loop:run:65 - Epoch 596/640
2026-07-08 01:23:45.706 | INFO     | loops.fit_loop:run:65 - Epoch 597/640
2026-07-08 01:24:27.974 | INFO     | loops.fit_loop:run:65 - Epoch 598/640
2026-07-08 01:25:09.979 | INFO     | loops.fit_loop:run:65 - Epoch 599/640
2026-07-08 01:25:52.018 | INFO     | loops.fit_loop:run:65 - Epoch 600/640
2026-07-08 01:26:34.002 | INFO     | loops.fit_loop:run:65 - Epoch 601/640
2026-07-08 01:27:16.041 | INFO     | loops.fit_loop:run:65 - Epoch 602/640
2026-07-08 01:27:58.147 | INFO     | loops.fit_loop:run:65 - Epoch 603/640
2026-07-08 01:28:40.190 | INFO     | loops.fit_loop:run:65 - Epoch 604/640
2026-07-08 01:29:22.358 | INFO     | loops.fit_loop:run:65 - Epoch 605/640
2026-07-08 01:30:04.583 | INFO     | loops.fit_loop:run:65 - Epoch 606/640
2026-07-08 01:30:46.860 | INFO     | loops.fit_loop:run:65 - Epoch 607/640
2026-07-08 01:31:29.235 | INFO     | loops.fit_loop:run:65 - Epoch 608/640
2026-07-08 01:32:11.530 | INFO     | loops.fit_loop:run:65 - Epoch 609/640
2026-07-08 01:32:53.854 | INFO     | loops.fit_loop:run:65 - Epoch 610/640
2026-07-08 01:33:36.014 | INFO     | loops.fit_loop:run:65 - Epoch 611/640
2026-07-08 01:34:18.148 | INFO     | loops.fit_loop:run:65 - Epoch 612/640
2026-07-08 01:35:00.320 | INFO     | loops.fit_loop:run:65 - Epoch 613/640
2026-07-08 01:35:42.415 | INFO     | loops.fit_loop:run:65 - Epoch 614/640
2026-07-08 01:36:24.373 | INFO     | loops.fit_loop:run:65 - Epoch 615/640
2026-07-08 01:36:42.836 | INFO     | callbacks.model_checkpoint:_save_checkpoint:200 - Checkpoint saved: last.ckpt duration_ms=372.24 size_mb=207.94
2026-07-08 01:37:08.504 | INFO     | loops.fit_loop:run:65 - Epoch 616/640
2026-07-08 01:37:50.560 | INFO     | loops.fit_loop:run:65 - Epoch 617/640
2026-07-08 01:38:32.558 | INFO     | loops.fit_loop:run:65 - Epoch 618/640
2026-07-08 01:39:14.556 | INFO     | loops.fit_loop:run:65 - Epoch 619/640
2026-07-08 01:39:56.624 | INFO     | loops.fit_loop:run:65 - Epoch 620/640
2026-07-08 01:40:38.638 | INFO     | loops.fit_loop:run:65 - Epoch 621/640
2026-07-08 01:41:20.652 | INFO     | loops.fit_loop:run:65 - Epoch 622/640
2026-07-08 01:42:02.695 | INFO     | loops.fit_loop:run:65 - Epoch 623/640
2026-07-08 01:42:44.731 | INFO     | loops.fit_loop:run:65 - Epoch 624/640
2026-07-08 01:43:26.806 | INFO     | loops.fit_loop:run:65 - Epoch 625/640
2026-07-08 01:44:08.843 | INFO     | loops.fit_loop:run:65 - Epoch 626/640
2026-07-08 01:44:50.932 | INFO     | loops.fit_loop:run:65 - Epoch 627/640
2026-07-08 01:45:33.001 | INFO     | loops.fit_loop:run:65 - Epoch 628/640
2026-07-08 01:46:15.009 | INFO     | loops.fit_loop:run:65 - Epoch 629/640
2026-07-08 01:46:56.997 | INFO     | loops.fit_loop:run:65 - Epoch 630/640
2026-07-08 01:47:39.073 | INFO     | loops.fit_loop:run:65 - Epoch 631/640
2026-07-08 01:48:21.112 | INFO     | loops.fit_loop:run:65 - Epoch 632/640
2026-07-08 01:49:03.086 | INFO     | loops.fit_loop:run:65 - Epoch 633/640
2026-07-08 01:49:45.108 | INFO     | loops.fit_loop:run:65 - Epoch 634/640
2026-07-08 01:50:27.183 | INFO     | loops.fit_loop:run:65 - Epoch 635/640
2026-07-08 01:51:09.193 | INFO     | loops.fit_loop:run:65 - Epoch 636/640
2026-07-08 01:51:51.166 | INFO     | loops.fit_loop:run:65 - Epoch 637/640
2026-07-08 01:52:33.212 | INFO     | loops.fit_loop:run:65 - Epoch 638/640
2026-07-08 01:53:15.191 | INFO     | loops.fit_loop:run:65 - Epoch 639/640
2026-07-08 01:53:57.188 | INFO     | loops.fit_loop:run:65 - Epoch 640/640
2026-07-08 01:54:39.151 | INFO     | vocode.trainers.reproduction_training_runner:_run_training:144 - Project-trained reproduction checkpoint written for rfwave seed=1234; checkpoint metadata recorded
2026-07-08 01:54:39.363 | INFO     | vocode.experiments.run_tracker:_finalize_run_log:103 - Experiment vocode_checkpoint01_training_reproduction finished. Rows written: 1. Elapsed: 27069.8s
