2026-07-04 01:47:16.923 | INFO     | vocode.trainers.scratch_reproduction_runner:_announce_run:96 - Experiment vocode_checkpoint01_training_reproduction run_id=hifigan_v1_full_bf16bs32_20260704_0347 architecture=hifigan_v1 seed=1234 evidence_category=project_trained_reproduction stage=train
2026-07-04 01:47:16.924 | INFO     | vocode.trainers.scratch_reproduction_runner:_announce_run:101 - Hypothesis: Project-trained HiFi-GAN V1 reproduces the published architecture under the VOCODE LJSpeech protocol with documented l40s bf16 bs32 compute deviations validated by bounded loss-safety gates.
2026-07-04 01:47:21.769 | INFO     | core.trainer:_sanity_check_validation:757 - Running 2 sanity validation batches
2026-07-04 01:47:28.747 | INFO     | loops.fit_loop:run:65 - Epoch 0/319
2026-07-04 01:48:50.706 | INFO     | loops.fit_loop:run:65 - Epoch 1/319
2026-07-04 01:49:52.764 | INFO     | loops.fit_loop:run:65 - Epoch 2/319
2026-07-04 01:52:20.239 | INFO     | loops.fit_loop:run:65 - Epoch 3/319
2026-07-04 01:53:22.532 | INFO     | loops.fit_loop:run:65 - Epoch 4/319
2026-07-04 01:54:25.072 | INFO     | loops.fit_loop:run:65 - Epoch 5/319
2026-07-04 01:55:28.912 | INFO     | loops.fit_loop:run:65 - Epoch 6/319
2026-07-04 01:56:31.551 | INFO     | loops.fit_loop:run:65 - Epoch 7/319
2026-07-04 01:57:35.466 | INFO     | loops.fit_loop:run:65 - Epoch 8/319
2026-07-04 01:58:38.212 | INFO     | loops.fit_loop:run:65 - Epoch 9/319
2026-07-04 01:59:40.874 | INFO     | loops.fit_loop:run:65 - Epoch 10/319
2026-07-04 02:00:44.794 | INFO     | loops.fit_loop:run:65 - Epoch 11/319
2026-07-04 02:01:47.527 | INFO     | loops.fit_loop:run:65 - Epoch 12/319
2026-07-04 02:02:42.078 | INFO     | callbacks.model_checkpoint:_save_checkpoint:200 - Checkpoint saved: last.ckpt duration_ms=1821.83 size_mb=969.48
2026-07-04 02:02:44.205 | INFO     | callbacks.model_checkpoint:_save_checkpoint:200 - Checkpoint saved: checkpoint-epoch12-step05000.ckpt duration_ms=2119.75 size_mb=969.48
2026-07-04 02:02:55.411 | INFO     | loops.fit_loop:run:65 - Epoch 13/319
2026-07-04 02:03:58.135 | INFO     | loops.fit_loop:run:65 - Epoch 14/319
2026-07-04 02:05:00.846 | INFO     | loops.fit_loop:run:65 - Epoch 15/319
2026-07-04 02:06:04.829 | INFO     | loops.fit_loop:run:65 - Epoch 16/319
2026-07-04 02:07:07.649 | INFO     | loops.fit_loop:run:65 - Epoch 17/319
2026-07-04 02:08:11.702 | INFO     | loops.fit_loop:run:65 - Epoch 18/319
2026-07-04 02:09:14.530 | INFO     | loops.fit_loop:run:65 - Epoch 19/319
2026-07-04 02:10:17.363 | INFO     | loops.fit_loop:run:65 - Epoch 20/319
2026-07-04 02:11:21.418 | INFO     | loops.fit_loop:run:65 - Epoch 21/319
2026-07-04 02:12:24.255 | INFO     | loops.fit_loop:run:65 - Epoch 22/319
2026-07-04 02:13:27.042 | INFO     | loops.fit_loop:run:65 - Epoch 23/319
2026-07-04 02:14:31.119 | INFO     | loops.fit_loop:run:65 - Epoch 24/319
2026-07-04 02:15:33.985 | INFO     | loops.fit_loop:run:65 - Epoch 25/319
2026-07-04 02:16:17.441 | INFO     | callbacks.model_checkpoint:_save_checkpoint:200 - Checkpoint saved: last.ckpt duration_ms=1862.85 size_mb=969.48
2026-07-04 02:16:19.632 | INFO     | callbacks.model_checkpoint:_save_checkpoint:200 - Checkpoint saved: checkpoint-epoch25-step10000.ckpt duration_ms=2183.26 size_mb=969.48
2026-07-04 02:16:42.114 | INFO     | loops.fit_loop:run:65 - Epoch 26/319
2026-07-04 02:17:44.830 | INFO     | loops.fit_loop:run:65 - Epoch 27/319
2026-07-04 02:18:47.474 | INFO     | loops.fit_loop:run:65 - Epoch 28/319
2026-07-04 02:19:51.424 | INFO     | loops.fit_loop:run:65 - Epoch 29/319
2026-07-04 02:20:54.163 | INFO     | loops.fit_loop:run:65 - Epoch 30/319
2026-07-04 02:21:58.136 | INFO     | loops.fit_loop:run:65 - Epoch 31/319
2026-07-04 02:23:00.965 | INFO     | loops.fit_loop:run:65 - Epoch 32/319
2026-07-04 02:24:03.693 | INFO     | loops.fit_loop:run:65 - Epoch 33/319
2026-07-04 02:25:07.720 | INFO     | loops.fit_loop:run:65 - Epoch 34/319
2026-07-04 02:26:10.463 | INFO     | loops.fit_loop:run:65 - Epoch 35/319
2026-07-04 02:27:14.413 | INFO     | loops.fit_loop:run:65 - Epoch 36/319
2026-07-04 02:28:17.136 | INFO     | loops.fit_loop:run:65 - Epoch 37/319
2026-07-04 02:29:19.886 | INFO     | loops.fit_loop:run:65 - Epoch 38/319
2026-07-04 02:29:52.160 | INFO     | callbacks.model_checkpoint:_save_checkpoint:200 - Checkpoint saved: last.ckpt duration_ms=1892.56 size_mb=969.48
2026-07-04 02:29:54.052 | INFO     | callbacks.model_checkpoint:_save_checkpoint:200 - Checkpoint saved: checkpoint-epoch38-step15000.ckpt duration_ms=1887.49 size_mb=969.48
2026-07-04 02:30:27.763 | INFO     | loops.fit_loop:run:65 - Epoch 39/319
2026-07-04 02:31:30.457 | INFO     | loops.fit_loop:run:65 - Epoch 40/319
2026-07-04 02:32:33.183 | INFO     | loops.fit_loop:run:65 - Epoch 41/319
2026-07-04 02:33:37.242 | INFO     | loops.fit_loop:run:65 - Epoch 42/319
2026-07-04 02:34:40.046 | INFO     | loops.fit_loop:run:65 - Epoch 43/319
2026-07-04 02:35:44.085 | INFO     | loops.fit_loop:run:65 - Epoch 44/319
2026-07-04 02:36:46.789 | INFO     | loops.fit_loop:run:65 - Epoch 45/319
2026-07-04 02:37:49.441 | INFO     | loops.fit_loop:run:65 - Epoch 46/319
2026-07-04 02:38:53.446 | INFO     | loops.fit_loop:run:65 - Epoch 47/319
2026-07-04 02:39:56.154 | INFO     | loops.fit_loop:run:65 - Epoch 48/319
2026-07-04 02:41:00.109 | INFO     | loops.fit_loop:run:65 - Epoch 49/319
2026-07-04 02:42:02.823 | INFO     | loops.fit_loop:run:65 - Epoch 50/319
2026-07-04 02:43:05.592 | INFO     | loops.fit_loop:run:65 - Epoch 51/319
2026-07-04 02:43:26.426 | INFO     | callbacks.model_checkpoint:_save_checkpoint:200 - Checkpoint saved: last.ckpt duration_ms=1805.52 size_mb=969.48
2026-07-04 02:43:28.228 | INFO     | callbacks.model_checkpoint:_save_checkpoint:200 - Checkpoint saved: checkpoint-epoch51-step20000.ckpt duration_ms=1797.82 size_mb=969.48
2026-07-04 02:44:13.173 | INFO     | loops.fit_loop:run:65 - Epoch 52/319
2026-07-04 02:45:15.934 | INFO     | loops.fit_loop:run:65 - Epoch 53/319
2026-07-04 02:46:19.978 | INFO     | loops.fit_loop:run:65 - Epoch 54/319
2026-07-04 02:47:22.817 | INFO     | loops.fit_loop:run:65 - Epoch 55/319
2026-07-04 02:48:25.685 | INFO     | loops.fit_loop:run:65 - Epoch 56/319
2026-07-04 02:49:29.902 | INFO     | loops.fit_loop:run:65 - Epoch 57/319
2026-07-04 02:50:32.924 | INFO     | loops.fit_loop:run:65 - Epoch 58/319
2026-07-04 02:51:37.274 | INFO     | loops.fit_loop:run:65 - Epoch 59/319
2026-07-04 02:52:40.393 | INFO     | loops.fit_loop:run:65 - Epoch 60/319
2026-07-04 02:53:43.486 | INFO     | loops.fit_loop:run:65 - Epoch 61/319
2026-07-04 02:54:47.780 | INFO     | loops.fit_loop:run:65 - Epoch 62/319
2026-07-04 02:55:50.682 | INFO     | loops.fit_loop:run:65 - Epoch 63/319
2026-07-04 02:56:53.615 | INFO     | loops.fit_loop:run:65 - Epoch 64/319
2026-07-04 02:57:03.201 | INFO     | callbacks.model_checkpoint:_save_checkpoint:200 - Checkpoint saved: last.ckpt duration_ms=1805.48 size_mb=969.48
2026-07-04 02:57:59.556 | INFO     | loops.fit_loop:run:65 - Epoch 65/319
2026-07-04 02:59:02.310 | INFO     | loops.fit_loop:run:65 - Epoch 66/319
2026-07-04 03:00:06.871 | INFO     | loops.fit_loop:run:65 - Epoch 67/319
2026-07-04 03:01:09.910 | INFO     | loops.fit_loop:run:65 - Epoch 68/319
2026-07-04 03:02:12.796 | INFO     | loops.fit_loop:run:65 - Epoch 69/319
2026-07-04 03:03:17.313 | INFO     | loops.fit_loop:run:65 - Epoch 70/319
2026-07-04 03:04:20.055 | INFO     | loops.fit_loop:run:65 - Epoch 71/319
2026-07-04 03:05:23.880 | INFO     | loops.fit_loop:run:65 - Epoch 72/319
2026-07-04 03:06:26.487 | INFO     | loops.fit_loop:run:65 - Epoch 73/319
2026-07-04 03:07:29.088 | INFO     | loops.fit_loop:run:65 - Epoch 74/319
2026-07-04 03:08:33.019 | INFO     | loops.fit_loop:run:65 - Epoch 75/319
2026-07-04 03:09:35.688 | INFO     | loops.fit_loop:run:65 - Epoch 76/319
2026-07-04 03:10:36.829 | INFO     | callbacks.model_checkpoint:_save_checkpoint:200 - Checkpoint saved: last.ckpt duration_ms=1936.51 size_mb=969.48
2026-07-04 03:10:38.744 | INFO     | callbacks.model_checkpoint:_save_checkpoint:200 - Checkpoint saved: checkpoint-epoch76-step30000.ckpt duration_ms=1909.68 size_mb=969.48
2026-07-04 03:10:43.538 | INFO     | loops.fit_loop:run:65 - Epoch 77/319
2026-07-04 03:11:46.327 | INFO     | loops.fit_loop:run:65 - Epoch 78/319
2026-07-04 03:12:49.127 | INFO     | loops.fit_loop:run:65 - Epoch 79/319
2026-07-04 03:13:53.105 | INFO     | loops.fit_loop:run:65 - Epoch 80/319
2026-07-04 03:14:55.987 | INFO     | loops.fit_loop:run:65 - Epoch 81/319
2026-07-04 03:15:58.789 | INFO     | loops.fit_loop:run:65 - Epoch 82/319
2026-07-04 03:17:02.825 | INFO     | loops.fit_loop:run:65 - Epoch 83/319
2026-07-04 03:18:05.767 | INFO     | loops.fit_loop:run:65 - Epoch 84/319
2026-07-04 03:19:09.970 | INFO     | loops.fit_loop:run:65 - Epoch 85/319
2026-07-04 03:20:12.657 | INFO     | loops.fit_loop:run:65 - Epoch 86/319
2026-07-04 03:21:15.380 | INFO     | loops.fit_loop:run:65 - Epoch 87/319
2026-07-04 03:22:19.395 | INFO     | loops.fit_loop:run:65 - Epoch 88/319
2026-07-04 03:23:22.126 | INFO     | loops.fit_loop:run:65 - Epoch 89/319
2026-07-04 03:24:12.041 | INFO     | callbacks.model_checkpoint:_save_checkpoint:200 - Checkpoint saved: last.ckpt duration_ms=2003.18 size_mb=969.48
2026-07-04 03:24:28.226 | INFO     | loops.fit_loop:run:65 - Epoch 90/319
2026-07-04 03:25:30.944 | INFO     | loops.fit_loop:run:65 - Epoch 91/319
2026-07-04 03:26:33.561 | INFO     | loops.fit_loop:run:65 - Epoch 92/319
2026-07-04 03:27:37.410 | INFO     | loops.fit_loop:run:65 - Epoch 93/319
2026-07-04 03:28:40.068 | INFO     | loops.fit_loop:run:65 - Epoch 94/319
2026-07-04 03:29:44.110 | INFO     | loops.fit_loop:run:65 - Epoch 95/319
2026-07-04 03:30:46.943 | INFO     | loops.fit_loop:run:65 - Epoch 96/319
2026-07-04 03:31:49.841 | INFO     | loops.fit_loop:run:65 - Epoch 97/319
2026-07-04 03:32:54.072 | INFO     | loops.fit_loop:run:65 - Epoch 98/319
2026-07-04 03:33:56.881 | INFO     | loops.fit_loop:run:65 - Epoch 99/319
2026-07-04 03:35:00.959 | INFO     | loops.fit_loop:run:65 - Epoch 100/319
2026-07-04 03:36:03.722 | INFO     | loops.fit_loop:run:65 - Epoch 101/319
2026-07-04 03:37:06.382 | INFO     | loops.fit_loop:run:65 - Epoch 102/319
2026-07-04 03:37:44.888 | INFO     | callbacks.model_checkpoint:_save_checkpoint:200 - Checkpoint saved: last.ckpt duration_ms=1874.69 size_mb=969.48
2026-07-04 03:38:12.129 | INFO     | loops.fit_loop:run:65 - Epoch 103/319
2026-07-04 03:39:14.701 | INFO     | loops.fit_loop:run:65 - Epoch 104/319
2026-07-04 03:40:17.290 | INFO     | loops.fit_loop:run:65 - Epoch 105/319
2026-07-04 03:41:21.073 | INFO     | loops.fit_loop:run:65 - Epoch 106/319
2026-07-04 03:42:23.679 | INFO     | loops.fit_loop:run:65 - Epoch 107/319
2026-07-04 03:43:27.472 | INFO     | loops.fit_loop:run:65 - Epoch 108/319
2026-07-04 03:44:30.036 | INFO     | loops.fit_loop:run:65 - Epoch 109/319
2026-07-04 03:45:32.726 | INFO     | loops.fit_loop:run:65 - Epoch 110/319
2026-07-04 03:46:36.607 | INFO     | loops.fit_loop:run:65 - Epoch 111/319
2026-07-04 03:47:39.505 | INFO     | loops.fit_loop:run:65 - Epoch 112/319
2026-07-04 03:48:43.582 | INFO     | loops.fit_loop:run:65 - Epoch 113/319
2026-07-04 03:49:46.261 | INFO     | loops.fit_loop:run:65 - Epoch 114/319
2026-07-04 03:50:48.836 | INFO     | loops.fit_loop:run:65 - Epoch 115/319
2026-07-04 03:51:16.287 | INFO     | callbacks.model_checkpoint:_save_checkpoint:200 - Checkpoint saved: last.ckpt duration_ms=2078.43 size_mb=969.48
2026-07-04 03:51:54.734 | INFO     | loops.fit_loop:run:65 - Epoch 116/319
2026-07-04 03:52:57.498 | INFO     | loops.fit_loop:run:65 - Epoch 117/319
2026-07-04 03:54:01.795 | INFO     | loops.fit_loop:run:65 - Epoch 118/319
2026-07-04 03:55:05.193 | INFO     | loops.fit_loop:run:65 - Epoch 119/319
2026-07-04 03:56:08.020 | INFO     | loops.fit_loop:run:65 - Epoch 120/319
2026-07-04 03:57:12.142 | INFO     | loops.fit_loop:run:65 - Epoch 121/319
2026-07-04 03:58:15.079 | INFO     | loops.fit_loop:run:65 - Epoch 122/319
2026-07-04 03:59:18.382 | INFO     | loops.fit_loop:run:65 - Epoch 123/319
2026-07-04 04:00:22.431 | INFO     | loops.fit_loop:run:65 - Epoch 124/319
2026-07-04 04:01:25.150 | INFO     | loops.fit_loop:run:65 - Epoch 125/319
2026-07-04 04:02:29.025 | INFO     | loops.fit_loop:run:65 - Epoch 126/319
2026-07-04 04:03:31.891 | INFO     | loops.fit_loop:run:65 - Epoch 127/319
2026-07-04 04:04:34.512 | INFO     | loops.fit_loop:run:65 - Epoch 128/319
2026-07-04 04:04:50.563 | INFO     | callbacks.model_checkpoint:_save_checkpoint:200 - Checkpoint saved: last.ckpt duration_ms=1924.44 size_mb=969.48
2026-07-04 04:05:40.479 | INFO     | loops.fit_loop:run:65 - Epoch 129/319
2026-07-04 04:06:43.209 | INFO     | loops.fit_loop:run:65 - Epoch 130/319
2026-07-04 04:07:47.521 | INFO     | loops.fit_loop:run:65 - Epoch 131/319
2026-07-04 04:08:50.640 | INFO     | loops.fit_loop:run:65 - Epoch 132/319
2026-07-04 04:09:53.392 | INFO     | loops.fit_loop:run:65 - Epoch 133/319
2026-07-04 04:10:57.865 | INFO     | loops.fit_loop:run:65 - Epoch 134/319
2026-07-04 04:12:00.907 | INFO     | loops.fit_loop:run:65 - Epoch 135/319
2026-07-04 04:13:04.876 | INFO     | loops.fit_loop:run:65 - Epoch 136/319
2026-07-04 04:14:07.663 | INFO     | loops.fit_loop:run:65 - Epoch 137/319
2026-07-04 04:15:10.518 | INFO     | loops.fit_loop:run:65 - Epoch 138/319
2026-07-04 04:16:14.399 | INFO     | loops.fit_loop:run:65 - Epoch 139/319
2026-07-04 04:17:16.991 | INFO     | loops.fit_loop:run:65 - Epoch 140/319
2026-07-04 04:18:19.614 | INFO     | loops.fit_loop:run:65 - Epoch 141/319
2026-07-04 04:18:24.519 | INFO     | callbacks.model_checkpoint:_save_checkpoint:200 - Checkpoint saved: last.ckpt duration_ms=1953.04 size_mb=969.48
2026-07-04 04:19:25.566 | INFO     | loops.fit_loop:run:65 - Epoch 142/319
2026-07-04 04:20:28.332 | INFO     | loops.fit_loop:run:65 - Epoch 143/319
2026-07-04 04:21:32.460 | INFO     | loops.fit_loop:run:65 - Epoch 144/319
2026-07-04 04:22:36.527 | INFO     | loops.fit_loop:run:65 - Epoch 145/319
2026-07-04 04:23:39.524 | INFO     | loops.fit_loop:run:65 - Epoch 146/319
2026-07-04 04:24:44.178 | INFO     | loops.fit_loop:run:65 - Epoch 147/319
2026-07-04 04:25:46.941 | INFO     | loops.fit_loop:run:65 - Epoch 148/319
2026-07-04 04:26:50.941 | INFO     | loops.fit_loop:run:65 - Epoch 149/319
2026-07-04 04:27:54.430 | INFO     | loops.fit_loop:run:65 - Epoch 150/319
2026-07-04 04:28:57.551 | INFO     | loops.fit_loop:run:65 - Epoch 151/319
2026-07-04 04:30:01.622 | INFO     | loops.fit_loop:run:65 - Epoch 152/319
2026-07-04 04:31:04.468 | INFO     | loops.fit_loop:run:65 - Epoch 153/319
2026-07-04 04:32:01.290 | INFO     | callbacks.model_checkpoint:_save_checkpoint:200 - Checkpoint saved: last.ckpt duration_ms=2475.85 size_mb=969.48
2026-07-04 04:32:04.088 | INFO     | callbacks.model_checkpoint:_save_checkpoint:200 - Checkpoint saved: checkpoint-epoch153-step60000.ckpt duration_ms=2785.29 size_mb=969.48
2026-07-04 04:32:13.699 | INFO     | loops.fit_loop:run:65 - Epoch 154/319
2026-07-04 04:33:16.452 | INFO     | loops.fit_loop:run:65 - Epoch 155/319
2026-07-04 04:34:19.215 | INFO     | loops.fit_loop:run:65 - Epoch 156/319
2026-07-04 04:35:23.197 | INFO     | loops.fit_loop:run:65 - Epoch 157/319
2026-07-04 04:36:25.971 | INFO     | loops.fit_loop:run:65 - Epoch 158/319
2026-07-04 04:37:30.077 | INFO     | loops.fit_loop:run:65 - Epoch 159/319
2026-07-04 04:38:33.095 | INFO     | loops.fit_loop:run:65 - Epoch 160/319
2026-07-04 04:39:36.021 | INFO     | loops.fit_loop:run:65 - Epoch 161/319
2026-07-04 04:40:40.322 | INFO     | loops.fit_loop:run:65 - Epoch 162/319
2026-07-04 04:41:43.274 | INFO     | loops.fit_loop:run:65 - Epoch 163/319
2026-07-04 04:42:46.128 | INFO     | loops.fit_loop:run:65 - Epoch 164/319
2026-07-04 04:43:50.643 | INFO     | loops.fit_loop:run:65 - Epoch 165/319
2026-07-04 04:44:53.425 | INFO     | loops.fit_loop:run:65 - Epoch 166/319
2026-07-04 04:45:38.720 | INFO     | callbacks.model_checkpoint:_save_checkpoint:200 - Checkpoint saved: last.ckpt duration_ms=2105.24 size_mb=969.48
2026-07-04 04:45:41.516 | INFO     | callbacks.model_checkpoint:_save_checkpoint:200 - Checkpoint saved: checkpoint-epoch166-step65000.ckpt duration_ms=2789.49 size_mb=969.48
2026-07-04 04:46:02.362 | INFO     | loops.fit_loop:run:65 - Epoch 167/319
2026-07-04 04:47:05.070 | INFO     | loops.fit_loop:run:65 - Epoch 168/319
2026-07-04 04:48:07.894 | INFO     | loops.fit_loop:run:65 - Epoch 169/319
2026-07-04 04:49:12.465 | INFO     | loops.fit_loop:run:65 - Epoch 170/319
2026-07-04 04:50:15.463 | INFO     | loops.fit_loop:run:65 - Epoch 171/319
2026-07-04 04:51:19.570 | INFO     | loops.fit_loop:run:65 - Epoch 172/319
2026-07-04 04:52:22.446 | INFO     | loops.fit_loop:run:65 - Epoch 173/319
2026-07-04 04:53:25.237 | INFO     | loops.fit_loop:run:65 - Epoch 174/319
2026-07-04 04:54:29.362 | INFO     | loops.fit_loop:run:65 - Epoch 175/319
2026-07-04 04:55:32.187 | INFO     | loops.fit_loop:run:65 - Epoch 176/319
2026-07-04 04:56:36.212 | INFO     | loops.fit_loop:run:65 - Epoch 177/319
2026-07-04 04:57:39.407 | INFO     | loops.fit_loop:run:65 - Epoch 178/319
2026-07-04 04:58:42.229 | INFO     | loops.fit_loop:run:65 - Epoch 179/319
2026-07-04 04:59:16.467 | INFO     | callbacks.model_checkpoint:_save_checkpoint:200 - Checkpoint saved: last.ckpt duration_ms=2376.16 size_mb=969.48
2026-07-04 04:59:48.773 | INFO     | loops.fit_loop:run:65 - Epoch 180/319
2026-07-04 05:00:51.789 | INFO     | loops.fit_loop:run:65 - Epoch 181/319
2026-07-04 05:01:54.521 | INFO     | loops.fit_loop:run:65 - Epoch 182/319
2026-07-04 05:02:58.662 | INFO     | loops.fit_loop:run:65 - Epoch 183/319
2026-07-04 05:04:01.432 | INFO     | loops.fit_loop:run:65 - Epoch 184/319
2026-07-04 05:05:05.377 | INFO     | loops.fit_loop:run:65 - Epoch 185/319
2026-07-04 05:06:08.104 | INFO     | loops.fit_loop:run:65 - Epoch 186/319
2026-07-04 05:07:10.840 | INFO     | loops.fit_loop:run:65 - Epoch 187/319
2026-07-04 05:08:14.735 | INFO     | loops.fit_loop:run:65 - Epoch 188/319
2026-07-04 05:09:17.607 | INFO     | loops.fit_loop:run:65 - Epoch 189/319
2026-07-04 05:10:21.618 | INFO     | loops.fit_loop:run:65 - Epoch 190/319
2026-07-04 05:11:24.287 | INFO     | loops.fit_loop:run:65 - Epoch 191/319
2026-07-04 05:12:26.932 | INFO     | loops.fit_loop:run:65 - Epoch 192/319
2026-07-04 05:12:49.618 | INFO     | callbacks.model_checkpoint:_save_checkpoint:200 - Checkpoint saved: last.ckpt duration_ms=2082.99 size_mb=969.48
2026-07-04 05:12:51.682 | INFO     | callbacks.model_checkpoint:_save_checkpoint:200 - Checkpoint saved: checkpoint-epoch192-step75000.ckpt duration_ms=2057.63 size_mb=969.48
2026-07-04 05:13:34.999 | INFO     | loops.fit_loop:run:65 - Epoch 193/319
2026-07-04 05:14:37.865 | INFO     | loops.fit_loop:run:65 - Epoch 194/319
2026-07-04 05:15:41.866 | INFO     | loops.fit_loop:run:65 - Epoch 195/319
2026-07-04 05:16:44.725 | INFO     | loops.fit_loop:run:65 - Epoch 196/319
2026-07-04 05:17:47.940 | INFO     | loops.fit_loop:run:65 - Epoch 197/319
2026-07-04 05:18:51.916 | INFO     | loops.fit_loop:run:65 - Epoch 198/319
2026-07-04 05:19:54.749 | INFO     | loops.fit_loop:run:65 - Epoch 199/319
2026-07-04 05:20:58.864 | INFO     | loops.fit_loop:run:65 - Epoch 200/319
2026-07-04 05:22:01.693 | INFO     | loops.fit_loop:run:65 - Epoch 201/319
2026-07-04 05:23:04.385 | INFO     | loops.fit_loop:run:65 - Epoch 202/319
2026-07-04 05:24:08.482 | INFO     | loops.fit_loop:run:65 - Epoch 203/319
2026-07-04 05:25:11.599 | INFO     | loops.fit_loop:run:65 - Epoch 204/319
2026-07-04 05:26:14.659 | INFO     | loops.fit_loop:run:65 - Epoch 205/319
2026-07-04 05:26:26.045 | INFO     | callbacks.model_checkpoint:_save_checkpoint:200 - Checkpoint saved: last.ckpt duration_ms=1994.18 size_mb=969.48
2026-07-04 05:27:20.921 | INFO     | loops.fit_loop:run:65 - Epoch 206/319
2026-07-04 05:28:24.017 | INFO     | loops.fit_loop:run:65 - Epoch 207/319
2026-07-04 05:29:28.139 | INFO     | loops.fit_loop:run:65 - Epoch 208/319
2026-07-04 05:30:30.977 | INFO     | loops.fit_loop:run:65 - Epoch 209/319
2026-07-04 05:31:33.856 | INFO     | loops.fit_loop:run:65 - Epoch 210/319
2026-07-04 05:32:37.869 | INFO     | loops.fit_loop:run:65 - Epoch 211/319
2026-07-04 05:33:40.917 | INFO     | loops.fit_loop:run:65 - Epoch 212/319
2026-07-04 05:34:44.944 | INFO     | loops.fit_loop:run:65 - Epoch 213/319
2026-07-04 05:35:47.693 | INFO     | loops.fit_loop:run:65 - Epoch 214/319
2026-07-04 05:36:50.728 | INFO     | loops.fit_loop:run:65 - Epoch 215/319
2026-07-04 05:37:54.879 | INFO     | loops.fit_loop:run:65 - Epoch 216/319
2026-07-04 05:38:57.555 | INFO     | loops.fit_loop:run:65 - Epoch 217/319
2026-07-04 05:40:00.446 | INFO     | callbacks.model_checkpoint:_save_checkpoint:200 - Checkpoint saved: last.ckpt duration_ms=2055.80 size_mb=969.48
2026-07-04 05:40:03.620 | INFO     | loops.fit_loop:run:65 - Epoch 218/319
2026-07-04 05:41:06.314 | INFO     | loops.fit_loop:run:65 - Epoch 219/319
2026-07-04 05:42:09.006 | INFO     | loops.fit_loop:run:65 - Epoch 220/319
2026-07-04 05:43:12.908 | INFO     | loops.fit_loop:run:65 - Epoch 221/319
2026-07-04 05:44:15.669 | INFO     | loops.fit_loop:run:65 - Epoch 222/319
2026-07-04 05:45:18.513 | INFO     | loops.fit_loop:run:65 - Epoch 223/319
2026-07-04 05:46:22.680 | INFO     | loops.fit_loop:run:65 - Epoch 224/319
2026-07-04 05:47:25.540 | INFO     | loops.fit_loop:run:65 - Epoch 225/319
2026-07-04 05:48:29.606 | INFO     | loops.fit_loop:run:65 - Epoch 226/319
2026-07-04 05:49:32.406 | INFO     | loops.fit_loop:run:65 - Epoch 227/319
2026-07-04 05:50:35.109 | INFO     | loops.fit_loop:run:65 - Epoch 228/319
2026-07-04 05:51:39.183 | INFO     | loops.fit_loop:run:65 - Epoch 229/319
2026-07-04 05:52:42.072 | INFO     | loops.fit_loop:run:65 - Epoch 230/319
2026-07-04 05:53:33.804 | INFO     | callbacks.model_checkpoint:_save_checkpoint:200 - Checkpoint saved: last.ckpt duration_ms=2130.56 size_mb=969.48
2026-07-04 05:53:48.205 | INFO     | loops.fit_loop:run:65 - Epoch 231/319
2026-07-04 05:54:50.978 | INFO     | loops.fit_loop:run:65 - Epoch 232/319
2026-07-04 05:55:53.843 | INFO     | loops.fit_loop:run:65 - Epoch 233/319
2026-07-04 05:56:57.728 | INFO     | loops.fit_loop:run:65 - Epoch 234/319
2026-07-04 05:58:00.527 | INFO     | loops.fit_loop:run:65 - Epoch 235/319
2026-07-04 05:59:04.355 | INFO     | loops.fit_loop:run:65 - Epoch 236/319
2026-07-04 06:00:06.969 | INFO     | loops.fit_loop:run:65 - Epoch 237/319
2026-07-04 06:01:09.519 | INFO     | loops.fit_loop:run:65 - Epoch 238/319
2026-07-04 06:02:13.334 | INFO     | loops.fit_loop:run:65 - Epoch 239/319
2026-07-04 06:03:16.052 | INFO     | loops.fit_loop:run:65 - Epoch 240/319
2026-07-04 06:04:18.636 | INFO     | loops.fit_loop:run:65 - Epoch 241/319
2026-07-04 06:05:22.536 | INFO     | loops.fit_loop:run:65 - Epoch 242/319
2026-07-04 06:06:25.178 | INFO     | loops.fit_loop:run:65 - Epoch 243/319
2026-07-04 06:07:05.738 | INFO     | callbacks.model_checkpoint:_save_checkpoint:200 - Checkpoint saved: last.ckpt duration_ms=2060.30 size_mb=969.48
2026-07-04 06:07:08.005 | INFO     | callbacks.model_checkpoint:_save_checkpoint:200 - Checkpoint saved: checkpoint-epoch243-step95000.ckpt duration_ms=2260.39 size_mb=969.48
2026-07-04 06:07:33.964 | INFO     | loops.fit_loop:run:65 - Epoch 244/319
2026-07-04 06:08:37.042 | INFO     | loops.fit_loop:run:65 - Epoch 245/319
2026-07-04 06:09:39.703 | INFO     | loops.fit_loop:run:65 - Epoch 246/319
2026-07-04 06:10:44.326 | INFO     | loops.fit_loop:run:65 - Epoch 247/319
2026-07-04 06:11:47.239 | INFO     | loops.fit_loop:run:65 - Epoch 248/319
2026-07-04 06:12:51.312 | INFO     | loops.fit_loop:run:65 - Epoch 249/319
2026-07-04 06:13:54.259 | INFO     | loops.fit_loop:run:65 - Epoch 250/319
2026-07-04 06:14:57.088 | INFO     | loops.fit_loop:run:65 - Epoch 251/319
2026-07-04 06:16:01.158 | INFO     | loops.fit_loop:run:65 - Epoch 252/319
2026-07-04 06:17:03.958 | INFO     | loops.fit_loop:run:65 - Epoch 253/319
2026-07-04 06:18:08.056 | INFO     | loops.fit_loop:run:65 - Epoch 254/319
2026-07-04 06:19:11.013 | INFO     | loops.fit_loop:run:65 - Epoch 255/319
2026-07-04 06:20:13.927 | INFO     | loops.fit_loop:run:65 - Epoch 256/319
2026-07-04 06:20:43.172 | INFO     | callbacks.model_checkpoint:_save_checkpoint:200 - Checkpoint saved: last.ckpt duration_ms=2142.03 size_mb=969.48
2026-07-04 06:21:20.148 | INFO     | loops.fit_loop:run:65 - Epoch 257/319
2026-07-04 06:22:23.002 | INFO     | loops.fit_loop:run:65 - Epoch 258/319
2026-07-04 06:23:27.000 | INFO     | loops.fit_loop:run:65 - Epoch 259/319
2026-07-04 06:24:29.741 | INFO     | loops.fit_loop:run:65 - Epoch 260/319
2026-07-04 06:25:32.408 | INFO     | loops.fit_loop:run:65 - Epoch 261/319
2026-07-04 06:26:36.328 | INFO     | loops.fit_loop:run:65 - Epoch 262/319
2026-07-04 06:27:38.976 | INFO     | loops.fit_loop:run:65 - Epoch 263/319
2026-07-04 06:28:41.567 | INFO     | loops.fit_loop:run:65 - Epoch 264/319
2026-07-04 06:29:45.466 | INFO     | loops.fit_loop:run:65 - Epoch 265/319
2026-07-04 06:30:48.131 | INFO     | loops.fit_loop:run:65 - Epoch 266/319
2026-07-04 06:31:52.181 | INFO     | loops.fit_loop:run:65 - Epoch 267/319
2026-07-04 06:32:54.872 | INFO     | loops.fit_loop:run:65 - Epoch 268/319
2026-07-04 06:33:57.573 | INFO     | loops.fit_loop:run:65 - Epoch 269/319
2026-07-04 06:34:15.530 | INFO     | callbacks.model_checkpoint:_save_checkpoint:200 - Checkpoint saved: last.ckpt duration_ms=2181.58 size_mb=969.48
2026-07-04 06:35:03.674 | INFO     | loops.fit_loop:run:65 - Epoch 270/319
2026-07-04 06:36:06.332 | INFO     | loops.fit_loop:run:65 - Epoch 271/319
2026-07-04 06:37:10.323 | INFO     | loops.fit_loop:run:65 - Epoch 272/319
2026-07-04 06:38:13.114 | INFO     | loops.fit_loop:run:65 - Epoch 273/319
2026-07-04 06:39:15.790 | INFO     | loops.fit_loop:run:65 - Epoch 274/319
2026-07-04 06:40:19.744 | INFO     | loops.fit_loop:run:65 - Epoch 275/319
2026-07-04 06:41:22.642 | INFO     | loops.fit_loop:run:65 - Epoch 276/319
2026-07-04 06:42:26.597 | INFO     | loops.fit_loop:run:65 - Epoch 277/319
2026-07-04 06:43:29.372 | INFO     | loops.fit_loop:run:65 - Epoch 278/319
2026-07-04 06:44:32.196 | INFO     | loops.fit_loop:run:65 - Epoch 279/319
2026-07-04 06:45:36.389 | INFO     | loops.fit_loop:run:65 - Epoch 280/319
2026-07-04 06:46:39.151 | INFO     | loops.fit_loop:run:65 - Epoch 281/319
2026-07-04 06:47:41.812 | INFO     | loops.fit_loop:run:65 - Epoch 282/319
2026-07-04 06:47:48.424 | INFO     | callbacks.model_checkpoint:_save_checkpoint:200 - Checkpoint saved: last.ckpt duration_ms=2062.42 size_mb=969.48
2026-07-04 06:47:50.434 | INFO     | callbacks.model_checkpoint:_save_checkpoint:200 - Checkpoint saved: checkpoint-epoch282-step110000.ckpt duration_ms=2005.11 size_mb=969.48
2026-07-04 06:48:49.788 | INFO     | loops.fit_loop:run:65 - Epoch 283/319
2026-07-04 06:49:52.504 | INFO     | loops.fit_loop:run:65 - Epoch 284/319
2026-07-04 06:50:56.619 | INFO     | loops.fit_loop:run:65 - Epoch 285/319
2026-07-04 06:51:59.495 | INFO     | loops.fit_loop:run:65 - Epoch 286/319
2026-07-04 06:53:02.171 | INFO     | loops.fit_loop:run:65 - Epoch 287/319
2026-07-04 06:54:06.058 | INFO     | loops.fit_loop:run:65 - Epoch 288/319
2026-07-04 06:55:08.699 | INFO     | loops.fit_loop:run:65 - Epoch 289/319
2026-07-04 06:56:12.592 | INFO     | loops.fit_loop:run:65 - Epoch 290/319
2026-07-04 06:57:15.226 | INFO     | loops.fit_loop:run:65 - Epoch 291/319
2026-07-04 06:58:18.019 | INFO     | loops.fit_loop:run:65 - Epoch 292/319
2026-07-04 06:59:22.540 | INFO     | loops.fit_loop:run:65 - Epoch 293/319
2026-07-04 07:00:25.425 | INFO     | loops.fit_loop:run:65 - Epoch 294/319
2026-07-04 07:01:23.344 | INFO     | callbacks.model_checkpoint:_save_checkpoint:200 - Checkpoint saved: last.ckpt duration_ms=2089.73 size_mb=969.48
2026-07-04 07:01:25.889 | INFO     | callbacks.model_checkpoint:_save_checkpoint:200 - Checkpoint saved: checkpoint-epoch294-step115000.ckpt duration_ms=2513.19 size_mb=969.48
2026-07-04 07:01:33.943 | INFO     | loops.fit_loop:run:65 - Epoch 295/319
2026-07-04 07:02:36.632 | INFO     | loops.fit_loop:run:65 - Epoch 296/319
2026-07-04 07:03:39.382 | INFO     | loops.fit_loop:run:65 - Epoch 297/319
2026-07-04 07:04:43.338 | INFO     | loops.fit_loop:run:65 - Epoch 298/319
2026-07-04 07:05:46.148 | INFO     | loops.fit_loop:run:65 - Epoch 299/319
2026-07-04 07:06:50.125 | INFO     | loops.fit_loop:run:65 - Epoch 300/319
2026-07-04 07:07:52.850 | INFO     | loops.fit_loop:run:65 - Epoch 301/319
2026-07-04 07:08:55.580 | INFO     | loops.fit_loop:run:65 - Epoch 302/319
2026-07-04 07:09:59.607 | INFO     | loops.fit_loop:run:65 - Epoch 303/319
2026-07-04 07:11:02.489 | INFO     | loops.fit_loop:run:65 - Epoch 304/319
2026-07-04 07:12:05.227 | INFO     | loops.fit_loop:run:65 - Epoch 305/319
2026-07-04 07:13:09.295 | INFO     | loops.fit_loop:run:65 - Epoch 306/319
2026-07-04 07:14:12.237 | INFO     | loops.fit_loop:run:65 - Epoch 307/319
2026-07-04 07:14:59.278 | INFO     | callbacks.model_checkpoint:_save_checkpoint:200 - Checkpoint saved: last.ckpt duration_ms=2127.65 size_mb=969.48
2026-07-04 07:15:01.655 | INFO     | callbacks.model_checkpoint:_save_checkpoint:200 - Checkpoint saved: checkpoint-epoch307-step120000.ckpt duration_ms=2353.19 size_mb=969.48
2026-07-04 07:15:21.139 | INFO     | loops.fit_loop:run:65 - Epoch 308/319
2026-07-04 07:16:24.052 | INFO     | loops.fit_loop:run:65 - Epoch 309/319
2026-07-04 07:17:26.951 | INFO     | loops.fit_loop:run:65 - Epoch 310/319
2026-07-04 07:18:31.165 | INFO     | loops.fit_loop:run:65 - Epoch 311/319
2026-07-04 07:19:34.199 | INFO     | loops.fit_loop:run:65 - Epoch 312/319
2026-07-04 07:20:38.493 | INFO     | loops.fit_loop:run:65 - Epoch 313/319
2026-07-04 07:21:41.512 | INFO     | loops.fit_loop:run:65 - Epoch 314/319
2026-07-04 07:22:44.552 | INFO     | loops.fit_loop:run:65 - Epoch 315/319
2026-07-04 07:23:48.879 | INFO     | loops.fit_loop:run:65 - Epoch 316/319
2026-07-04 07:24:51.794 | INFO     | loops.fit_loop:run:65 - Epoch 317/319
2026-07-04 07:25:56.076 | INFO     | loops.fit_loop:run:65 - Epoch 318/319
2026-07-04 07:26:59.073 | INFO     | loops.fit_loop:run:65 - Epoch 319/319
2026-07-04 07:28:02.095 | INFO     | vocode.trainers.reproduction_training_runner:_run_training:160 - Project-trained reproduction checkpoint written for hifigan_v1 seed=1234; checkpoint metadata recorded
2026-07-04 07:28:02.113 | INFO     | vocode.trainers.scratch_reproduction_runner:_finalize_experiment_log:132 - Experiment vocode_checkpoint01_training_reproduction finished. Rows written: 1. Elapsed: 20445.2s
2026-07-04 07:58:57.021 | INFO     | vocode.trainers.scratch_reproduction_runner:_announce_run:96 - Experiment vocode_checkpoint01_training_reproduction run_id=hifigan_v1_full_bf16bs32_20260704_0347 architecture=hifigan_v1 seed=1234 evidence_category=project_trained_reproduction stage=train
2026-07-04 07:58:57.021 | INFO     | vocode.trainers.scratch_reproduction_runner:_announce_run:101 - Hypothesis: Project-trained hifigan_v1 reproduces the published architecture under the VOCODE LJSpeech protocol with documented l40s bf16 bs32 compute deviations validated by bounded loss-safety gates.
2026-07-04 07:59:02.657 | INFO     | core.trainer:_restore_checkpoint:786 - Restoring checkpoint from: last.ckpt
2026-07-04 07:59:06.369 | INFO     | state.checkpoint_state:restore:149 - Checkpoint metadata: torch=2.12.1+cu130
2026-07-04 07:59:06.369 | INFO     | core.trainer:_restore_checkpoint:814 - Resumed from epoch 307, global step 120000
2026-07-04 07:59:06.613 | INFO     | core.trainer:_sanity_check_validation:757 - Running 2 sanity validation batches
2026-07-04 07:59:14.943 | INFO     | loops.fit_loop:run:65 - Epoch 307/640
2026-07-04 08:00:06.604 | INFO     | loops.fit_loop:run:65 - Epoch 308/640
2026-07-04 08:01:21.450 | INFO     | loops.fit_loop:run:65 - Epoch 309/640
2026-07-04 08:02:36.159 | INFO     | loops.fit_loop:run:65 - Epoch 310/640
2026-07-04 08:05:59.116 | INFO     | loops.fit_loop:run:65 - Epoch 311/640
2026-07-04 08:07:13.427 | INFO     | loops.fit_loop:run:65 - Epoch 312/640
2026-07-04 08:08:29.478 | INFO     | loops.fit_loop:run:65 - Epoch 313/640
2026-07-04 08:09:43.931 | INFO     | loops.fit_loop:run:65 - Epoch 314/640
2026-07-04 08:10:58.387 | INFO     | loops.fit_loop:run:65 - Epoch 315/640
2026-07-04 08:12:14.498 | INFO     | loops.fit_loop:run:65 - Epoch 316/640
2026-07-04 08:13:28.894 | INFO     | loops.fit_loop:run:65 - Epoch 317/640
2026-07-04 08:14:45.043 | INFO     | loops.fit_loop:run:65 - Epoch 318/640
2026-07-04 08:15:59.468 | INFO     | loops.fit_loop:run:65 - Epoch 319/640
2026-07-04 08:17:13.975 | INFO     | loops.fit_loop:run:65 - Epoch 320/640
2026-07-04 08:17:55.870 | INFO     | callbacks.model_checkpoint:_save_checkpoint:200 - Checkpoint saved: last.ckpt duration_ms=1834.32 size_mb=969.49
2026-07-04 08:18:32.196 | INFO     | loops.fit_loop:run:65 - Epoch 321/640
2026-07-04 08:19:46.704 | INFO     | loops.fit_loop:run:65 - Epoch 322/640
2026-07-04 08:21:01.362 | INFO     | loops.fit_loop:run:65 - Epoch 323/640
2026-07-04 08:22:17.546 | INFO     | loops.fit_loop:run:65 - Epoch 324/640
2026-07-04 08:23:31.957 | INFO     | loops.fit_loop:run:65 - Epoch 325/640
2026-07-04 08:24:48.006 | INFO     | loops.fit_loop:run:65 - Epoch 326/640
2026-07-04 08:26:02.709 | INFO     | loops.fit_loop:run:65 - Epoch 327/640
2026-07-04 08:27:19.459 | INFO     | loops.fit_loop:run:65 - Epoch 328/640
2026-07-04 08:28:35.871 | INFO     | loops.fit_loop:run:65 - Epoch 329/640
2026-07-04 08:29:50.486 | INFO     | loops.fit_loop:run:65 - Epoch 330/640
2026-07-04 08:31:06.660 | INFO     | loops.fit_loop:run:65 - Epoch 331/640
2026-07-04 08:32:21.437 | INFO     | loops.fit_loop:run:65 - Epoch 332/640
2026-07-04 08:33:36.046 | INFO     | loops.fit_loop:run:65 - Epoch 333/640
2026-07-04 08:34:04.231 | INFO     | callbacks.model_checkpoint:_save_checkpoint:200 - Checkpoint saved: last.ckpt duration_ms=1640.18 size_mb=969.49
2026-07-04 08:34:54.170 | INFO     | loops.fit_loop:run:65 - Epoch 334/640
2026-07-04 08:36:09.008 | INFO     | loops.fit_loop:run:65 - Epoch 335/640
2026-07-04 08:37:25.473 | INFO     | loops.fit_loop:run:65 - Epoch 336/640
2026-07-04 08:38:40.145 | INFO     | loops.fit_loop:run:65 - Epoch 337/640
2026-07-04 08:39:54.855 | INFO     | loops.fit_loop:run:65 - Epoch 338/640
2026-07-04 08:41:11.100 | INFO     | loops.fit_loop:run:65 - Epoch 339/640
2026-07-04 08:42:25.510 | INFO     | loops.fit_loop:run:65 - Epoch 340/640
2026-07-04 08:43:40.183 | INFO     | loops.fit_loop:run:65 - Epoch 341/640
2026-07-04 08:44:56.454 | INFO     | loops.fit_loop:run:65 - Epoch 342/640
2026-07-04 08:46:11.209 | INFO     | loops.fit_loop:run:65 - Epoch 343/640
2026-07-04 08:47:30.302 | INFO     | loops.fit_loop:run:65 - Epoch 344/640
2026-07-04 08:48:45.903 | INFO     | loops.fit_loop:run:65 - Epoch 345/640
2026-07-04 08:50:01.443 | INFO     | loops.fit_loop:run:65 - Epoch 346/640
2026-07-04 08:50:16.442 | INFO     | callbacks.model_checkpoint:_save_checkpoint:200 - Checkpoint saved: last.ckpt duration_ms=1790.46 size_mb=969.49
2026-07-04 08:50:18.316 | INFO     | callbacks.model_checkpoint:_save_checkpoint:200 - Checkpoint saved: checkpoint-epoch346-step135000.ckpt duration_ms=1869.75 size_mb=969.49
2026-07-04 08:51:28.583 | INFO     | loops.fit_loop:run:65 - Epoch 347/640
2026-07-04 08:52:46.077 | INFO     | loops.fit_loop:run:65 - Epoch 348/640
2026-07-04 08:54:02.521 | INFO     | loops.fit_loop:run:65 - Epoch 349/640
2026-07-04 08:55:17.131 | INFO     | loops.fit_loop:run:65 - Epoch 350/640
2026-07-04 08:56:35.056 | INFO     | loops.fit_loop:run:65 - Epoch 351/640
2026-07-04 08:57:57.219 | INFO     | loops.fit_loop:run:65 - Epoch 352/640
2026-07-04 08:59:18.964 | INFO     | loops.fit_loop:run:65 - Epoch 353/640
2026-07-04 09:00:34.933 | INFO     | loops.fit_loop:run:65 - Epoch 354/640
2026-07-04 09:01:49.553 | INFO     | loops.fit_loop:run:65 - Epoch 355/640
2026-07-04 09:03:03.952 | INFO     | loops.fit_loop:run:65 - Epoch 356/640
2026-07-04 09:04:21.014 | INFO     | loops.fit_loop:run:65 - Epoch 357/640
2026-07-04 09:05:36.325 | INFO     | loops.fit_loop:run:65 - Epoch 358/640
2026-07-04 09:06:52.792 | INFO     | callbacks.model_checkpoint:_save_checkpoint:200 - Checkpoint saved: last.ckpt duration_ms=1761.34 size_mb=969.49
2026-07-04 09:06:54.515 | INFO     | callbacks.model_checkpoint:_save_checkpoint:200 - Checkpoint saved: checkpoint-epoch358-step140000.ckpt duration_ms=1718.30 size_mb=969.49
2026-07-04 09:06:56.391 | INFO     | loops.fit_loop:run:65 - Epoch 359/640
2026-07-04 09:08:11.960 | INFO     | loops.fit_loop:run:65 - Epoch 360/640
2026-07-04 09:09:27.397 | INFO     | loops.fit_loop:run:65 - Epoch 361/640
2026-07-04 09:10:43.475 | INFO     | loops.fit_loop:run:65 - Epoch 362/640
2026-07-04 09:11:58.192 | INFO     | loops.fit_loop:run:65 - Epoch 363/640
2026-07-04 09:13:12.647 | INFO     | loops.fit_loop:run:65 - Epoch 364/640
2026-07-04 09:14:29.150 | INFO     | loops.fit_loop:run:65 - Epoch 365/640
2026-07-04 09:15:44.253 | INFO     | loops.fit_loop:run:65 - Epoch 366/640
2026-07-04 09:17:00.353 | INFO     | loops.fit_loop:run:65 - Epoch 367/640
2026-07-04 09:18:17.209 | INFO     | loops.fit_loop:run:65 - Epoch 368/640
2026-07-04 09:19:33.754 | INFO     | loops.fit_loop:run:65 - Epoch 369/640
2026-07-04 09:20:51.069 | INFO     | loops.fit_loop:run:65 - Epoch 370/640
2026-07-04 09:22:06.713 | INFO     | loops.fit_loop:run:65 - Epoch 371/640
2026-07-04 09:23:09.864 | INFO     | callbacks.model_checkpoint:_save_checkpoint:200 - Checkpoint saved: last.ckpt duration_ms=1469.32 size_mb=969.49
2026-07-04 09:23:11.367 | INFO     | callbacks.model_checkpoint:_save_checkpoint:200 - Checkpoint saved: checkpoint-epoch371-step145000.ckpt duration_ms=1499.79 size_mb=969.49
2026-07-04 09:23:27.005 | INFO     | loops.fit_loop:run:65 - Epoch 372/640
2026-07-04 09:24:42.086 | INFO     | loops.fit_loop:run:65 - Epoch 373/640
2026-07-04 09:25:57.355 | INFO     | loops.fit_loop:run:65 - Epoch 374/640
2026-07-04 09:27:16.763 | INFO     | loops.fit_loop:run:65 - Epoch 375/640
2026-07-04 09:28:32.171 | INFO     | loops.fit_loop:run:65 - Epoch 376/640
2026-07-04 09:29:48.993 | INFO     | loops.fit_loop:run:65 - Epoch 377/640
2026-07-04 09:31:04.335 | INFO     | loops.fit_loop:run:65 - Epoch 378/640
2026-07-04 09:32:19.200 | INFO     | loops.fit_loop:run:65 - Epoch 379/640
2026-07-04 09:33:35.650 | INFO     | loops.fit_loop:run:65 - Epoch 380/640
2026-07-04 09:34:51.154 | INFO     | loops.fit_loop:run:65 - Epoch 381/640
2026-07-04 09:36:06.125 | INFO     | loops.fit_loop:run:65 - Epoch 382/640
2026-07-04 09:37:23.498 | INFO     | loops.fit_loop:run:65 - Epoch 383/640
2026-07-04 09:38:39.705 | INFO     | loops.fit_loop:run:65 - Epoch 384/640
2026-07-04 09:39:31.370 | INFO     | callbacks.model_checkpoint:_save_checkpoint:200 - Checkpoint saved: last.ckpt duration_ms=1565.30 size_mb=969.49
2026-07-04 09:40:00.502 | INFO     | loops.fit_loop:run:65 - Epoch 385/640
2026-07-04 09:41:15.941 | INFO     | loops.fit_loop:run:65 - Epoch 386/640
2026-07-04 09:42:31.398 | INFO     | loops.fit_loop:run:65 - Epoch 387/640
2026-07-04 09:43:49.012 | INFO     | loops.fit_loop:run:65 - Epoch 388/640
2026-07-04 09:45:06.398 | INFO     | loops.fit_loop:run:65 - Epoch 389/640
2026-07-04 09:46:23.601 | INFO     | loops.fit_loop:run:65 - Epoch 390/640
2026-07-04 09:47:39.094 | INFO     | loops.fit_loop:run:65 - Epoch 391/640
2026-07-04 09:48:56.482 | INFO     | loops.fit_loop:run:65 - Epoch 392/640
2026-07-04 09:50:15.721 | INFO     | loops.fit_loop:run:65 - Epoch 393/640
2026-07-04 09:51:33.472 | INFO     | loops.fit_loop:run:65 - Epoch 394/640
2026-07-04 09:52:55.284 | INFO     | loops.fit_loop:run:65 - Epoch 395/640
2026-07-04 09:54:13.436 | INFO     | loops.fit_loop:run:65 - Epoch 396/640
2026-07-04 09:55:31.674 | INFO     | loops.fit_loop:run:65 - Epoch 397/640
2026-07-04 09:56:09.172 | INFO     | callbacks.model_checkpoint:_save_checkpoint:200 - Checkpoint saved: last.ckpt duration_ms=1734.74 size_mb=969.49
2026-07-04 09:56:53.278 | INFO     | loops.fit_loop:run:65 - Epoch 398/640
2026-07-04 09:58:10.972 | INFO     | loops.fit_loop:run:65 - Epoch 399/640
2026-07-04 09:59:30.753 | INFO     | loops.fit_loop:run:65 - Epoch 400/640
2026-07-04 10:00:48.441 | INFO     | loops.fit_loop:run:65 - Epoch 401/640
2026-07-04 10:02:14.539 | INFO     | loops.fit_loop:run:65 - Epoch 402/640
2026-07-04 10:03:36.782 | INFO     | loops.fit_loop:run:65 - Epoch 403/640
2026-07-04 10:04:54.177 | INFO     | loops.fit_loop:run:65 - Epoch 404/640
2026-07-04 10:06:10.428 | INFO     | loops.fit_loop:run:65 - Epoch 405/640
2026-07-04 10:07:29.106 | INFO     | loops.fit_loop:run:65 - Epoch 406/640
2026-07-04 10:08:46.363 | INFO     | loops.fit_loop:run:65 - Epoch 407/640
2026-07-04 10:10:11.525 | INFO     | loops.fit_loop:run:65 - Epoch 408/640
2026-07-04 10:11:27.367 | INFO     | loops.fit_loop:run:65 - Epoch 409/640
2026-07-04 10:12:42.770 | INFO     | loops.fit_loop:run:65 - Epoch 410/640
2026-07-04 10:13:05.536 | INFO     | callbacks.model_checkpoint:_save_checkpoint:200 - Checkpoint saved: last.ckpt duration_ms=1810.08 size_mb=969.49
2026-07-04 10:14:01.542 | INFO     | loops.fit_loop:run:65 - Epoch 411/640
2026-07-04 10:15:17.083 | INFO     | loops.fit_loop:run:65 - Epoch 412/640
2026-07-04 10:16:33.329 | INFO     | loops.fit_loop:run:65 - Epoch 413/640
2026-07-04 10:17:48.039 | INFO     | loops.fit_loop:run:65 - Epoch 414/640
2026-07-04 10:19:02.842 | INFO     | loops.fit_loop:run:65 - Epoch 415/640
2026-07-04 10:20:28.335 | INFO     | loops.fit_loop:run:65 - Epoch 416/640
2026-07-04 10:21:46.134 | INFO     | loops.fit_loop:run:65 - Epoch 417/640
2026-07-04 10:23:07.000 | INFO     | loops.fit_loop:run:65 - Epoch 418/640
2026-07-04 10:24:24.404 | INFO     | loops.fit_loop:run:65 - Epoch 419/640
2026-07-04 10:25:42.243 | INFO     | loops.fit_loop:run:65 - Epoch 420/640
2026-07-04 10:27:01.546 | INFO     | loops.fit_loop:run:65 - Epoch 421/640
2026-07-04 10:28:19.070 | INFO     | loops.fit_loop:run:65 - Epoch 422/640
2026-07-04 10:29:35.665 | INFO     | loops.fit_loop:run:65 - Epoch 423/640
2026-07-04 10:29:44.789 | INFO     | callbacks.model_checkpoint:_save_checkpoint:200 - Checkpoint saved: last.ckpt duration_ms=1706.81 size_mb=969.49
2026-07-04 10:30:55.738 | INFO     | loops.fit_loop:run:65 - Epoch 424/640
2026-07-04 10:32:10.227 | INFO     | loops.fit_loop:run:65 - Epoch 425/640
2026-07-04 10:33:28.279 | INFO     | loops.fit_loop:run:65 - Epoch 426/640
2026-07-04 10:34:43.336 | INFO     | loops.fit_loop:run:65 - Epoch 427/640
2026-07-04 10:35:59.403 | INFO     | loops.fit_loop:run:65 - Epoch 428/640
2026-07-04 10:37:16.349 | INFO     | loops.fit_loop:run:65 - Epoch 429/640
2026-07-04 10:38:30.738 | INFO     | loops.fit_loop:run:65 - Epoch 430/640
2026-07-04 10:39:47.452 | INFO     | loops.fit_loop:run:65 - Epoch 431/640
2026-07-04 10:41:02.376 | INFO     | loops.fit_loop:run:65 - Epoch 432/640
2026-07-04 10:42:17.565 | INFO     | loops.fit_loop:run:65 - Epoch 433/640
2026-07-04 10:43:34.204 | INFO     | loops.fit_loop:run:65 - Epoch 434/640
2026-07-04 10:44:51.206 | INFO     | loops.fit_loop:run:65 - Epoch 435/640
2026-07-04 10:46:03.161 | INFO     | callbacks.model_checkpoint:_save_checkpoint:200 - Checkpoint saved: last.ckpt duration_ms=2271.82 size_mb=969.49
2026-07-04 10:46:05.072 | INFO     | callbacks.model_checkpoint:_save_checkpoint:200 - Checkpoint saved: checkpoint-epoch435-step170000.ckpt duration_ms=1907.91 size_mb=969.49
2026-07-04 10:46:12.947 | INFO     | loops.fit_loop:run:65 - Epoch 436/640
2026-07-04 10:47:28.912 | INFO     | loops.fit_loop:run:65 - Epoch 437/640
2026-07-04 10:48:44.743 | INFO     | loops.fit_loop:run:65 - Epoch 438/640
2026-07-04 10:50:04.227 | INFO     | loops.fit_loop:run:65 - Epoch 439/640
2026-07-04 10:51:20.060 | INFO     | loops.fit_loop:run:65 - Epoch 440/640
2026-07-04 10:52:35.568 | INFO     | loops.fit_loop:run:65 - Epoch 441/640
2026-07-04 10:53:52.232 | INFO     | loops.fit_loop:run:65 - Epoch 442/640
2026-07-04 10:55:07.776 | INFO     | loops.fit_loop:run:65 - Epoch 443/640
2026-07-04 10:56:25.133 | INFO     | loops.fit_loop:run:65 - Epoch 444/640
2026-07-04 10:57:40.710 | INFO     | loops.fit_loop:run:65 - Epoch 445/640
2026-07-04 10:58:55.460 | INFO     | loops.fit_loop:run:65 - Epoch 446/640
2026-07-04 11:00:12.551 | INFO     | loops.fit_loop:run:65 - Epoch 447/640
2026-07-04 11:01:29.673 | INFO     | loops.fit_loop:run:65 - Epoch 448/640
2026-07-04 11:02:28.714 | INFO     | callbacks.model_checkpoint:_save_checkpoint:200 - Checkpoint saved: last.ckpt duration_ms=1641.17 size_mb=969.49
2026-07-04 11:02:50.221 | INFO     | loops.fit_loop:run:65 - Epoch 449/640
2026-07-04 11:04:07.481 | INFO     | loops.fit_loop:run:65 - Epoch 450/640
2026-07-04 11:05:22.717 | INFO     | loops.fit_loop:run:65 - Epoch 451/640
2026-07-04 11:06:39.122 | INFO     | loops.fit_loop:run:65 - Epoch 452/640
2026-07-04 11:07:55.260 | INFO     | loops.fit_loop:run:65 - Epoch 453/640
2026-07-04 11:09:12.646 | INFO     | loops.fit_loop:run:65 - Epoch 454/640
2026-07-04 11:10:28.679 | INFO     | loops.fit_loop:run:65 - Epoch 455/640
2026-07-04 11:11:44.112 | INFO     | loops.fit_loop:run:65 - Epoch 456/640
2026-07-04 11:13:00.570 | INFO     | loops.fit_loop:run:65 - Epoch 457/640
2026-07-04 11:14:15.749 | INFO     | loops.fit_loop:run:65 - Epoch 458/640
2026-07-04 11:15:31.758 | INFO     | loops.fit_loop:run:65 - Epoch 459/640
2026-07-04 11:16:46.424 | INFO     | loops.fit_loop:run:65 - Epoch 460/640
2026-07-04 11:18:01.754 | INFO     | loops.fit_loop:run:65 - Epoch 461/640
2026-07-04 11:18:45.169 | INFO     | callbacks.model_checkpoint:_save_checkpoint:200 - Checkpoint saved: last.ckpt duration_ms=1510.77 size_mb=969.49
2026-07-04 11:19:19.848 | INFO     | loops.fit_loop:run:65 - Epoch 462/640
2026-07-04 11:20:34.403 | INFO     | loops.fit_loop:run:65 - Epoch 463/640
2026-07-04 11:21:48.849 | INFO     | loops.fit_loop:run:65 - Epoch 464/640
2026-07-04 11:23:04.755 | INFO     | loops.fit_loop:run:65 - Epoch 465/640
2026-07-04 11:24:19.109 | INFO     | loops.fit_loop:run:65 - Epoch 466/640
2026-07-04 11:25:35.099 | INFO     | loops.fit_loop:run:65 - Epoch 467/640
2026-07-04 11:26:49.393 | INFO     | loops.fit_loop:run:65 - Epoch 468/640
2026-07-04 11:28:04.035 | INFO     | loops.fit_loop:run:65 - Epoch 469/640
2026-07-04 11:29:19.684 | INFO     | loops.fit_loop:run:65 - Epoch 470/640
2026-07-04 11:30:33.514 | INFO     | loops.fit_loop:run:65 - Epoch 471/640
2026-07-04 11:32:03.130 | INFO     | loops.fit_loop:run:65 - Epoch 472/640
2026-07-04 11:33:17.430 | INFO     | loops.fit_loop:run:65 - Epoch 473/640
2026-07-04 11:34:31.543 | INFO     | loops.fit_loop:run:65 - Epoch 474/640
2026-07-04 11:35:01.497 | INFO     | callbacks.model_checkpoint:_save_checkpoint:200 - Checkpoint saved: last.ckpt duration_ms=1782.29 size_mb=969.49
2026-07-04 11:35:03.124 | INFO     | callbacks.model_checkpoint:_save_checkpoint:200 - Checkpoint saved: checkpoint-epoch474-step185000.ckpt duration_ms=1622.79 size_mb=969.49
2026-07-04 11:35:50.827 | INFO     | loops.fit_loop:run:65 - Epoch 475/640
2026-07-04 11:37:07.235 | INFO     | loops.fit_loop:run:65 - Epoch 476/640
2026-07-04 11:38:22.771 | INFO     | loops.fit_loop:run:65 - Epoch 477/640
2026-07-04 11:39:37.328 | INFO     | loops.fit_loop:run:65 - Epoch 478/640
2026-07-04 11:40:51.611 | INFO     | loops.fit_loop:run:65 - Epoch 479/640
2026-07-04 11:42:08.680 | INFO     | loops.fit_loop:run:65 - Epoch 480/640
2026-07-04 11:43:25.238 | INFO     | loops.fit_loop:run:65 - Epoch 481/640
2026-07-04 11:44:40.290 | INFO     | loops.fit_loop:run:65 - Epoch 482/640
2026-07-04 11:45:57.060 | INFO     | loops.fit_loop:run:65 - Epoch 483/640
2026-07-04 11:47:11.027 | INFO     | loops.fit_loop:run:65 - Epoch 484/640
2026-07-04 11:48:28.824 | INFO     | loops.fit_loop:run:65 - Epoch 485/640
2026-07-04 11:49:43.577 | INFO     | loops.fit_loop:run:65 - Epoch 486/640
2026-07-04 11:50:57.815 | INFO     | loops.fit_loop:run:65 - Epoch 487/640
2026-07-04 11:51:14.748 | INFO     | callbacks.model_checkpoint:_save_checkpoint:200 - Checkpoint saved: last.ckpt duration_ms=1666.97 size_mb=969.49
2026-07-04 11:51:16.450 | INFO     | callbacks.model_checkpoint:_save_checkpoint:200 - Checkpoint saved: checkpoint-epoch487-step190000.ckpt duration_ms=1698.15 size_mb=969.49
2026-07-04 11:52:17.110 | INFO     | loops.fit_loop:run:65 - Epoch 488/640
2026-07-04 11:53:31.152 | INFO     | loops.fit_loop:run:65 - Epoch 489/640
2026-07-04 11:54:47.628 | INFO     | loops.fit_loop:run:65 - Epoch 490/640
2026-07-04 11:56:01.261 | INFO     | loops.fit_loop:run:65 - Epoch 491/640
2026-07-04 11:57:18.178 | INFO     | loops.fit_loop:run:65 - Epoch 492/640
2026-07-04 11:58:32.959 | INFO     | loops.fit_loop:run:65 - Epoch 493/640
2026-07-04 11:59:46.909 | INFO     | loops.fit_loop:run:65 - Epoch 494/640
2026-07-04 12:01:03.578 | INFO     | loops.fit_loop:run:65 - Epoch 495/640
2026-07-04 12:02:18.379 | INFO     | loops.fit_loop:run:65 - Epoch 496/640
2026-07-04 12:03:32.554 | INFO     | loops.fit_loop:run:65 - Epoch 497/640
2026-07-04 12:04:48.355 | INFO     | loops.fit_loop:run:65 - Epoch 498/640
2026-07-04 12:06:02.929 | INFO     | loops.fit_loop:run:65 - Epoch 499/640
2026-07-04 12:07:21.037 | INFO     | callbacks.model_checkpoint:_save_checkpoint:200 - Checkpoint saved: last.ckpt duration_ms=1834.54 size_mb=969.49
2026-07-04 12:07:23.101 | INFO     | callbacks.model_checkpoint:_save_checkpoint:200 - Checkpoint saved: checkpoint-epoch499-step195000.ckpt duration_ms=2060.17 size_mb=969.49
2026-07-04 12:07:23.111 | INFO     | loops.fit_loop:run:65 - Epoch 500/640
2026-07-04 12:08:37.397 | INFO     | loops.fit_loop:run:65 - Epoch 501/640
2026-07-04 12:09:51.611 | INFO     | loops.fit_loop:run:65 - Epoch 502/640
2026-07-04 12:11:07.118 | INFO     | loops.fit_loop:run:65 - Epoch 503/640
2026-07-04 12:12:21.043 | INFO     | loops.fit_loop:run:65 - Epoch 504/640
2026-07-04 12:13:35.480 | INFO     | loops.fit_loop:run:65 - Epoch 505/640
2026-07-04 12:14:50.703 | INFO     | loops.fit_loop:run:65 - Epoch 506/640
2026-07-04 12:16:04.532 | INFO     | loops.fit_loop:run:65 - Epoch 507/640
2026-07-04 12:17:20.289 | INFO     | loops.fit_loop:run:65 - Epoch 508/640
2026-07-04 12:18:34.250 | INFO     | loops.fit_loop:run:65 - Epoch 509/640
2026-07-04 12:19:48.341 | INFO     | loops.fit_loop:run:65 - Epoch 510/640
2026-07-04 12:21:03.432 | INFO     | loops.fit_loop:run:65 - Epoch 511/640
2026-07-04 12:22:17.451 | INFO     | loops.fit_loop:run:65 - Epoch 512/640
2026-07-04 12:23:21.646 | INFO     | callbacks.model_checkpoint:_save_checkpoint:200 - Checkpoint saved: last.ckpt duration_ms=1843.99 size_mb=969.49
2026-07-04 12:23:35.100 | INFO     | loops.fit_loop:run:65 - Epoch 513/640
2026-07-04 12:24:49.544 | INFO     | loops.fit_loop:run:65 - Epoch 514/640
2026-07-04 12:26:03.423 | INFO     | loops.fit_loop:run:65 - Epoch 515/640
2026-07-04 12:27:18.775 | INFO     | loops.fit_loop:run:65 - Epoch 516/640
2026-07-04 12:28:32.620 | INFO     | loops.fit_loop:run:65 - Epoch 517/640
2026-07-04 12:29:48.217 | INFO     | loops.fit_loop:run:65 - Epoch 518/640
2026-07-04 12:31:02.487 | INFO     | loops.fit_loop:run:65 - Epoch 519/640
2026-07-04 12:32:16.553 | INFO     | loops.fit_loop:run:65 - Epoch 520/640
2026-07-04 12:33:31.591 | INFO     | loops.fit_loop:run:65 - Epoch 521/640
2026-07-04 12:34:45.511 | INFO     | loops.fit_loop:run:65 - Epoch 522/640
2026-07-04 12:35:59.433 | INFO     | loops.fit_loop:run:65 - Epoch 523/640
2026-07-04 12:37:14.393 | INFO     | loops.fit_loop:run:65 - Epoch 524/640
2026-07-04 12:38:28.390 | INFO     | loops.fit_loop:run:65 - Epoch 525/640
2026-07-04 12:39:18.927 | INFO     | callbacks.model_checkpoint:_save_checkpoint:200 - Checkpoint saved: last.ckpt duration_ms=1571.01 size_mb=969.49
2026-07-04 12:39:45.468 | INFO     | loops.fit_loop:run:65 - Epoch 526/640
2026-07-04 12:40:59.276 | INFO     | loops.fit_loop:run:65 - Epoch 527/640
2026-07-04 12:42:12.910 | INFO     | loops.fit_loop:run:65 - Epoch 528/640
2026-07-04 12:43:27.979 | INFO     | loops.fit_loop:run:65 - Epoch 529/640
2026-07-04 12:44:41.994 | INFO     | loops.fit_loop:run:65 - Epoch 530/640
2026-07-04 12:45:58.012 | INFO     | loops.fit_loop:run:65 - Epoch 531/640
2026-07-04 12:47:12.035 | INFO     | loops.fit_loop:run:65 - Epoch 532/640
2026-07-04 12:48:26.044 | INFO     | loops.fit_loop:run:65 - Epoch 533/640
2026-07-04 12:49:41.580 | INFO     | loops.fit_loop:run:65 - Epoch 534/640
2026-07-04 12:50:55.420 | INFO     | loops.fit_loop:run:65 - Epoch 535/640
2026-07-04 12:52:10.412 | INFO     | loops.fit_loop:run:65 - Epoch 536/640
2026-07-04 12:53:24.485 | INFO     | loops.fit_loop:run:65 - Epoch 537/640
2026-07-04 12:54:37.732 | INFO     | loops.fit_loop:run:65 - Epoch 538/640
2026-07-04 12:55:15.057 | INFO     | callbacks.model_checkpoint:_save_checkpoint:200 - Checkpoint saved: last.ckpt duration_ms=1636.01 size_mb=969.49
2026-07-04 12:55:54.959 | INFO     | loops.fit_loop:run:65 - Epoch 539/640
2026-07-04 12:57:09.354 | INFO     | loops.fit_loop:run:65 - Epoch 540/640
2026-07-04 12:58:23.541 | INFO     | loops.fit_loop:run:65 - Epoch 541/640
2026-07-04 12:59:39.340 | INFO     | loops.fit_loop:run:65 - Epoch 542/640
2026-07-04 13:00:53.634 | INFO     | loops.fit_loop:run:65 - Epoch 543/640
2026-07-04 13:02:10.134 | INFO     | loops.fit_loop:run:65 - Epoch 544/640
2026-07-04 13:03:24.842 | INFO     | loops.fit_loop:run:65 - Epoch 545/640
2026-07-04 13:04:39.240 | INFO     | loops.fit_loop:run:65 - Epoch 546/640
2026-07-04 13:05:54.621 | INFO     | loops.fit_loop:run:65 - Epoch 547/640
2026-07-04 13:07:08.528 | INFO     | loops.fit_loop:run:65 - Epoch 548/640
2026-07-04 13:08:24.370 | INFO     | loops.fit_loop:run:65 - Epoch 549/640
2026-07-04 13:09:38.720 | INFO     | loops.fit_loop:run:65 - Epoch 550/640
2026-07-04 13:10:52.423 | INFO     | loops.fit_loop:run:65 - Epoch 551/640
2026-07-04 13:11:16.723 | INFO     | callbacks.model_checkpoint:_save_checkpoint:200 - Checkpoint saved: last.ckpt duration_ms=1685.12 size_mb=969.49
2026-07-04 13:12:10.080 | INFO     | loops.fit_loop:run:65 - Epoch 552/640
2026-07-04 13:13:23.926 | INFO     | loops.fit_loop:run:65 - Epoch 553/640
2026-07-04 13:14:39.159 | INFO     | loops.fit_loop:run:65 - Epoch 554/640
2026-07-04 13:15:53.561 | INFO     | loops.fit_loop:run:65 - Epoch 555/640
2026-07-04 13:17:07.739 | INFO     | loops.fit_loop:run:65 - Epoch 556/640
2026-07-04 13:18:23.180 | INFO     | loops.fit_loop:run:65 - Epoch 557/640
2026-07-04 13:19:37.779 | INFO     | loops.fit_loop:run:65 - Epoch 558/640
2026-07-04 13:20:53.921 | INFO     | loops.fit_loop:run:65 - Epoch 559/640
2026-07-04 13:22:09.536 | INFO     | loops.fit_loop:run:65 - Epoch 560/640
2026-07-04 13:23:23.832 | INFO     | loops.fit_loop:run:65 - Epoch 561/640
2026-07-04 13:24:39.872 | INFO     | loops.fit_loop:run:65 - Epoch 562/640
2026-07-04 13:25:54.447 | INFO     | loops.fit_loop:run:65 - Epoch 563/640
2026-07-04 13:27:07.815 | INFO     | loops.fit_loop:run:65 - Epoch 564/640
2026-07-04 13:27:18.725 | INFO     | callbacks.model_checkpoint:_save_checkpoint:200 - Checkpoint saved: last.ckpt duration_ms=1678.55 size_mb=969.49
2026-07-04 13:28:26.964 | INFO     | loops.fit_loop:run:65 - Epoch 565/640
2026-07-04 13:29:41.655 | INFO     | loops.fit_loop:run:65 - Epoch 566/640
2026-07-04 13:30:57.791 | INFO     | loops.fit_loop:run:65 - Epoch 567/640
2026-07-04 13:32:13.096 | INFO     | loops.fit_loop:run:65 - Epoch 568/640
2026-07-04 13:33:28.364 | INFO     | loops.fit_loop:run:65 - Epoch 569/640
2026-07-04 13:34:45.200 | INFO     | loops.fit_loop:run:65 - Epoch 570/640
2026-07-04 13:36:00.072 | INFO     | loops.fit_loop:run:65 - Epoch 571/640
2026-07-04 13:37:16.433 | INFO     | loops.fit_loop:run:65 - Epoch 572/640
2026-07-04 13:38:30.519 | INFO     | loops.fit_loop:run:65 - Epoch 573/640
2026-07-04 13:39:44.570 | INFO     | loops.fit_loop:run:65 - Epoch 574/640
2026-07-04 13:41:00.701 | INFO     | loops.fit_loop:run:65 - Epoch 575/640
2026-07-04 13:42:15.903 | INFO     | loops.fit_loop:run:65 - Epoch 576/640
2026-07-04 13:43:27.489 | INFO     | callbacks.model_checkpoint:_save_checkpoint:200 - Checkpoint saved: last.ckpt duration_ms=1716.28 size_mb=969.49
2026-07-04 13:43:33.109 | INFO     | loops.fit_loop:run:65 - Epoch 577/640
2026-07-04 13:44:48.618 | INFO     | loops.fit_loop:run:65 - Epoch 578/640
2026-07-04 13:46:02.818 | INFO     | loops.fit_loop:run:65 - Epoch 579/640
2026-07-04 13:47:18.266 | INFO     | loops.fit_loop:run:65 - Epoch 580/640
2026-07-04 13:48:33.031 | INFO     | loops.fit_loop:run:65 - Epoch 581/640
2026-07-04 13:49:46.945 | INFO     | loops.fit_loop:run:65 - Epoch 582/640
2026-07-04 13:51:02.275 | INFO     | loops.fit_loop:run:65 - Epoch 583/640
2026-07-04 13:52:16.529 | INFO     | loops.fit_loop:run:65 - Epoch 584/640
2026-07-04 13:53:32.198 | INFO     | loops.fit_loop:run:65 - Epoch 585/640
2026-07-04 13:54:46.258 | INFO     | loops.fit_loop:run:65 - Epoch 586/640
2026-07-04 13:56:01.695 | INFO     | loops.fit_loop:run:65 - Epoch 587/640
2026-07-04 13:57:17.943 | INFO     | loops.fit_loop:run:65 - Epoch 588/640
2026-07-04 13:58:32.925 | INFO     | loops.fit_loop:run:65 - Epoch 589/640
2026-07-04 13:59:31.751 | INFO     | callbacks.model_checkpoint:_save_checkpoint:200 - Checkpoint saved: last.ckpt duration_ms=1732.71 size_mb=969.49
2026-07-04 13:59:33.737 | INFO     | callbacks.model_checkpoint:_save_checkpoint:200 - Checkpoint saved: checkpoint-epoch589-step230000.ckpt duration_ms=1981.64 size_mb=969.49
2026-07-04 13:59:53.290 | INFO     | loops.fit_loop:run:65 - Epoch 590/640
2026-07-04 14:01:07.372 | INFO     | loops.fit_loop:run:65 - Epoch 591/640
2026-07-04 14:02:22.569 | INFO     | loops.fit_loop:run:65 - Epoch 592/640
2026-07-04 14:03:39.379 | INFO     | loops.fit_loop:run:65 - Epoch 593/640
2026-07-04 14:04:53.823 | INFO     | loops.fit_loop:run:65 - Epoch 594/640
2026-07-04 14:06:10.240 | INFO     | loops.fit_loop:run:65 - Epoch 595/640
2026-07-04 14:07:24.988 | INFO     | loops.fit_loop:run:65 - Epoch 596/640
2026-07-04 14:08:40.521 | INFO     | loops.fit_loop:run:65 - Epoch 597/640
2026-07-04 14:09:56.596 | INFO     | loops.fit_loop:run:65 - Epoch 598/640
2026-07-04 14:11:11.556 | INFO     | loops.fit_loop:run:65 - Epoch 599/640
2026-07-04 14:12:28.208 | INFO     | loops.fit_loop:run:65 - Epoch 600/640
2026-07-04 14:13:47.903 | INFO     | loops.fit_loop:run:65 - Epoch 601/640
2026-07-04 14:15:02.199 | INFO     | loops.fit_loop:run:65 - Epoch 602/640
2026-07-04 14:15:47.070 | INFO     | callbacks.model_checkpoint:_save_checkpoint:200 - Checkpoint saved: last.ckpt duration_ms=1695.37 size_mb=969.49
2026-07-04 14:15:48.707 | INFO     | callbacks.model_checkpoint:_save_checkpoint:200 - Checkpoint saved: checkpoint-epoch602-step235000.ckpt duration_ms=1632.85 size_mb=969.49
2026-07-04 14:16:21.037 | INFO     | loops.fit_loop:run:65 - Epoch 603/640
2026-07-04 14:17:34.397 | INFO     | loops.fit_loop:run:65 - Epoch 604/640
2026-07-04 14:18:48.193 | INFO     | loops.fit_loop:run:65 - Epoch 605/640
2026-07-04 14:20:09.477 | INFO     | loops.fit_loop:run:65 - Epoch 606/640
2026-07-04 14:21:25.495 | INFO     | loops.fit_loop:run:65 - Epoch 607/640
2026-07-04 14:22:42.528 | INFO     | loops.fit_loop:run:65 - Epoch 608/640
2026-07-04 14:23:56.317 | INFO     | loops.fit_loop:run:65 - Epoch 609/640
2026-07-04 14:25:10.801 | INFO     | loops.fit_loop:run:65 - Epoch 610/640
2026-07-04 14:26:28.148 | INFO     | loops.fit_loop:run:65 - Epoch 611/640
2026-07-04 14:27:44.706 | INFO     | loops.fit_loop:run:65 - Epoch 612/640
2026-07-04 14:28:59.978 | INFO     | loops.fit_loop:run:65 - Epoch 613/640
2026-07-04 14:30:13.439 | INFO     | loops.fit_loop:run:65 - Epoch 614/640
2026-07-04 14:31:27.216 | INFO     | loops.fit_loop:run:65 - Epoch 615/640
2026-07-04 14:31:59.305 | INFO     | callbacks.model_checkpoint:_save_checkpoint:200 - Checkpoint saved: last.ckpt duration_ms=1961.15 size_mb=969.49
2026-07-04 14:32:01.254 | INFO     | callbacks.model_checkpoint:_save_checkpoint:200 - Checkpoint saved: checkpoint-epoch615-step240000.ckpt duration_ms=1944.75 size_mb=969.49
2026-07-04 14:32:47.049 | INFO     | loops.fit_loop:run:65 - Epoch 616/640
2026-07-04 14:34:00.940 | INFO     | loops.fit_loop:run:65 - Epoch 617/640
2026-07-04 14:35:16.187 | INFO     | loops.fit_loop:run:65 - Epoch 618/640
2026-07-04 14:36:29.781 | INFO     | loops.fit_loop:run:65 - Epoch 619/640
2026-07-04 14:37:43.402 | INFO     | loops.fit_loop:run:65 - Epoch 620/640
2026-07-04 14:38:58.540 | INFO     | loops.fit_loop:run:65 - Epoch 621/640
2026-07-04 14:40:12.349 | INFO     | loops.fit_loop:run:65 - Epoch 622/640
2026-07-04 14:41:26.734 | INFO     | loops.fit_loop:run:65 - Epoch 623/640
2026-07-04 14:42:43.512 | INFO     | loops.fit_loop:run:65 - Epoch 624/640
2026-07-04 14:43:57.184 | INFO     | loops.fit_loop:run:65 - Epoch 625/640
2026-07-04 14:45:14.236 | INFO     | loops.fit_loop:run:65 - Epoch 626/640
2026-07-04 14:46:36.492 | INFO     | loops.fit_loop:run:65 - Epoch 627/640
2026-07-04 14:47:50.205 | INFO     | loops.fit_loop:run:65 - Epoch 628/640
2026-07-04 14:48:09.073 | INFO     | callbacks.model_checkpoint:_save_checkpoint:200 - Checkpoint saved: last.ckpt duration_ms=1617.29 size_mb=969.49
2026-07-04 14:49:07.794 | INFO     | loops.fit_loop:run:65 - Epoch 629/640
2026-07-04 14:50:21.199 | INFO     | loops.fit_loop:run:65 - Epoch 630/640
2026-07-04 14:51:37.092 | INFO     | loops.fit_loop:run:65 - Epoch 631/640
2026-07-04 14:52:51.388 | INFO     | loops.fit_loop:run:65 - Epoch 632/640
2026-07-04 14:54:05.210 | INFO     | loops.fit_loop:run:65 - Epoch 633/640
2026-07-04 14:55:21.235 | INFO     | loops.fit_loop:run:65 - Epoch 634/640
2026-07-04 14:56:35.442 | INFO     | loops.fit_loop:run:65 - Epoch 635/640
2026-07-04 14:57:52.127 | INFO     | loops.fit_loop:run:65 - Epoch 636/640
2026-07-04 14:59:05.914 | INFO     | loops.fit_loop:run:65 - Epoch 637/640
2026-07-04 15:00:19.838 | INFO     | loops.fit_loop:run:65 - Epoch 638/640
2026-07-04 15:01:35.365 | INFO     | loops.fit_loop:run:65 - Epoch 639/640
2026-07-04 15:02:49.515 | INFO     | loops.fit_loop:run:65 - Epoch 640/640
2026-07-04 15:04:03.471 | INFO     | vocode.trainers.reproduction_training_runner:_run_training:160 - Project-trained reproduction checkpoint written for hifigan_v1 seed=1234; checkpoint metadata recorded
2026-07-04 15:04:03.587 | INFO     | vocode.trainers.scratch_reproduction_runner:_finalize_experiment_log:132 - Experiment vocode_checkpoint01_training_reproduction finished. Rows written: 1. Elapsed: 25506.6s
